<?xml version="1.0"?>
<link_info>
   <banner>MSP430 Linker Unix v15.12.1.LTS</banner>
   <copyright>Copyright (c) 2003-2015 Texas Instruments Incorporated</copyright>
   <link_time>0x58dc67e6</link_time>
   <link_errors>0x0</link_errors>
   <output_file>nfc-eink-img-update-demo.out</output_file>
   <entry_point>
      <name>_c_int00_noargs_noexit</name>
      <address>0x9546</address>
   </entry_point>
   <input_file_list>
      <input_file id="fl-2">
         <path>./</path>
         <kind>object</kind>
         <file>main.obj</file>
         <name>main.obj</name>
      </input_file>
      <input_file id="fl-3">
         <path>./NFC_protocol/</path>
         <kind>object</kind>
         <file>RX_ISR.obj</file>
         <name>RX_ISR.obj</name>
      </input_file>
      <input_file id="fl-4">
         <path>./NFC_protocol/</path>
         <kind>object</kind>
         <file>_14443_B.obj</file>
         <name>_14443_B.obj</name>
      </input_file>
      <input_file id="fl-5">
         <path>./NFC_protocol/</path>
         <kind>object</kind>
         <file>_14443_B_protocol.obj</file>
         <name>_14443_B_protocol.obj</name>
      </input_file>
      <input_file id="fl-6">
         <path>./NFC_protocol/</path>
         <kind>object</kind>
         <file>crc_checker.obj</file>
         <name>crc_checker.obj</name>
      </input_file>
      <input_file id="fl-7">
         <path>./NFC_protocol/</path>
         <kind>object</kind>
         <file>doNFC.obj</file>
         <name>doNFC.obj</name>
      </input_file>
      <input_file id="fl-8">
         <path>./NFC_protocol/</path>
         <kind>object</kind>
         <file>send_bpsk.obj</file>
         <name>send_bpsk.obj</name>
      </input_file>
      <input_file id="fl-9">
         <path>./UserApp/</path>
         <kind>object</kind>
         <file>myApp.obj</file>
         <name>myApp.obj</name>
      </input_file>
      <input_file id="fl-a">
         <path>./UserApp/</path>
         <kind>object</kind>
         <file>myE-paperApp.obj</file>
         <name>myE-paperApp.obj</name>
      </input_file>
      <input_file id="fl-b">
         <path>./UserApp/</path>
         <kind>object</kind>
         <file>myNFC_Protocol.obj</file>
         <name>myNFC_Protocol.obj</name>
      </input_file>
      <input_file id="fl-c">
         <path>./UserApp/</path>
         <kind>object</kind>
         <file>tempSense.obj</file>
         <name>tempSense.obj</name>
      </input_file>
      <input_file id="fl-d">
         <path>./common/</path>
         <kind>object</kind>
         <file>_system_pre_init.obj</file>
         <name>_system_pre_init.obj</name>
      </input_file>
      <input_file id="fl-e">
         <path>./common/</path>
         <kind>object</kind>
         <file>accel.obj</file>
         <name>accel.obj</name>
      </input_file>
      <input_file id="fl-f">
         <path>./common/</path>
         <kind>object</kind>
         <file>e-paper.obj</file>
         <name>e-paper.obj</name>
      </input_file>
      <input_file id="fl-10">
         <path>./common/</path>
         <kind>object</kind>
         <file>fram_memory.obj</file>
         <name>fram_memory.obj</name>
      </input_file>
      <input_file id="fl-11">
         <path>./common/</path>
         <kind>object</kind>
         <file>globals.obj</file>
         <name>globals.obj</name>
      </input_file>
      <input_file id="fl-12">
         <path>./common/</path>
         <kind>object</kind>
         <file>spi.obj</file>
         <name>spi.obj</name>
      </input_file>
      <input_file id="fl-13">
         <path>./common/</path>
         <kind>object</kind>
         <file>timer.obj</file>
         <name>timer.obj</name>
      </input_file>
      <input_file id="fl-2f">
         <path>/Applications/ti/ccsv6/tools/compiler/ti-cgt-msp430_15.12.1.LTS/lib/</path>
         <kind>archive</kind>
         <file>rts430x_sc_sd_eabi.lib</file>
         <name>boot.obj</name>
      </input_file>
      <input_file id="fl-30">
         <path>/Applications/ti/ccsv6/tools/compiler/ti-cgt-msp430_15.12.1.LTS/lib/</path>
         <kind>archive</kind>
         <file>rts430x_sc_sd_eabi.lib</file>
         <name>boot_special.obj</name>
      </input_file>
      <input_file id="fl-31">
         <path>/Applications/ti/ccsv6/tools/compiler/ti-cgt-msp430_15.12.1.LTS/lib/</path>
         <kind>archive</kind>
         <file>rts430x_sc_sd_eabi.lib</file>
         <name>copy_decompress_none.obj</name>
      </input_file>
      <input_file id="fl-32">
         <path>/Applications/ti/ccsv6/tools/compiler/ti-cgt-msp430_15.12.1.LTS/lib/</path>
         <kind>archive</kind>
         <file>rts430x_sc_sd_eabi.lib</file>
         <name>copy_decompress_rle.obj</name>
      </input_file>
      <input_file id="fl-33">
         <path>/Applications/ti/ccsv6/tools/compiler/ti-cgt-msp430_15.12.1.LTS/lib/</path>
         <kind>archive</kind>
         <file>rts430x_sc_sd_eabi.lib</file>
         <name>copy_zero_init.obj</name>
      </input_file>
      <input_file id="fl-34">
         <path>/Applications/ti/ccsv6/tools/compiler/ti-cgt-msp430_15.12.1.LTS/lib/</path>
         <kind>archive</kind>
         <file>rts430x_sc_sd_eabi.lib</file>
         <name>exit.obj</name>
      </input_file>
      <input_file id="fl-35">
         <path>/Applications/ti/ccsv6/tools/compiler/ti-cgt-msp430_15.12.1.LTS/lib/</path>
         <kind>archive</kind>
         <file>rts430x_sc_sd_eabi.lib</file>
         <name>exit_gvars.obj</name>
      </input_file>
      <input_file id="fl-36">
         <path>/Applications/ti/ccsv6/tools/compiler/ti-cgt-msp430_15.12.1.LTS/lib/</path>
         <kind>archive</kind>
         <file>rts430x_sc_sd_eabi.lib</file>
         <name>memcpy.obj</name>
      </input_file>
      <input_file id="fl-37">
         <path>/Applications/ti/ccsv6/tools/compiler/ti-cgt-msp430_15.12.1.LTS/lib/</path>
         <kind>archive</kind>
         <file>rts430x_sc_sd_eabi.lib</file>
         <name>memset.obj</name>
      </input_file>
      <input_file id="fl-38">
         <path>/Applications/ti/ccsv6/tools/compiler/ti-cgt-msp430_15.12.1.LTS/lib/</path>
         <kind>archive</kind>
         <file>rts430x_sc_sd_eabi.lib</file>
         <name>mpu_init.obj</name>
      </input_file>
      <input_file id="fl-39">
         <path>/Applications/ti/ccsv6/tools/compiler/ti-cgt-msp430_15.12.1.LTS/lib/</path>
         <kind>archive</kind>
         <file>rts430x_sc_sd_eabi.lib</file>
         <name>mult16.obj</name>
      </input_file>
      <input_file id="fl-3a">
         <path>/Applications/ti/ccsv6/tools/compiler/ti-cgt-msp430_15.12.1.LTS/lib/</path>
         <kind>archive</kind>
         <file>rts430x_sc_sd_eabi.lib</file>
         <name>mult1632_f5hw.obj</name>
      </input_file>
      <input_file id="fl-3b">
         <path>/Applications/ti/ccsv6/tools/compiler/ti-cgt-msp430_15.12.1.LTS/lib/</path>
         <kind>archive</kind>
         <file>rts430x_sc_sd_eabi.lib</file>
         <name>mult16_f5hw.obj</name>
      </input_file>
      <input_file id="fl-3c">
         <path>/Applications/ti/ccsv6/tools/compiler/ti-cgt-msp430_15.12.1.LTS/lib/</path>
         <kind>archive</kind>
         <file>rts430x_sc_sd_eabi.lib</file>
         <name>mult3264_f5hw.obj</name>
      </input_file>
      <input_file id="fl-3d">
         <path>/Applications/ti/ccsv6/tools/compiler/ti-cgt-msp430_15.12.1.LTS/lib/</path>
         <kind>archive</kind>
         <file>rts430x_sc_sd_eabi.lib</file>
         <name>mult32_f5hw.obj</name>
      </input_file>
      <input_file id="fl-3e">
         <path>/Applications/ti/ccsv6/tools/compiler/ti-cgt-msp430_15.12.1.LTS/lib/</path>
         <kind>archive</kind>
         <file>rts430x_sc_sd_eabi.lib</file>
         <name>mult64_f5hw.obj</name>
      </input_file>
      <input_file id="fl-3f">
         <path>/Applications/ti/ccsv6/tools/compiler/ti-cgt-msp430_15.12.1.LTS/lib/</path>
         <kind>archive</kind>
         <file>rts430x_sc_sd_eabi.lib</file>
         <name>_lock.obj</name>
      </input_file>
      <input_file id="fl-40">
         <path>/Applications/ti/ccsv6/tools/compiler/ti-cgt-msp430_15.12.1.LTS/lib/</path>
         <kind>archive</kind>
         <file>rts430x_sc_sd_eabi.lib</file>
         <name>args_main.obj</name>
      </input_file>
      <input_file id="fl-41">
         <path>/Applications/ti/ccsv6/tools/compiler/ti-cgt-msp430_15.12.1.LTS/lib/</path>
         <kind>archive</kind>
         <file>rts430x_sc_sd_eabi.lib</file>
         <name>autoinit_wdt.obj</name>
      </input_file>
      <input_file id="fl-42">
         <path>/Applications/ti/ccsv6/tools/compiler/ti-cgt-msp430_15.12.1.LTS/lib/</path>
         <kind>archive</kind>
         <file>rts430x_sc_sd_eabi.lib</file>
         <name>cpy_tbl.obj</name>
      </input_file>
      <input_file id="fl-43">
         <path>/Applications/ti/ccsv6/tools/compiler/ti-cgt-msp430_15.12.1.LTS/lib/</path>
         <kind>archive</kind>
         <file>rts430x_sc_sd_eabi.lib</file>
         <name>startup.obj</name>
      </input_file>
   </input_file_list>
   <object_component_list>
      <object_component id="oc-500">
         <name>.bss</name>
         <uninitialized>true</uninitialized>
         <run_address>0x27f4</run_address>
         <size>0x6</size>
         <input_file_ref idref="fl-5"/>
      </object_component>
      <object_component id="oc-583">
         <name>.bss:tmp_buffer</name>
         <uninitialized>true</uninitialized>
         <run_address>0x2560</run_address>
         <size>0x1f4</size>
         <input_file_ref idref="fl-5"/>
      </object_component>
      <object_component id="oc-505">
         <name>.bss</name>
         <uninitialized>true</uninitialized>
         <run_address>0x27fa</run_address>
         <size>0x4</size>
         <input_file_ref idref="fl-b"/>
      </object_component>
      <object_component id="oc-3cc">
         <name>.bss</name>
         <uninitialized>true</uninitialized>
         <run_address>0x280e</run_address>
         <size>0x2</size>
         <input_file_ref idref="fl-c"/>
      </object_component>
      <object_component id="oc-3b9">
         <name>.bss:spiSM</name>
         <uninitialized>true</uninitialized>
         <run_address>0x27e6</run_address>
         <size>0xe</size>
         <input_file_ref idref="fl-12"/>
      </object_component>
      <object_component id="oc-398">
         <name>.common:TXByteCtr</name>
         <uninitialized>true</uninitialized>
         <run_address>0x281e</run_address>
         <size>0x1</size>
      </object_component>
      <object_component id="oc-3b7">
         <name>.common:RXByteCtr</name>
         <uninitialized>true</uninitialized>
         <run_address>0x281d</run_address>
         <size>0x1</size>
      </object_component>
      <object_component id="oc-612">
         <name>.common:TXData</name>
         <uninitialized>true</uninitialized>
         <run_address>0x281f</run_address>
         <size>0x1</size>
      </object_component>
      <object_component id="oc-3b5">
         <name>.common:MODE</name>
         <uninitialized>true</uninitialized>
         <run_address>0x2810</run_address>
         <size>0x2</size>
      </object_component>
      <object_component id="oc-3b8">
         <name>.common:PRxData</name>
         <uninitialized>true</uninitialized>
         <run_address>0x27fe</run_address>
         <size>0x4</size>
      </object_component>
      <object_component id="oc-3b6">
         <name>.common:PTxData</name>
         <uninitialized>true</uninitialized>
         <run_address>0x2812</run_address>
         <size>0x2</size>
      </object_component>
      <object_component id="oc-41e">
         <name>.common:sample_req</name>
         <uninitialized>true</uninitialized>
         <run_address>0x2829</run_address>
         <size>0x1</size>
      </object_component>
      <object_component id="oc-41f">
         <name>.common:fram_addr</name>
         <uninitialized>true</uninitialized>
         <run_address>0x2806</run_address>
         <size>0x4</size>
      </object_component>
      <object_component id="oc-4fe">
         <name>.common:read_command_number</name>
         <uninitialized>true</uninitialized>
         <run_address>0x2828</run_address>
         <size>0x1</size>
      </object_component>
      <object_component id="oc-4fd">
         <name>.common:CID</name>
         <uninitialized>true</uninitialized>
         <run_address>0x281c</run_address>
         <size>0x1</size>
      </object_component>
      <object_component id="oc-4ff">
         <name>.common:pcd_max_frame_size</name>
         <uninitialized>true</uninitialized>
         <run_address>0x2818</run_address>
         <size>0x2</size>
      </object_component>
      <object_component id="oc-503">
         <name>.common:lastTxIndex</name>
         <uninitialized>true</uninitialized>
         <run_address>0x2826</run_address>
         <size>0x1</size>
      </object_component>
      <object_component id="oc-3bd">
         <name>.common:doNFC_state</name>
         <uninitialized>true</uninitialized>
         <run_address>0x2824</run_address>
         <size>0x1</size>
      </object_component>
      <object_component id="oc-394">
         <name>.common:debug_interrupt</name>
         <uninitialized>true</uninitialized>
         <run_address>0x2823</run_address>
         <size>0x1</size>
      </object_component>
      <object_component id="oc-3c4">
         <name>.common:rx_buffer</name>
         <uninitialized>true</uninitialized>
         <run_address>0x2754</run_address>
         <size>0x40</size>
      </object_component>
      <object_component id="oc-509">
         <name>.common:transmitCommand</name>
         <uninitialized>true</uninitialized>
         <run_address>0x2794</run_address>
         <size>0x40</size>
      </object_component>
      <object_component id="oc-4fc">
         <name>.common:uid</name>
         <uninitialized>true</uninitialized>
         <run_address>0x280a</run_address>
         <size>0x4</size>
      </object_component>
      <object_component id="oc-50a">
         <name>.common:bpsk_ct</name>
         <uninitialized>true</uninitialized>
         <run_address>0x2821</run_address>
         <size>0x1</size>
      </object_component>
      <object_component id="oc-50b">
         <name>.common:next_bit_value</name>
         <uninitialized>true</uninitialized>
         <run_address>0x2827</run_address>
         <size>0x1</size>
      </object_component>
      <object_component id="oc-50c">
         <name>.common:bpsk_send_bit_count</name>
         <uninitialized>true</uninitialized>
         <run_address>0x2822</run_address>
         <size>0x1</size>
      </object_component>
      <object_component id="oc-582">
         <name>.common:numberOfBitsTX</name>
         <uninitialized>true</uninitialized>
         <run_address>0x2816</run_address>
         <size>0x2</size>
      </object_component>
      <object_component id="oc-599">
         <name>.common:timer</name>
         <uninitialized>true</uninitialized>
         <run_address>0x281a</run_address>
         <size>0x2</size>
      </object_component>
      <object_component id="oc-3c7">
         <name>.common:RTC_ctr</name>
         <uninitialized>true</uninitialized>
         <run_address>0x2802</run_address>
         <size>0x4</size>
      </object_component>
      <object_component id="oc-3c8">
         <name>.common:senseState</name>
         <uninitialized>true</uninitialized>
         <run_address>0x282a</run_address>
         <size>0x1</size>
      </object_component>
      <object_component id="oc-3c5">
         <name>.common:accelState</name>
         <uninitialized>true</uninitialized>
         <run_address>0x2820</run_address>
         <size>0x1</size>
      </object_component>
      <object_component id="oc-390">
         <name>.common:bad_interrupts</name>
         <uninitialized>true</uninitialized>
         <run_address>0x2814</run_address>
         <size>0x2</size>
      </object_component>
      <object_component id="oc-4e7">
         <name>.common:imageBuffer</name>
         <uninitialized>true</uninitialized>
         <run_address>0x1c00</run_address>
         <size>0x960</size>
      </object_component>
      <object_component id="oc-3c9">
         <name>.common:imageUpdateState</name>
         <uninitialized>true</uninitialized>
         <run_address>0x2825</run_address>
         <size>0x1</size>
      </object_component>
      <object_component id="oc-4bc">
         <name>.common:gpRxBuf</name>
         <uninitialized>true</uninitialized>
         <run_address>0x27d4</run_address>
         <size>0x12</size>
      </object_component>
      <object_component id="oc-3c1">
         <name>.data</name>
         <load_address>0x282b</load_address>
         <run_address>0x282b</run_address>
         <size>0x1</size>
         <input_file_ref idref="fl-4"/>
      </object_component>
      <object_component id="oc-3be">
         <name>.data</name>
         <load_address>0x282c</load_address>
         <run_address>0x282c</run_address>
         <size>0x1</size>
         <input_file_ref idref="fl-7"/>
      </object_component>
      <object_component id="oc-2f6">
         <name>.stack</name>
         <uninitialized>true</uninitialized>
         <run_address>0x3390</run_address>
         <size>0x2</size>
         <input_file_ref idref="fl-2f"/>
      </object_component>
      <object_component id="oc-68d">
         <name>.stack</name>
         <uninitialized>true</uninitialized>
         <run_address>0x3390</run_address>
         <size>0x0</size>
      </object_component>
      <object_component id="oc-532">
         <name>.text:_14443_B_protocol</name>
         <load_address>0x8000</load_address>
         <run_address>0x8000</run_address>
         <size>0x1de</size>
         <input_file_ref idref="fl-5"/>
      </object_component>
      <object_component id="oc-5b6">
         <name>.text:EPD_line</name>
         <load_address>0x81de</load_address>
         <run_address>0x81de</run_address>
         <size>0x1d6</size>
         <input_file_ref idref="fl-f"/>
      </object_component>
      <object_component id="oc-538">
         <name>.text:send_bpsk</name>
         <load_address>0x83b4</load_address>
         <run_address>0x83b4</run_address>
         <size>0x16e</size>
         <input_file_ref idref="fl-8"/>
      </object_component>
      <object_component id="oc-326">
         <name>.text</name>
         <load_address>0x8522</load_address>
         <run_address>0x8522</run_address>
         <size>0x142</size>
         <input_file_ref idref="fl-3"/>
      </object_component>
      <object_component id="oc-586">
         <name>.text:nfc_wisp_protocol</name>
         <load_address>0x8664</load_address>
         <run_address>0x8664</run_address>
         <size>0xfc</size>
         <input_file_ref idref="fl-b"/>
      </object_component>
      <object_component id="oc-5a7">
         <name>.text:EPD_initialize_driver</name>
         <load_address>0x8760</load_address>
         <run_address>0x8760</run_address>
         <size>0xea</size>
         <input_file_ref idref="fl-f"/>
      </object_component>
      <object_component id="oc-320">
         <name>.text:USCI_B1_ISR</name>
         <load_address>0x884a</load_address>
         <run_address>0x884a</run_address>
         <size>0xdc</size>
         <input_file_ref idref="fl-12"/>
      </object_component>
      <object_component id="oc-54e">
         <name>.text:EPD_power_off</name>
         <load_address>0x8926</load_address>
         <run_address>0x8926</run_address>
         <size>0xae</size>
         <input_file_ref idref="fl-f"/>
      </object_component>
      <object_component id="oc-344">
         <name>.text:_system_pre_init</name>
         <load_address>0x89d4</load_address>
         <run_address>0x89d4</run_address>
         <size>0xaa</size>
         <input_file_ref idref="fl-d"/>
      </object_component>
      <object_component id="oc-5e5">
         <name>.text:SPI_FRAM_Read_Memory_func</name>
         <load_address>0x8a7e</load_address>
         <run_address>0x8a7e</run_address>
         <size>0x86</size>
         <input_file_ref idref="fl-10"/>
      </object_component>
      <object_component id="oc-5fc">
         <name>.text:epd_spi_send</name>
         <load_address>0x8b04</load_address>
         <run_address>0x8b04</run_address>
         <size>0x84</size>
         <input_file_ref idref="fl-12"/>
      </object_component>
      <object_component id="oc-34a">
         <name>.text:_auto_init_hold_wdt</name>
         <load_address>0x8b88</load_address>
         <run_address>0x8b88</run_address>
         <size>0x7e</size>
         <input_file_ref idref="fl-41"/>
      </object_component>
      <object_component id="oc-4da">
         <name>.text:sleep_until_read</name>
         <load_address>0x8c06</load_address>
         <run_address>0x8c06</run_address>
         <size>0x76</size>
         <input_file_ref idref="fl-7"/>
      </object_component>
      <object_component id="oc-5df">
         <name>.text:SPI_FRAM_Write_Memory</name>
         <load_address>0x8c7c</load_address>
         <run_address>0x8c7c</run_address>
         <size>0x72</size>
         <input_file_ref idref="fl-10"/>
      </object_component>
      <object_component id="oc-4e0">
         <name>.text:doRFID_14443B</name>
         <load_address>0x8cee</load_address>
         <run_address>0x8cee</run_address>
         <size>0x70</size>
         <input_file_ref idref="fl-7"/>
      </object_component>
      <object_component id="oc-307">
         <name>.text:__TI_decompress_rle_core</name>
         <load_address>0x8d5e</load_address>
         <run_address>0x8d5e</run_address>
         <size>0x62</size>
         <input_file_ref idref="fl-32"/>
      </object_component>
      <object_component id="oc-400">
         <name>.text:SPI_initialize</name>
         <load_address>0x8dc0</load_address>
         <run_address>0x8dc0</run_address>
         <size>0x60</size>
         <input_file_ref idref="fl-12"/>
      </object_component>
      <object_component id="oc-5bd">
         <name>.text:epd_spi_send_byte</name>
         <load_address>0x8e20</load_address>
         <run_address>0x8e20</run_address>
         <size>0x60</size>
         <input_file_ref idref="fl-12"/>
      </object_component>
      <object_component id="oc-5f6">
         <name>.text:SPI_READ</name>
         <load_address>0x8e80</load_address>
         <run_address>0x8e80</run_address>
         <size>0x5e</size>
         <input_file_ref idref="fl-12"/>
      </object_component>
      <object_component id="oc-32b">
         <name>.text:timeOutISR</name>
         <load_address>0x8ede</load_address>
         <run_address>0x8ede</run_address>
         <size>0x5c</size>
         <input_file_ref idref="fl-13"/>
      </object_component>
      <object_component id="oc-3d3">
         <name>.text:copy_in</name>
         <load_address>0x8f3a</load_address>
         <run_address>0x8f3a</run_address>
         <size>0x58</size>
         <input_file_ref idref="fl-42"/>
      </object_component>
      <object_component id="oc-526">
         <name>.text:doNFC_Rx</name>
         <load_address>0x8f92</load_address>
         <run_address>0x8f92</run_address>
         <size>0x58</size>
         <input_file_ref idref="fl-4"/>
      </object_component>
      <object_component id="oc-364">
         <name>.text:main</name>
         <load_address>0x8fea</load_address>
         <run_address>0x8fea</run_address>
         <size>0x52</size>
         <input_file_ref idref="fl-2"/>
      </object_component>
      <object_component id="oc-563">
         <name>.text:SPI_SlaveOff</name>
         <load_address>0x903c</load_address>
         <run_address>0x903c</run_address>
         <size>0x50</size>
         <input_file_ref idref="fl-12"/>
      </object_component>
      <object_component id="oc-5cd">
         <name>.text:I2C_Rx</name>
         <load_address>0x908c</load_address>
         <run_address>0x908c</run_address>
         <size>0x4e</size>
         <input_file_ref idref="fl-12"/>
      </object_component>
      <object_component id="oc-548">
         <name>.text:EPD_frame_newImg</name>
         <load_address>0x90da</load_address>
         <run_address>0x90da</run_address>
         <size>0x4c</size>
         <input_file_ref idref="fl-f"/>
      </object_component>
      <object_component id="oc-52c">
         <name>.text:hw_crc_validate</name>
         <load_address>0x9126</load_address>
         <run_address>0x9126</run_address>
         <size>0x4c</size>
         <input_file_ref idref="fl-6"/>
      </object_component>
      <object_component id="oc-4b5">
         <name>.text:initialize_bpsk</name>
         <load_address>0x9172</load_address>
         <run_address>0x9172</run_address>
         <size>0x48</size>
         <input_file_ref idref="fl-8"/>
      </object_component>
      <object_component id="oc-520">
         <name>.text:sleep_until_edges</name>
         <load_address>0x91ba</load_address>
         <run_address>0x91ba</run_address>
         <size>0x42</size>
         <input_file_ref idref="fl-7"/>
      </object_component>
      <object_component id="oc-592">
         <name>.text:hw_crc_ccitt</name>
         <load_address>0x91fc</load_address>
         <run_address>0x91fc</run_address>
         <size>0x40</size>
         <input_file_ref idref="fl-6"/>
      </object_component>
      <object_component id="oc-331">
         <name>.text:timeTrackingISR</name>
         <load_address>0x923c</load_address>
         <run_address>0x923c</run_address>
         <size>0x40</size>
         <input_file_ref idref="fl-13"/>
      </object_component>
      <object_component id="oc-5a1">
         <name>.text:EPD_power_on</name>
         <load_address>0x927c</load_address>
         <run_address>0x927c</run_address>
         <size>0x3e</size>
         <input_file_ref idref="fl-f"/>
      </object_component>
      <object_component id="oc-418">
         <name>.text:I2C_Tx</name>
         <load_address>0x92ba</load_address>
         <run_address>0x92ba</run_address>
         <size>0x3e</size>
         <input_file_ref idref="fl-12"/>
      </object_component>
      <object_component id="oc-40c">
         <name>.text:I2C_config</name>
         <load_address>0x92f8</load_address>
         <run_address>0x92f8</run_address>
         <size>0x3a</size>
         <input_file_ref idref="fl-12"/>
      </object_component>
      <object_component id="oc-514">
         <name>.text:SPI_transaction</name>
         <load_address>0x9332</load_address>
         <run_address>0x9332</run_address>
         <size>0x38</size>
         <input_file_ref idref="fl-12"/>
      </object_component>
      <object_component id="oc-4a9">
         <name>.text:initialize_14443_B_protocol</name>
         <load_address>0x936a</load_address>
         <run_address>0x936a</run_address>
         <size>0x38</size>
         <input_file_ref idref="fl-5"/>
      </object_component>
      <object_component id="oc-4e8">
         <name>.text:updateDisplay2</name>
         <load_address>0x93a2</load_address>
         <run_address>0x93a2</run_address>
         <size>0x32</size>
         <input_file_ref idref="fl-a"/>
      </object_component>
      <object_component id="oc-55d">
         <name>.text:SPI_SlaveOn</name>
         <load_address>0x93d4</load_address>
         <run_address>0x93d4</run_address>
         <size>0x30</size>
         <input_file_ref idref="fl-12"/>
      </object_component>
      <object_component id="oc-5b0">
         <name>.text:EPD_frame_fixed</name>
         <load_address>0x9404</load_address>
         <run_address>0x9404</run_address>
         <size>0x2a</size>
         <input_file_ref idref="fl-f"/>
      </object_component>
      <object_component id="oc-5d9">
         <name>.text:SPI_FRAM_Write_Enable_Latch</name>
         <load_address>0x942e</load_address>
         <run_address>0x942e</run_address>
         <size>0x28</size>
         <input_file_ref idref="fl-10"/>
      </object_component>
      <object_component id="oc-426">
         <name>.text:Demo2</name>
         <load_address>0x9456</load_address>
         <run_address>0x9456</run_address>
         <size>0x22</size>
         <input_file_ref idref="fl-9"/>
      </object_component>
      <object_component id="oc-607">
         <name>.text:SPI_put_wait</name>
         <load_address>0x9478</load_address>
         <run_address>0x9478</run_address>
         <size>0x22</size>
         <input_file_ref idref="fl-12"/>
      </object_component>
      <object_component id="oc-579">
         <name>.text:delay_us</name>
         <load_address>0x949a</load_address>
         <run_address>0x949a</run_address>
         <size>0x1e</size>
         <input_file_ref idref="fl-13"/>
      </object_component>
      <object_component id="oc-4af">
         <name>.text:initialize_nfc_wisp_protocol</name>
         <load_address>0x94b8</load_address>
         <run_address>0x94b8</run_address>
         <size>0x1e</size>
         <input_file_ref idref="fl-b"/>
      </object_component>
      <object_component id="oc-4c4">
         <name>.text:lowPowerSleep</name>
         <load_address>0x94d6</load_address>
         <run_address>0x94d6</run_address>
         <size>0x1e</size>
         <input_file_ref idref="fl-13"/>
      </object_component>
      <object_component id="oc-59a">
         <name>.text:next_bit</name>
         <load_address>0x94f4</load_address>
         <run_address>0x94f4</run_address>
         <size>0x1e</size>
         <input_file_ref idref="fl-8"/>
      </object_component>
      <object_component id="oc-337">
         <name>.text:ADC10ISR</name>
         <load_address>0x9512</load_address>
         <run_address>0x9512</run_address>
         <size>0x1a</size>
         <input_file_ref idref="fl-c"/>
      </object_component>
      <object_component id="oc-5d3">
         <name>.text:SPI_FRAM_Wake_Up</name>
         <load_address>0x952c</load_address>
         <run_address>0x952c</run_address>
         <size>0x1a</size>
         <input_file_ref idref="fl-10"/>
      </object_component>
      <object_component id="oc-a9">
         <name>.text:_c_int00_noargs_noexit</name>
         <load_address>0x9546</load_address>
         <run_address>0x9546</run_address>
         <size>0x1a</size>
         <input_file_ref idref="fl-30"/>
      </object_component>
      <object_component id="oc-420">
         <name>.text:doNFC</name>
         <load_address>0x9560</load_address>
         <run_address>0x9560</run_address>
         <size>0x18</size>
         <input_file_ref idref="fl-7"/>
      </object_component>
      <object_component id="oc-412">
         <name>.text:I2C_Tx_config</name>
         <load_address>0x9578</load_address>
         <run_address>0x9578</run_address>
         <size>0x16</size>
         <input_file_ref idref="fl-12"/>
      </object_component>
      <object_component id="oc-4ca">
         <name>.text:SPI_FRAM_Read_Status_Register</name>
         <load_address>0x958e</load_address>
         <run_address>0x958e</run_address>
         <size>0x16</size>
         <input_file_ref idref="fl-10"/>
      </object_component>
      <object_component id="oc-31a">
         <name>.text:LPM3_TimerISR</name>
         <load_address>0x95a4</load_address>
         <run_address>0x95a4</run_address>
         <size>0x14</size>
         <input_file_ref idref="fl-13"/>
      </object_component>
      <object_component id="oc-4bd">
         <name>.text:memset</name>
         <load_address>0x95b8</load_address>
         <run_address>0x95b8</run_address>
         <size>0x14</size>
         <input_file_ref idref="fl-37"/>
      </object_component>
      <object_component id="oc-47a">
         <name>.text</name>
         <load_address>0x95cc</load_address>
         <run_address>0x95cc</run_address>
         <size>0x14</size>
         <input_file_ref idref="fl-3b"/>
      </object_component>
      <object_component id="oc-58c">
         <name>.text:add_pupi</name>
         <load_address>0x95e0</load_address>
         <run_address>0x95e0</run_address>
         <size>0x12</size>
         <input_file_ref idref="fl-5"/>
      </object_component>
      <object_component id="oc-69">
         <name>.text:decompress:none:__TI_decompress_none</name>
         <load_address>0x95f2</load_address>
         <run_address>0x95f2</run_address>
         <size>0x12</size>
         <input_file_ref idref="fl-31"/>
      </object_component>
      <object_component id="oc-3fa">
         <name>.text:initRFID</name>
         <load_address>0x9604</load_address>
         <run_address>0x9604</run_address>
         <size>0x12</size>
         <input_file_ref idref="fl-7"/>
      </object_component>
      <object_component id="oc-2fa">
         <name>.text:memcpy</name>
         <load_address>0x9616</load_address>
         <run_address>0x9616</run_address>
         <size>0x12</size>
         <input_file_ref idref="fl-36"/>
      </object_component>
      <object_component id="oc-56c">
         <name>.text:timeout_init</name>
         <load_address>0x9628</load_address>
         <run_address>0x9628</run_address>
         <size>0x12</size>
         <input_file_ref idref="fl-13"/>
      </object_component>
      <object_component id="oc-4d0">
         <name>.text:SPI_FRAM_Enter_Sleep</name>
         <load_address>0x963a</load_address>
         <run_address>0x963a</run_address>
         <size>0x10</size>
         <input_file_ref idref="fl-10"/>
      </object_component>
      <object_component id="oc-406">
         <name>.text:initFRAM</name>
         <load_address>0x964a</load_address>
         <run_address>0x964a</run_address>
         <size>0x10</size>
         <input_file_ref idref="fl-10"/>
      </object_component>
      <object_component id="oc-5ee">
         <name>.text:shift_mask</name>
         <load_address>0x965a</load_address>
         <run_address>0x965a</run_address>
         <size>0x10</size>
         <input_file_ref idref="fl-8"/>
      </object_component>
      <object_component id="oc-572">
         <name>.text:timeout_halt</name>
         <load_address>0x966a</load_address>
         <run_address>0x966a</run_address>
         <size>0xa</size>
         <input_file_ref idref="fl-13"/>
      </object_component>
      <object_component id="oc-314">
         <name>.text:CATCH_ALL</name>
         <load_address>0x9674</load_address>
         <run_address>0x9674</run_address>
         <size>0x8</size>
         <input_file_ref idref="fl-d"/>
      </object_component>
      <object_component id="oc-53f">
         <name>.text:EPD_power_init</name>
         <load_address>0x967c</load_address>
         <run_address>0x967c</run_address>
         <size>0x8</size>
         <input_file_ref idref="fl-f"/>
      </object_component>
      <object_component id="oc-36c">
         <name>.text:abort</name>
         <load_address>0x9684</load_address>
         <run_address>0x9684</run_address>
         <size>0x6</size>
         <input_file_ref idref="fl-34"/>
      </object_component>
      <object_component id="oc-6f">
         <name>.text:decompress:rle24:__TI_decompress_rle24</name>
         <load_address>0x968a</load_address>
         <run_address>0x968a</run_address>
         <size>0x6</size>
         <input_file_ref idref="fl-32"/>
      </object_component>
      <object_component id="oc-3d9">
         <name>.text:_system_post_cinit</name>
         <load_address>0x9690</load_address>
         <run_address>0x9690</run_address>
         <size>0x2</size>
         <input_file_ref idref="fl-43"/>
      </object_component>
      <object_component id="oc-68b">
         <name>.cinit..bss.load</name>
         <load_address>0x96ac</load_address>
         <run_address>0x96ac</run_address>
         <size>0xb</size>
      </object_component>
      <object_component id="oc-68c">
         <name>.cinit..data.load</name>
         <load_address>0x96b8</load_address>
         <run_address>0x96b8</run_address>
         <size>0x6</size>
      </object_component>
      <object_component id="oc-689">
         <name>__TI_handler_table</name>
         <load_address>0x96be</load_address>
         <run_address>0x96be</run_address>
         <size>0x4</size>
      </object_component>
      <object_component id="oc-68a">
         <name>__TI_cinit_table</name>
         <load_address>0x96c2</load_address>
         <run_address>0x96c2</run_address>
         <size>0x8</size>
      </object_component>
      <object_component id="oc-545">
         <name>.const:cog</name>
         <load_address>0x9692</load_address>
         <run_address>0x9692</run_address>
         <size>0xd</size>
         <input_file_ref idref="fl-f"/>
      </object_component>
      <object_component id="oc-60d">
         <name>.const:.string:SCAN_TABLE</name>
         <load_address>0x96a0</load_address>
         <run_address>0x96a0</run_address>
         <size>0x4</size>
         <input_file_ref idref="fl-f"/>
      </object_component>
      <object_component id="oc-619">
         <name>.const:.string:$P$T0$1</name>
         <load_address>0x96a4</load_address>
         <run_address>0x96a4</run_address>
         <size>0x2</size>
         <input_file_ref idref="fl-12"/>
      </object_component>
      <object_component id="oc-604">
         <name>.const:.string:$P$T1$2</name>
         <load_address>0x96a6</load_address>
         <run_address>0x96a6</run_address>
         <size>0x2</size>
         <input_file_ref idref="fl-f"/>
      </object_component>
      <object_component id="oc-511">
         <name>.const:.string:ReadStatus</name>
         <load_address>0x96a8</load_address>
         <run_address>0x96a8</run_address>
         <size>0x2</size>
         <input_file_ref idref="fl-10"/>
      </object_component>
      <object_component id="oc-51b">
         <name>.const:.string:FRAM_Sleep</name>
         <load_address>0x96aa</load_address>
         <run_address>0x96aa</run_address>
         <size>0x1</size>
         <input_file_ref idref="fl-10"/>
      </object_component>
      <object_component id="oc-75">
         <name>.int41</name>
         <load_address>0xffd2</load_address>
         <run_address>0xffd2</run_address>
         <size>0x2</size>
         <input_file_ref idref="fl-d"/>
      </object_component>
      <object_component id="oc-76">
         <name>.int42</name>
         <load_address>0xffd4</load_address>
         <run_address>0xffd4</run_address>
         <size>0x2</size>
         <input_file_ref idref="fl-d"/>
      </object_component>
      <object_component id="oc-77">
         <name>.int43</name>
         <load_address>0xffd6</load_address>
         <run_address>0xffd6</run_address>
         <size>0x2</size>
         <input_file_ref idref="fl-d"/>
      </object_component>
      <object_component id="oc-78">
         <name>.int44</name>
         <load_address>0xffd8</load_address>
         <run_address>0xffd8</run_address>
         <size>0x2</size>
         <input_file_ref idref="fl-13"/>
      </object_component>
      <object_component id="oc-79">
         <name>.int45</name>
         <load_address>0xffda</load_address>
         <run_address>0xffda</run_address>
         <size>0x2</size>
         <input_file_ref idref="fl-12"/>
      </object_component>
      <object_component id="oc-7a">
         <name>.int46</name>
         <load_address>0xffdc</load_address>
         <run_address>0xffdc</run_address>
         <size>0x2</size>
         <input_file_ref idref="fl-d"/>
      </object_component>
      <object_component id="oc-7b">
         <name>.int47</name>
         <load_address>0xffde</load_address>
         <run_address>0xffde</run_address>
         <size>0x2</size>
         <input_file_ref idref="fl-3"/>
      </object_component>
      <object_component id="oc-7c">
         <name>.int48</name>
         <load_address>0xffe0</load_address>
         <run_address>0xffe0</run_address>
         <size>0x2</size>
         <input_file_ref idref="fl-d"/>
      </object_component>
      <object_component id="oc-7d">
         <name>.int49</name>
         <load_address>0xffe2</load_address>
         <run_address>0xffe2</run_address>
         <size>0x2</size>
         <input_file_ref idref="fl-13"/>
      </object_component>
      <object_component id="oc-7e">
         <name>.int50</name>
         <load_address>0xffe4</load_address>
         <run_address>0xffe4</run_address>
         <size>0x2</size>
         <input_file_ref idref="fl-d"/>
      </object_component>
      <object_component id="oc-7f">
         <name>.int51</name>
         <load_address>0xffe6</load_address>
         <run_address>0xffe6</run_address>
         <size>0x2</size>
         <input_file_ref idref="fl-d"/>
      </object_component>
      <object_component id="oc-80">
         <name>.int52</name>
         <load_address>0xffe8</load_address>
         <run_address>0xffe8</run_address>
         <size>0x2</size>
         <input_file_ref idref="fl-d"/>
      </object_component>
      <object_component id="oc-81">
         <name>.int53</name>
         <load_address>0xffea</load_address>
         <run_address>0xffea</run_address>
         <size>0x2</size>
         <input_file_ref idref="fl-13"/>
      </object_component>
      <object_component id="oc-82">
         <name>.int54</name>
         <load_address>0xffec</load_address>
         <run_address>0xffec</run_address>
         <size>0x2</size>
         <input_file_ref idref="fl-c"/>
      </object_component>
      <object_component id="oc-83">
         <name>.int55</name>
         <load_address>0xffee</load_address>
         <run_address>0xffee</run_address>
         <size>0x2</size>
         <input_file_ref idref="fl-d"/>
      </object_component>
      <object_component id="oc-84">
         <name>.int56</name>
         <load_address>0xfff0</load_address>
         <run_address>0xfff0</run_address>
         <size>0x2</size>
         <input_file_ref idref="fl-d"/>
      </object_component>
      <object_component id="oc-85">
         <name>.int57</name>
         <load_address>0xfff2</load_address>
         <run_address>0xfff2</run_address>
         <size>0x2</size>
         <input_file_ref idref="fl-d"/>
      </object_component>
      <object_component id="oc-86">
         <name>.int58</name>
         <load_address>0xfff4</load_address>
         <run_address>0xfff4</run_address>
         <size>0x2</size>
         <input_file_ref idref="fl-d"/>
      </object_component>
      <object_component id="oc-87">
         <name>.int59</name>
         <load_address>0xfff6</load_address>
         <run_address>0xfff6</run_address>
         <size>0x2</size>
         <input_file_ref idref="fl-d"/>
      </object_component>
      <object_component id="oc-88">
         <name>.int60</name>
         <load_address>0xfff8</load_address>
         <run_address>0xfff8</run_address>
         <size>0x2</size>
         <input_file_ref idref="fl-d"/>
      </object_component>
      <object_component id="oc-89">
         <name>.int61</name>
         <load_address>0xfffa</load_address>
         <run_address>0xfffa</run_address>
         <size>0x2</size>
         <input_file_ref idref="fl-d"/>
      </object_component>
      <object_component id="oc-8a">
         <name>.int62</name>
         <load_address>0xfffc</load_address>
         <run_address>0xfffc</run_address>
         <size>0x2</size>
         <input_file_ref idref="fl-d"/>
      </object_component>
      <object_component id="oc-2f9">
         <name>.reset</name>
         <load_address>0xfffe</load_address>
         <run_address>0xfffe</run_address>
         <size>0x2</size>
         <input_file_ref idref="fl-2f"/>
      </object_component>
      <object_component id="oc-399">
         <name>.debug_info</name>
         <load_address>0x0</load_address>
         <run_address>0x0</run_address>
         <size>0x3b5</size>
         <input_file_ref idref="fl-2"/>
      </object_component>
      <object_component id="oc-365">
         <name>.debug_info</name>
         <load_address>0x3b5</load_address>
         <run_address>0x3b5</run_address>
         <size>0x1db</size>
         <input_file_ref idref="fl-2"/>
      </object_component>
      <object_component id="oc-437">
         <name>.debug_info</name>
         <load_address>0x590</load_address>
         <run_address>0x590</run_address>
         <size>0x48</size>
         <input_file_ref idref="fl-2"/>
      </object_component>
      <object_component id="oc-44f">
         <name>.debug_info</name>
         <load_address>0x5d8</load_address>
         <run_address>0x5d8</run_address>
         <size>0xa5</size>
         <input_file_ref idref="fl-2"/>
      </object_component>
      <object_component id="oc-37a">
         <name>.debug_info</name>
         <load_address>0x67d</load_address>
         <run_address>0x67d</run_address>
         <size>0x84</size>
         <input_file_ref idref="fl-2"/>
      </object_component>
      <object_component id="oc-42d">
         <name>.debug_info</name>
         <load_address>0x701</load_address>
         <run_address>0x701</run_address>
         <size>0x18b</size>
         <input_file_ref idref="fl-2"/>
      </object_component>
      <object_component id="oc-327">
         <name>.debug_info</name>
         <load_address>0x88c</load_address>
         <run_address>0x88c</run_address>
         <size>0x141</size>
         <input_file_ref idref="fl-3"/>
      </object_component>
      <object_component id="oc-39b">
         <name>.debug_info</name>
         <load_address>0x9cd</load_address>
         <run_address>0x9cd</run_address>
         <size>0x421</size>
         <input_file_ref idref="fl-4"/>
      </object_component>
      <object_component id="oc-3c2">
         <name>.debug_info</name>
         <load_address>0xdee</load_address>
         <run_address>0xdee</run_address>
         <size>0x133</size>
         <input_file_ref idref="fl-4"/>
      </object_component>
      <object_component id="oc-527">
         <name>.debug_info</name>
         <load_address>0xf21</load_address>
         <run_address>0xf21</run_address>
         <size>0x194</size>
         <input_file_ref idref="fl-4"/>
      </object_component>
      <object_component id="oc-39d">
         <name>.debug_info</name>
         <load_address>0x10b5</load_address>
         <run_address>0x10b5</run_address>
         <size>0x494</size>
         <input_file_ref idref="fl-5"/>
      </object_component>
      <object_component id="oc-501">
         <name>.debug_info</name>
         <load_address>0x1549</load_address>
         <run_address>0x1549</run_address>
         <size>0x17b</size>
         <input_file_ref idref="fl-5"/>
      </object_component>
      <object_component id="oc-584">
         <name>.debug_info</name>
         <load_address>0x16c4</load_address>
         <run_address>0x16c4</run_address>
         <size>0x141</size>
         <input_file_ref idref="fl-5"/>
      </object_component>
      <object_component id="oc-4aa">
         <name>.debug_info</name>
         <load_address>0x1805</load_address>
         <run_address>0x1805</run_address>
         <size>0x1c2</size>
         <input_file_ref idref="fl-5"/>
      </object_component>
      <object_component id="oc-533">
         <name>.debug_info</name>
         <load_address>0x19c7</load_address>
         <run_address>0x19c7</run_address>
         <size>0x226</size>
         <input_file_ref idref="fl-5"/>
      </object_component>
      <object_component id="oc-58d">
         <name>.debug_info</name>
         <load_address>0x1bed</load_address>
         <run_address>0x1bed</run_address>
         <size>0x1d4</size>
         <input_file_ref idref="fl-5"/>
      </object_component>
      <object_component id="oc-581">
         <name>.debug_info</name>
         <load_address>0x1dc1</load_address>
         <run_address>0x1dc1</run_address>
         <size>0x200</size>
         <input_file_ref idref="fl-6"/>
      </object_component>
      <object_component id="oc-593">
         <name>.debug_info</name>
         <load_address>0x1fc1</load_address>
         <run_address>0x1fc1</run_address>
         <size>0x245</size>
         <input_file_ref idref="fl-6"/>
      </object_component>
      <object_component id="oc-52d">
         <name>.debug_info</name>
         <load_address>0x2206</load_address>
         <run_address>0x2206</run_address>
         <size>0x247</size>
         <input_file_ref idref="fl-6"/>
      </object_component>
      <object_component id="oc-395">
         <name>.debug_info</name>
         <load_address>0x244d</load_address>
         <run_address>0x244d</run_address>
         <size>0x7a1</size>
         <input_file_ref idref="fl-7"/>
      </object_component>
      <object_component id="oc-3bf">
         <name>.debug_info</name>
         <load_address>0x2bee</load_address>
         <run_address>0x2bee</run_address>
         <size>0x13e</size>
         <input_file_ref idref="fl-7"/>
      </object_component>
      <object_component id="oc-3fb">
         <name>.debug_info</name>
         <load_address>0x2d2c</load_address>
         <run_address>0x2d2c</run_address>
         <size>0x1d3</size>
         <input_file_ref idref="fl-7"/>
      </object_component>
      <object_component id="oc-521">
         <name>.debug_info</name>
         <load_address>0x2eff</load_address>
         <run_address>0x2eff</run_address>
         <size>0x1bf</size>
         <input_file_ref idref="fl-7"/>
      </object_component>
      <object_component id="oc-4e1">
         <name>.debug_info</name>
         <load_address>0x30be</load_address>
         <run_address>0x30be</run_address>
         <size>0x200</size>
         <input_file_ref idref="fl-7"/>
      </object_component>
      <object_component id="oc-4db">
         <name>.debug_info</name>
         <load_address>0x32be</load_address>
         <run_address>0x32be</run_address>
         <size>0x19d</size>
         <input_file_ref idref="fl-7"/>
      </object_component>
      <object_component id="oc-421">
         <name>.debug_info</name>
         <load_address>0x345b</load_address>
         <run_address>0x345b</run_address>
         <size>0x1a2</size>
         <input_file_ref idref="fl-7"/>
      </object_component>
      <object_component id="oc-381">
         <name>.debug_info</name>
         <load_address>0x35fd</load_address>
         <run_address>0x35fd</run_address>
         <size>0x2c</size>
         <input_file_ref idref="fl-7"/>
      </object_component>
      <object_component id="oc-39f">
         <name>.debug_info</name>
         <load_address>0x3629</load_address>
         <run_address>0x3629</run_address>
         <size>0x52b</size>
         <input_file_ref idref="fl-8"/>
      </object_component>
      <object_component id="oc-4b6">
         <name>.debug_info</name>
         <load_address>0x3b54</load_address>
         <run_address>0x3b54</run_address>
         <size>0x192</size>
         <input_file_ref idref="fl-8"/>
      </object_component>
      <object_component id="oc-539">
         <name>.debug_info</name>
         <load_address>0x3ce6</load_address>
         <run_address>0x3ce6</run_address>
         <size>0x1ef</size>
         <input_file_ref idref="fl-8"/>
      </object_component>
      <object_component id="oc-5ef">
         <name>.debug_info</name>
         <load_address>0x3ed5</load_address>
         <run_address>0x3ed5</run_address>
         <size>0x188</size>
         <input_file_ref idref="fl-8"/>
      </object_component>
      <object_component id="oc-59b">
         <name>.debug_info</name>
         <load_address>0x405d</load_address>
         <run_address>0x405d</run_address>
         <size>0x1aa</size>
         <input_file_ref idref="fl-8"/>
      </object_component>
      <object_component id="oc-3a1">
         <name>.debug_info</name>
         <load_address>0x4207</load_address>
         <run_address>0x4207</run_address>
         <size>0x565</size>
         <input_file_ref idref="fl-9"/>
      </object_component>
      <object_component id="oc-427">
         <name>.debug_info</name>
         <load_address>0x476c</load_address>
         <run_address>0x476c</run_address>
         <size>0x178</size>
         <input_file_ref idref="fl-9"/>
      </object_component>
      <object_component id="oc-44a">
         <name>.debug_info</name>
         <load_address>0x48e4</load_address>
         <run_address>0x48e4</run_address>
         <size>0x72</size>
         <input_file_ref idref="fl-9"/>
      </object_component>
      <object_component id="oc-3a3">
         <name>.debug_info</name>
         <load_address>0x4956</load_address>
         <run_address>0x4956</run_address>
         <size>0x469</size>
         <input_file_ref idref="fl-a"/>
      </object_component>
      <object_component id="oc-4e9">
         <name>.debug_info</name>
         <load_address>0x4dbf</load_address>
         <run_address>0x4dbf</run_address>
         <size>0x214</size>
         <input_file_ref idref="fl-a"/>
      </object_component>
      <object_component id="oc-3a5">
         <name>.debug_info</name>
         <load_address>0x4fd3</load_address>
         <run_address>0x4fd3</run_address>
         <size>0x5d6</size>
         <input_file_ref idref="fl-b"/>
      </object_component>
      <object_component id="oc-506">
         <name>.debug_info</name>
         <load_address>0x55a9</load_address>
         <run_address>0x55a9</run_address>
         <size>0x1a3</size>
         <input_file_ref idref="fl-b"/>
      </object_component>
      <object_component id="oc-4b0">
         <name>.debug_info</name>
         <load_address>0x574c</load_address>
         <run_address>0x574c</run_address>
         <size>0x1ac</size>
         <input_file_ref idref="fl-b"/>
      </object_component>
      <object_component id="oc-587">
         <name>.debug_info</name>
         <load_address>0x58f8</load_address>
         <run_address>0x58f8</run_address>
         <size>0x32e</size>
         <input_file_ref idref="fl-b"/>
      </object_component>
      <object_component id="oc-456">
         <name>.debug_info</name>
         <load_address>0x5c26</load_address>
         <run_address>0x5c26</run_address>
         <size>0x4a</size>
         <input_file_ref idref="fl-b"/>
      </object_component>
      <object_component id="oc-3a7">
         <name>.debug_info</name>
         <load_address>0x5c70</load_address>
         <run_address>0x5c70</run_address>
         <size>0x497</size>
         <input_file_ref idref="fl-c"/>
      </object_component>
      <object_component id="oc-3cd">
         <name>.debug_info</name>
         <load_address>0x6107</load_address>
         <run_address>0x6107</run_address>
         <size>0x128</size>
         <input_file_ref idref="fl-c"/>
      </object_component>
      <object_component id="oc-338">
         <name>.debug_info</name>
         <load_address>0x622f</load_address>
         <run_address>0x622f</run_address>
         <size>0x176</size>
         <input_file_ref idref="fl-c"/>
      </object_component>
      <object_component id="oc-391">
         <name>.debug_info</name>
         <load_address>0x63a5</load_address>
         <run_address>0x63a5</run_address>
         <size>0x5b0</size>
         <input_file_ref idref="fl-d"/>
      </object_component>
      <object_component id="oc-345">
         <name>.debug_info</name>
         <load_address>0x6955</load_address>
         <run_address>0x6955</run_address>
         <size>0x19b</size>
         <input_file_ref idref="fl-d"/>
      </object_component>
      <object_component id="oc-315">
         <name>.debug_info</name>
         <load_address>0x6af0</load_address>
         <run_address>0x6af0</run_address>
         <size>0x18a</size>
         <input_file_ref idref="fl-d"/>
      </object_component>
      <object_component id="oc-3a9">
         <name>.debug_info</name>
         <load_address>0x6c7a</load_address>
         <run_address>0x6c7a</run_address>
         <size>0x368</size>
         <input_file_ref idref="fl-e"/>
      </object_component>
      <object_component id="oc-3ab">
         <name>.debug_info</name>
         <load_address>0x6fe2</load_address>
         <run_address>0x6fe2</run_address>
         <size>0x536</size>
         <input_file_ref idref="fl-f"/>
      </object_component>
      <object_component id="oc-546">
         <name>.debug_info</name>
         <load_address>0x7518</load_address>
         <run_address>0x7518</run_address>
         <size>0x124</size>
         <input_file_ref idref="fl-f"/>
      </object_component>
      <object_component id="oc-60e">
         <name>.debug_info</name>
         <load_address>0x763c</load_address>
         <run_address>0x763c</run_address>
         <size>0x131</size>
         <input_file_ref idref="fl-f"/>
      </object_component>
      <object_component id="oc-605">
         <name>.debug_info</name>
         <load_address>0x776d</load_address>
         <run_address>0x776d</run_address>
         <size>0x12c</size>
         <input_file_ref idref="fl-f"/>
      </object_component>
      <object_component id="oc-5a2">
         <name>.debug_info</name>
         <load_address>0x7899</load_address>
         <run_address>0x7899</run_address>
         <size>0x1ab</size>
         <input_file_ref idref="fl-f"/>
      </object_component>
      <object_component id="oc-54f">
         <name>.debug_info</name>
         <load_address>0x7a44</load_address>
         <run_address>0x7a44</run_address>
         <size>0x2a9</size>
         <input_file_ref idref="fl-f"/>
      </object_component>
      <object_component id="oc-5a8">
         <name>.debug_info</name>
         <load_address>0x7ced</load_address>
         <run_address>0x7ced</run_address>
         <size>0x34a</size>
         <input_file_ref idref="fl-f"/>
      </object_component>
      <object_component id="oc-540">
         <name>.debug_info</name>
         <load_address>0x8037</load_address>
         <run_address>0x8037</run_address>
         <size>0x1a6</size>
         <input_file_ref idref="fl-f"/>
      </object_component>
      <object_component id="oc-5b7">
         <name>.debug_info</name>
         <load_address>0x81dd</load_address>
         <run_address>0x81dd</run_address>
         <size>0x3ab</size>
         <input_file_ref idref="fl-f"/>
      </object_component>
      <object_component id="oc-5b1">
         <name>.debug_info</name>
         <load_address>0x8588</load_address>
         <run_address>0x8588</run_address>
         <size>0x20c</size>
         <input_file_ref idref="fl-f"/>
      </object_component>
      <object_component id="oc-549">
         <name>.debug_info</name>
         <load_address>0x8794</load_address>
         <run_address>0x8794</run_address>
         <size>0x255</size>
         <input_file_ref idref="fl-f"/>
      </object_component>
      <object_component id="oc-461">
         <name>.debug_info</name>
         <load_address>0x89e9</load_address>
         <run_address>0x89e9</run_address>
         <size>0x5a</size>
         <input_file_ref idref="fl-f"/>
      </object_component>
      <object_component id="oc-3ad">
         <name>.debug_info</name>
         <load_address>0x8a43</load_address>
         <run_address>0x8a43</run_address>
         <size>0x46e</size>
         <input_file_ref idref="fl-10"/>
      </object_component>
      <object_component id="oc-51c">
         <name>.debug_info</name>
         <load_address>0x8eb1</load_address>
         <run_address>0x8eb1</run_address>
         <size>0x136</size>
         <input_file_ref idref="fl-10"/>
      </object_component>
      <object_component id="oc-512">
         <name>.debug_info</name>
         <load_address>0x8fe7</load_address>
         <run_address>0x8fe7</run_address>
         <size>0x136</size>
         <input_file_ref idref="fl-10"/>
      </object_component>
      <object_component id="oc-5d4">
         <name>.debug_info</name>
         <load_address>0x911d</load_address>
         <run_address>0x911d</run_address>
         <size>0x1ab</size>
         <input_file_ref idref="fl-10"/>
      </object_component>
      <object_component id="oc-5da">
         <name>.debug_info</name>
         <load_address>0x92c8</load_address>
         <run_address>0x92c8</run_address>
         <size>0x1a9</size>
         <input_file_ref idref="fl-10"/>
      </object_component>
      <object_component id="oc-4d1">
         <name>.debug_info</name>
         <load_address>0x9471</load_address>
         <run_address>0x9471</run_address>
         <size>0x1a1</size>
         <input_file_ref idref="fl-10"/>
      </object_component>
      <object_component id="oc-4cb">
         <name>.debug_info</name>
         <load_address>0x9612</load_address>
         <run_address>0x9612</run_address>
         <size>0x1bc</size>
         <input_file_ref idref="fl-10"/>
      </object_component>
      <object_component id="oc-5e0">
         <name>.debug_info</name>
         <load_address>0x97ce</load_address>
         <run_address>0x97ce</run_address>
         <size>0x257</size>
         <input_file_ref idref="fl-10"/>
      </object_component>
      <object_component id="oc-5e6">
         <name>.debug_info</name>
         <load_address>0x9a25</load_address>
         <run_address>0x9a25</run_address>
         <size>0x25b</size>
         <input_file_ref idref="fl-10"/>
      </object_component>
      <object_component id="oc-407">
         <name>.debug_info</name>
         <load_address>0x9c80</load_address>
         <run_address>0x9c80</run_address>
         <size>0x1c9</size>
         <input_file_ref idref="fl-10"/>
      </object_component>
      <object_component id="oc-3af">
         <name>.debug_info</name>
         <load_address>0x9e49</load_address>
         <run_address>0x9e49</run_address>
         <size>0x2b9</size>
         <input_file_ref idref="fl-11"/>
      </object_component>
      <object_component id="oc-3b1">
         <name>.debug_info</name>
         <load_address>0xa102</load_address>
         <run_address>0xa102</run_address>
         <size>0x65a</size>
         <input_file_ref idref="fl-12"/>
      </object_component>
      <object_component id="oc-3ba">
         <name>.debug_info</name>
         <load_address>0xa75c</load_address>
         <run_address>0xa75c</run_address>
         <size>0x123</size>
         <input_file_ref idref="fl-12"/>
      </object_component>
      <object_component id="oc-61a">
         <name>.debug_info</name>
         <load_address>0xa87f</load_address>
         <run_address>0xa87f</run_address>
         <size>0x127</size>
         <input_file_ref idref="fl-12"/>
      </object_component>
      <object_component id="oc-401">
         <name>.debug_info</name>
         <load_address>0xa9a6</load_address>
         <run_address>0xa9a6</run_address>
         <size>0x17d</size>
         <input_file_ref idref="fl-12"/>
      </object_component>
      <object_component id="oc-55e">
         <name>.debug_info</name>
         <load_address>0xab23</load_address>
         <run_address>0xab23</run_address>
         <size>0x166</size>
         <input_file_ref idref="fl-12"/>
      </object_component>
      <object_component id="oc-564">
         <name>.debug_info</name>
         <load_address>0xac89</load_address>
         <run_address>0xac89</run_address>
         <size>0x168</size>
         <input_file_ref idref="fl-12"/>
      </object_component>
      <object_component id="oc-515">
         <name>.debug_info</name>
         <load_address>0xadf1</load_address>
         <run_address>0xadf1</run_address>
         <size>0x242</size>
         <input_file_ref idref="fl-12"/>
      </object_component>
      <object_component id="oc-608">
         <name>.debug_info</name>
         <load_address>0xb033</load_address>
         <run_address>0xb033</run_address>
         <size>0x18d</size>
         <input_file_ref idref="fl-12"/>
      </object_component>
      <object_component id="oc-5be">
         <name>.debug_info</name>
         <load_address>0xb1c0</load_address>
         <run_address>0xb1c0</run_address>
         <size>0x295</size>
         <input_file_ref idref="fl-12"/>
      </object_component>
      <object_component id="oc-5f7">
         <name>.debug_info</name>
         <load_address>0xb455</load_address>
         <run_address>0xb455</run_address>
         <size>0x229</size>
         <input_file_ref idref="fl-12"/>
      </object_component>
      <object_component id="oc-5fd">
         <name>.debug_info</name>
         <load_address>0xb67e</load_address>
         <run_address>0xb67e</run_address>
         <size>0x258</size>
         <input_file_ref idref="fl-12"/>
      </object_component>
      <object_component id="oc-40d">
         <name>.debug_info</name>
         <load_address>0xb8d6</load_address>
         <run_address>0xb8d6</run_address>
         <size>0x164</size>
         <input_file_ref idref="fl-12"/>
      </object_component>
      <object_component id="oc-413">
         <name>.debug_info</name>
         <load_address>0xba3a</load_address>
         <run_address>0xba3a</run_address>
         <size>0x1a4</size>
         <input_file_ref idref="fl-12"/>
      </object_component>
      <object_component id="oc-419">
         <name>.debug_info</name>
         <load_address>0xbbde</load_address>
         <run_address>0xbbde</run_address>
         <size>0x1cf</size>
         <input_file_ref idref="fl-12"/>
      </object_component>
      <object_component id="oc-5ce">
         <name>.debug_info</name>
         <load_address>0xbdad</load_address>
         <run_address>0xbdad</run_address>
         <size>0x1a5</size>
         <input_file_ref idref="fl-12"/>
      </object_component>
      <object_component id="oc-321">
         <name>.debug_info</name>
         <load_address>0xbf52</load_address>
         <run_address>0xbf52</run_address>
         <size>0x16a</size>
         <input_file_ref idref="fl-12"/>
      </object_component>
      <object_component id="oc-470">
         <name>.debug_info</name>
         <load_address>0xc0bc</load_address>
         <run_address>0xc0bc</run_address>
         <size>0xb5</size>
         <input_file_ref idref="fl-12"/>
      </object_component>
      <object_component id="oc-3b3">
         <name>.debug_info</name>
         <load_address>0xc171</load_address>
         <run_address>0xc171</run_address>
         <size>0x53d</size>
         <input_file_ref idref="fl-13"/>
      </object_component>
      <object_component id="oc-56d">
         <name>.debug_info</name>
         <load_address>0xc6ae</load_address>
         <run_address>0xc6ae</run_address>
         <size>0x190</size>
         <input_file_ref idref="fl-13"/>
      </object_component>
      <object_component id="oc-573">
         <name>.debug_info</name>
         <load_address>0xc83e</load_address>
         <run_address>0xc83e</run_address>
         <size>0x16e</size>
         <input_file_ref idref="fl-13"/>
      </object_component>
      <object_component id="oc-57a">
         <name>.debug_info</name>
         <load_address>0xc9ac</load_address>
         <run_address>0xc9ac</run_address>
         <size>0x18c</size>
         <input_file_ref idref="fl-13"/>
      </object_component>
      <object_component id="oc-4c5">
         <name>.debug_info</name>
         <load_address>0xcb38</load_address>
         <run_address>0xcb38</run_address>
         <size>0x1a2</size>
         <input_file_ref idref="fl-13"/>
      </object_component>
      <object_component id="oc-332">
         <name>.debug_info</name>
         <load_address>0xccda</load_address>
         <run_address>0xccda</run_address>
         <size>0x175</size>
         <input_file_ref idref="fl-13"/>
      </object_component>
      <object_component id="oc-32c">
         <name>.debug_info</name>
         <load_address>0xce4f</load_address>
         <run_address>0xce4f</run_address>
         <size>0x16b</size>
         <input_file_ref idref="fl-13"/>
      </object_component>
      <object_component id="oc-31b">
         <name>.debug_info</name>
         <load_address>0xcfba</load_address>
         <run_address>0xcfba</run_address>
         <size>0x171</size>
         <input_file_ref idref="fl-13"/>
      </object_component>
      <object_component id="oc-2f7">
         <name>.debug_info</name>
         <load_address>0xd12b</load_address>
         <run_address>0xd12b</run_address>
         <size>0xe0</size>
         <input_file_ref idref="fl-2f"/>
      </object_component>
      <object_component id="oc-aa">
         <name>.debug_info</name>
         <load_address>0xd20b</load_address>
         <run_address>0xd20b</run_address>
         <size>0x181</size>
         <input_file_ref idref="fl-30"/>
      </object_component>
      <object_component id="oc-306">
         <name>.debug_info</name>
         <load_address>0xd38c</load_address>
         <run_address>0xd38c</run_address>
         <size>0x19d</size>
         <input_file_ref idref="fl-31"/>
      </object_component>
      <object_component id="oc-6a">
         <name>.debug_info</name>
         <load_address>0xd529</load_address>
         <run_address>0xd529</run_address>
         <size>0x1ca</size>
         <input_file_ref idref="fl-31"/>
      </object_component>
      <object_component id="oc-301">
         <name>.debug_info</name>
         <load_address>0xd6f3</load_address>
         <run_address>0xd6f3</run_address>
         <size>0x46</size>
         <input_file_ref idref="fl-31"/>
      </object_component>
      <object_component id="oc-386">
         <name>.debug_info</name>
         <load_address>0xd739</load_address>
         <run_address>0xd739</run_address>
         <size>0x2c</size>
         <input_file_ref idref="fl-31"/>
      </object_component>
      <object_component id="oc-30e">
         <name>.debug_info</name>
         <load_address>0xd765</load_address>
         <run_address>0xd765</run_address>
         <size>0x15f</size>
         <input_file_ref idref="fl-32"/>
      </object_component>
      <object_component id="oc-308">
         <name>.debug_info</name>
         <load_address>0xd8c4</load_address>
         <run_address>0xd8c4</run_address>
         <size>0x225</size>
         <input_file_ref idref="fl-32"/>
      </object_component>
      <object_component id="oc-70">
         <name>.debug_info</name>
         <load_address>0xdae9</load_address>
         <run_address>0xdae9</run_address>
         <size>0x19c</size>
         <input_file_ref idref="fl-32"/>
      </object_component>
      <object_component id="oc-30f">
         <name>.debug_info</name>
         <load_address>0xdc85</load_address>
         <run_address>0xdc85</run_address>
         <size>0x39</size>
         <input_file_ref idref="fl-32"/>
      </object_component>
      <object_component id="oc-36d">
         <name>.debug_info</name>
         <load_address>0xdcbe</load_address>
         <run_address>0xdcbe</run_address>
         <size>0x102</size>
         <input_file_ref idref="fl-34"/>
      </object_component>
      <object_component id="oc-380">
         <name>.debug_info</name>
         <load_address>0xddc0</load_address>
         <run_address>0xddc0</run_address>
         <size>0x158</size>
         <input_file_ref idref="fl-36"/>
      </object_component>
      <object_component id="oc-2fb">
         <name>.debug_info</name>
         <load_address>0xdf18</load_address>
         <run_address>0xdf18</run_address>
         <size>0x17c</size>
         <input_file_ref idref="fl-36"/>
      </object_component>
      <object_component id="oc-50f">
         <name>.debug_info</name>
         <load_address>0xe094</load_address>
         <run_address>0xe094</run_address>
         <size>0x14d</size>
         <input_file_ref idref="fl-37"/>
      </object_component>
      <object_component id="oc-4be">
         <name>.debug_info</name>
         <load_address>0xe1e1</load_address>
         <run_address>0xe1e1</run_address>
         <size>0x219</size>
         <input_file_ref idref="fl-37"/>
      </object_component>
      <object_component id="oc-47b">
         <name>.debug_info</name>
         <load_address>0xe3fa</load_address>
         <run_address>0xe3fa</run_address>
         <size>0x108</size>
         <input_file_ref idref="fl-3b"/>
      </object_component>
      <object_component id="oc-3e0">
         <name>.debug_info</name>
         <load_address>0xe502</load_address>
         <run_address>0xe502</run_address>
         <size>0x3c2</size>
         <input_file_ref idref="fl-41"/>
      </object_component>
      <object_component id="oc-34b">
         <name>.debug_info</name>
         <load_address>0xe8c4</load_address>
         <run_address>0xe8c4</run_address>
         <size>0x1ea</size>
         <input_file_ref idref="fl-41"/>
      </object_component>
      <object_component id="oc-484">
         <name>.debug_info</name>
         <load_address>0xeaae</load_address>
         <run_address>0xeaae</run_address>
         <size>0x39</size>
         <input_file_ref idref="fl-41"/>
      </object_component>
      <object_component id="oc-3e1">
         <name>.debug_info</name>
         <load_address>0xeae7</load_address>
         <run_address>0xeae7</run_address>
         <size>0x2c</size>
         <input_file_ref idref="fl-41"/>
      </object_component>
      <object_component id="oc-489">
         <name>.debug_info</name>
         <load_address>0xeb13</load_address>
         <run_address>0xeb13</run_address>
         <size>0xcd</size>
         <input_file_ref idref="fl-41"/>
      </object_component>
      <object_component id="oc-480">
         <name>.debug_info</name>
         <load_address>0xebe0</load_address>
         <run_address>0xebe0</run_address>
         <size>0x23d</size>
         <input_file_ref idref="fl-42"/>
      </object_component>
      <object_component id="oc-3d4">
         <name>.debug_info</name>
         <load_address>0xee1d</load_address>
         <run_address>0xee1d</run_address>
         <size>0x19b</size>
         <input_file_ref idref="fl-42"/>
      </object_component>
      <object_component id="oc-4f2">
         <name>.debug_info</name>
         <load_address>0xefb8</load_address>
         <run_address>0xefb8</run_address>
         <size>0x2c</size>
         <input_file_ref idref="fl-42"/>
      </object_component>
      <object_component id="oc-3db">
         <name>.debug_info</name>
         <load_address>0xefe4</load_address>
         <run_address>0xefe4</run_address>
         <size>0x130</size>
         <input_file_ref idref="fl-43"/>
      </object_component>
      <object_component id="oc-68e">
         <name>.debug_info</name>
         <load_address>0xf114</load_address>
         <run_address>0xf114</run_address>
         <size>0xf6</size>
      </object_component>
      <object_component id="oc-43f">
         <name>.debug_line</name>
         <load_address>0x0</load_address>
         <run_address>0x0</run_address>
         <size>0xb7</size>
         <input_file_ref idref="fl-2"/>
      </object_component>
      <object_component id="oc-368">
         <name>.debug_line</name>
         <load_address>0xb7</load_address>
         <run_address>0xb7</run_address>
         <size>0x57</size>
         <input_file_ref idref="fl-2"/>
      </object_component>
      <object_component id="oc-43a">
         <name>.debug_line</name>
         <load_address>0x10e</load_address>
         <run_address>0x10e</run_address>
         <size>0x33</size>
         <input_file_ref idref="fl-2"/>
      </object_component>
      <object_component id="oc-452">
         <name>.debug_line</name>
         <load_address>0x141</load_address>
         <run_address>0x141</run_address>
         <size>0x37</size>
         <input_file_ref idref="fl-2"/>
      </object_component>
      <object_component id="oc-37d">
         <name>.debug_line</name>
         <load_address>0x178</load_address>
         <run_address>0x178</run_address>
         <size>0x20</size>
         <input_file_ref idref="fl-2"/>
      </object_component>
      <object_component id="oc-430">
         <name>.debug_line</name>
         <load_address>0x198</load_address>
         <run_address>0x198</run_address>
         <size>0x74</size>
         <input_file_ref idref="fl-2"/>
      </object_component>
      <object_component id="oc-32a">
         <name>.debug_line</name>
         <load_address>0x20c</load_address>
         <run_address>0x20c</run_address>
         <size>0xb1</size>
         <input_file_ref idref="fl-3"/>
      </object_component>
      <object_component id="oc-441">
         <name>.debug_line</name>
         <load_address>0x2bd</load_address>
         <run_address>0x2bd</run_address>
         <size>0x100</size>
         <input_file_ref idref="fl-4"/>
      </object_component>
      <object_component id="oc-477">
         <name>.debug_line</name>
         <load_address>0x3bd</load_address>
         <run_address>0x3bd</run_address>
         <size>0x3e</size>
         <input_file_ref idref="fl-4"/>
      </object_component>
      <object_component id="oc-52a">
         <name>.debug_line</name>
         <load_address>0x3fb</load_address>
         <run_address>0x3fb</run_address>
         <size>0x5b</size>
         <input_file_ref idref="fl-4"/>
      </object_component>
      <object_component id="oc-443">
         <name>.debug_line</name>
         <load_address>0x456</load_address>
         <run_address>0x456</run_address>
         <size>0xff</size>
         <input_file_ref idref="fl-5"/>
      </object_component>
      <object_component id="oc-556">
         <name>.debug_line</name>
         <load_address>0x555</load_address>
         <run_address>0x555</run_address>
         <size>0x47</size>
         <input_file_ref idref="fl-5"/>
      </object_component>
      <object_component id="oc-5cc">
         <name>.debug_line</name>
         <load_address>0x59c</load_address>
         <run_address>0x59c</run_address>
         <size>0x47</size>
         <input_file_ref idref="fl-5"/>
      </object_component>
      <object_component id="oc-4ad">
         <name>.debug_line</name>
         <load_address>0x5e3</load_address>
         <run_address>0x5e3</run_address>
         <size>0x61</size>
         <input_file_ref idref="fl-5"/>
      </object_component>
      <object_component id="oc-536">
         <name>.debug_line</name>
         <load_address>0x644</load_address>
         <run_address>0x644</run_address>
         <size>0x11d</size>
         <input_file_ref idref="fl-5"/>
      </object_component>
      <object_component id="oc-590">
         <name>.debug_line</name>
         <load_address>0x761</load_address>
         <run_address>0x761</run_address>
         <size>0x60</size>
         <input_file_ref idref="fl-5"/>
      </object_component>
      <object_component id="oc-5ca">
         <name>.debug_line</name>
         <load_address>0x7c1</load_address>
         <run_address>0x7c1</run_address>
         <size>0x60</size>
         <input_file_ref idref="fl-6"/>
      </object_component>
      <object_component id="oc-596">
         <name>.debug_line</name>
         <load_address>0x821</load_address>
         <run_address>0x821</run_address>
         <size>0x66</size>
         <input_file_ref idref="fl-6"/>
      </object_component>
      <object_component id="oc-530">
         <name>.debug_line</name>
         <load_address>0x887</load_address>
         <run_address>0x887</run_address>
         <size>0x69</size>
         <input_file_ref idref="fl-6"/>
      </object_component>
      <object_component id="oc-43d">
         <name>.debug_line</name>
         <load_address>0x8f0</load_address>
         <run_address>0x8f0</run_address>
         <size>0x1cf</size>
         <input_file_ref idref="fl-7"/>
      </object_component>
      <object_component id="oc-475">
         <name>.debug_line</name>
         <load_address>0xabf</load_address>
         <run_address>0xabf</run_address>
         <size>0x3b</size>
[...]
         <name>__TI_CINIT_Base</name>
         <value>0x96c2</value>
      </symbol>
      <symbol id="sm-22b">
         <name>__TI_CINIT_Limit</name>
         <value>0x96ca</value>
      </symbol>
      <symbol id="sm-22c">
         <name>__TI_Handler_Table_Base</name>
         <value>0x96be</value>
      </symbol>
      <symbol id="sm-22d">
         <name>__TI_Handler_Table_Limit</name>
         <value>0x96c2</value>
      </symbol>
      <symbol id="sm-22e">
         <name>__STACK_SIZE</name>
         <value>0x6e</value>
      </symbol>
      <symbol id="sm-22f">
         <name>__STACK_END</name>
         <value>0x33fe</value>
      </symbol>
      <symbol id="sm-230">
         <name>__c_args__</name>
         <value>0xffffffff</value>
      </symbol>
      <symbol id="sm-231">
         <name>__TI_pprof_out_hndl</name>
         <value>0xffffffff</value>
      </symbol>
      <symbol id="sm-232">
         <name>__TI_prof_data_start</name>
         <value>0xffffffff</value>
      </symbol>
      <symbol id="sm-233">
         <name>__TI_prof_data_size</name>
         <value>0xffffffff</value>
      </symbol>
      <symbol id="sm-2af">
         <name>TXByteCtr</name>
         <value>0x281e</value>
      </symbol>
      <symbol id="sm-2b0">
         <name>RXByteCtr</name>
         <value>0x281d</value>
      </symbol>
      <symbol id="sm-2b1">
         <name>TXData</name>
         <value>0x281f</value>
      </symbol>
      <symbol id="sm-2b2">
         <name>MODE</name>
         <value>0x2810</value>
      </symbol>
      <symbol id="sm-2b3">
         <name>PRxData</name>
         <value>0x27fe</value>
      </symbol>
      <symbol id="sm-2b4">
         <name>PTxData</name>
         <value>0x2812</value>
      </symbol>
      <symbol id="sm-2b5">
         <name>sample_req</name>
         <value>0x2829</value>
      </symbol>
      <symbol id="sm-2b6">
         <name>fram_addr</name>
         <value>0x2806</value>
      </symbol>
      <symbol id="sm-2b7">
         <name>main</name>
         <value>0x8fea</value>
         <object_component_ref idref="oc-364"/>
      </symbol>
      <symbol id="sm-2d7">
         <name>__TI_int47</name>
         <value>0xffde</value>
         <object_component_ref idref="oc-7b"/>
      </symbol>
      <symbol id="sm-2e9">
         <name>validRx</name>
         <value>0x282b</value>
         <object_component_ref idref="oc-3c1"/>
      </symbol>
      <symbol id="sm-2ea">
         <name>doNFC_Rx</name>
         <value>0x8f92</value>
         <object_component_ref idref="oc-526"/>
      </symbol>
      <symbol id="sm-324">
         <name>read_command_number</name>
         <value>0x2828</value>
      </symbol>
      <symbol id="sm-325">
         <name>CID</name>
         <value>0x281c</value>
      </symbol>
      <symbol id="sm-326">
         <name>pcd_max_frame_size</name>
         <value>0x2818</value>
      </symbol>
      <symbol id="sm-327">
         <name>lastTxIndex</name>
         <value>0x2826</value>
      </symbol>
      <symbol id="sm-328">
         <name>initialize_14443_B_protocol</name>
         <value>0x936a</value>
         <object_component_ref idref="oc-4a9"/>
      </symbol>
      <symbol id="sm-329">
         <name>add_pupi</name>
         <value>0x95e0</value>
         <object_component_ref idref="oc-58c"/>
      </symbol>
      <symbol id="sm-32a">
         <name>_14443_B_protocol</name>
         <value>0x8000</value>
         <object_component_ref idref="oc-532"/>
      </symbol>
      <symbol id="sm-343">
         <name>hw_crc_validate</name>
         <value>0x9126</value>
         <object_component_ref idref="oc-52c"/>
      </symbol>
      <symbol id="sm-344">
         <name>hw_crc_ccitt</name>
         <value>0x91fc</value>
         <object_component_ref idref="oc-592"/>
      </symbol>
      <symbol id="sm-37e">
         <name>doNFC_state</name>
         <value>0x2824</value>
      </symbol>
      <symbol id="sm-37f">
         <name>debug_interrupt</name>
         <value>0x2823</value>
      </symbol>
      <symbol id="sm-380">
         <name>rx_buffer</name>
         <value>0x2754</value>
      </symbol>
      <symbol id="sm-381">
         <name>transmitCommand</name>
         <value>0x2794</value>
      </symbol>
      <symbol id="sm-382">
         <name>uid</name>
         <value>0x280a</value>
      </symbol>
      <symbol id="sm-383">
         <name>sleep_until_edges</name>
         <value>0x91ba</value>
         <object_component_ref idref="oc-520"/>
      </symbol>
      <symbol id="sm-384">
         <name>_14443_buf_ptr</name>
         <value>0x282c</value>
         <object_component_ref idref="oc-3be"/>
      </symbol>
      <symbol id="sm-385">
         <name>doNFC</name>
         <value>0x9560</value>
         <object_component_ref idref="oc-420"/>
      </symbol>
      <symbol id="sm-386">
         <name>doRFID_14443B</name>
         <value>0x8cee</value>
         <object_component_ref idref="oc-4e0"/>
      </symbol>
      <symbol id="sm-387">
         <name>initRFID</name>
         <value>0x9604</value>
         <object_component_ref idref="oc-3fa"/>
      </symbol>
      <symbol id="sm-388">
         <name>sleep_until_read</name>
         <value>0x8c06</value>
         <object_component_ref idref="oc-4da"/>
      </symbol>
      <symbol id="sm-3c0">
         <name>bpsk_ct</name>
         <value>0x2821</value>
      </symbol>
      <symbol id="sm-3c1">
         <name>next_bit_value</name>
         <value>0x2827</value>
      </symbol>
      <symbol id="sm-3c2">
         <name>bpsk_send_bit_count</name>
         <value>0x2822</value>
      </symbol>
      <symbol id="sm-3c3">
         <name>numberOfBitsTX</name>
         <value>0x2816</value>
      </symbol>
      <symbol id="sm-3c4">
         <name>timer</name>
         <value>0x281a</value>
      </symbol>
      <symbol id="sm-3c5">
         <name>send_bpsk</name>
         <value>0x83b4</value>
         <object_component_ref idref="oc-538"/>
      </symbol>
      <symbol id="sm-3c6">
         <name>shift_mask</name>
         <value>0x965a</value>
         <object_component_ref idref="oc-5ee"/>
      </symbol>
      <symbol id="sm-3c7">
         <name>next_bit</name>
         <value>0x94f4</value>
         <object_component_ref idref="oc-59a"/>
      </symbol>
      <symbol id="sm-3c8">
         <name>initialize_bpsk</name>
         <value>0x9172</value>
         <object_component_ref idref="oc-4b5"/>
      </symbol>
      <symbol id="sm-3dd">
         <name>RTC_ctr</name>
         <value>0x2802</value>
      </symbol>
      <symbol id="sm-3de">
         <name>senseState</name>
         <value>0x282a</value>
      </symbol>
      <symbol id="sm-3df">
         <name>accelState</name>
         <value>0x2820</value>
      </symbol>
      <symbol id="sm-3e0">
         <name>Demo2</name>
         <value>0x9456</value>
         <object_component_ref idref="oc-426"/>
      </symbol>
      <symbol id="sm-3f0">
         <name>updateDisplay2</name>
         <value>0x93a2</value>
         <object_component_ref idref="oc-4e8"/>
      </symbol>
      <symbol id="sm-418">
         <name>initialize_nfc_wisp_protocol</name>
         <value>0x94b8</value>
         <object_component_ref idref="oc-4af"/>
      </symbol>
      <symbol id="sm-419">
         <name>nfc_wisp_protocol</name>
         <value>0x8664</value>
         <object_component_ref idref="oc-586"/>
      </symbol>
      <symbol id="sm-42e">
         <name>ADC10ISR</name>
         <value>0x9512</value>
         <object_component_ref idref="oc-337"/>
      </symbol>
      <symbol id="sm-42f">
         <name>__TI_int54</name>
         <value>0xffec</value>
         <object_component_ref idref="oc-82"/>
      </symbol>
      <symbol id="sm-454">
         <name>bad_interrupts</name>
         <value>0x2814</value>
      </symbol>
      <symbol id="sm-455">
         <name>CATCH_ALL</name>
         <value>0x9674</value>
         <object_component_ref idref="oc-314"/>
      </symbol>
      <symbol id="sm-456">
         <name>__TI_int62</name>
         <value>0xfffc</value>
         <object_component_ref idref="oc-8a"/>
      </symbol>
      <symbol id="sm-457">
         <name>__TI_int60</name>
         <value>0xfff8</value>
         <object_component_ref idref="oc-88"/>
      </symbol>
      <symbol id="sm-458">
         <name>__TI_int61</name>
         <value>0xfffa</value>
         <object_component_ref idref="oc-89"/>
      </symbol>
      <symbol id="sm-459">
         <name>__TI_int48</name>
         <value>0xffe0</value>
         <object_component_ref idref="oc-7c"/>
      </symbol>
      <symbol id="sm-45a">
         <name>__TI_int46</name>
         <value>0xffdc</value>
         <object_component_ref idref="oc-7a"/>
      </symbol>
      <symbol id="sm-45b">
         <name>__TI_int42</name>
         <value>0xffd4</value>
         <object_component_ref idref="oc-76"/>
      </symbol>
      <symbol id="sm-45c">
         <name>__TI_int43</name>
         <value>0xffd6</value>
         <object_component_ref idref="oc-77"/>
      </symbol>
      <symbol id="sm-45d">
         <name>__TI_int41</name>
         <value>0xffd2</value>
         <object_component_ref idref="oc-75"/>
      </symbol>
      <symbol id="sm-45e">
         <name>__TI_int58</name>
         <value>0xfff4</value>
         <object_component_ref idref="oc-86"/>
      </symbol>
      <symbol id="sm-45f">
         <name>__TI_int59</name>
         <value>0xfff6</value>
         <object_component_ref idref="oc-87"/>
      </symbol>
      <symbol id="sm-460">
         <name>__TI_int56</name>
         <value>0xfff0</value>
         <object_component_ref idref="oc-84"/>
      </symbol>
      <symbol id="sm-461">
         <name>__TI_int57</name>
         <value>0xfff2</value>
         <object_component_ref idref="oc-85"/>
      </symbol>
      <symbol id="sm-462">
         <name>__TI_int55</name>
         <value>0xffee</value>
         <object_component_ref idref="oc-83"/>
      </symbol>
      <symbol id="sm-463">
         <name>__TI_int52</name>
         <value>0xffe8</value>
         <object_component_ref idref="oc-80"/>
      </symbol>
      <symbol id="sm-464">
         <name>__TI_int50</name>
         <value>0xffe4</value>
         <object_component_ref idref="oc-7e"/>
      </symbol>
      <symbol id="sm-465">
         <name>__TI_int51</name>
         <value>0xffe6</value>
         <object_component_ref idref="oc-7f"/>
      </symbol>
      <symbol id="sm-466">
         <name>_system_pre_init</name>
         <value>0x89d4</value>
         <object_component_ref idref="oc-344"/>
      </symbol>
      <symbol id="sm-4f4">
         <name>imageBuffer</name>
         <value>0x1c00</value>
      </symbol>
      <symbol id="sm-4f5">
         <name>imageUpdateState</name>
         <value>0x2825</value>
      </symbol>
      <symbol id="sm-4f6">
         <name>EPD_power_on</name>
         <value>0x927c</value>
         <object_component_ref idref="oc-5a1"/>
      </symbol>
      <symbol id="sm-4f7">
         <name>EPD_frame_newImg</name>
         <value>0x90da</value>
         <object_component_ref idref="oc-548"/>
      </symbol>
      <symbol id="sm-4f8">
         <name>cog</name>
         <value>0x9692</value>
         <object_component_ref idref="oc-545"/>
      </symbol>
      <symbol id="sm-4f9">
         <name>EPD_power_off</name>
         <value>0x8926</value>
         <object_component_ref idref="oc-54e"/>
      </symbol>
      <symbol id="sm-4fa">
         <name>EPD_initialize_driver</name>
         <value>0x8760</value>
         <object_component_ref idref="oc-5a7"/>
      </symbol>
      <symbol id="sm-4fb">
         <name>EPD_frame_fixed</name>
         <value>0x9404</value>
         <object_component_ref idref="oc-5b0"/>
      </symbol>
      <symbol id="sm-4fc">
         <name>EPD_line</name>
         <value>0x81de</value>
         <object_component_ref idref="oc-5b6"/>
      </symbol>
      <symbol id="sm-4fd">
         <name>EPD_power_init</name>
         <value>0x967c</value>
         <object_component_ref idref="oc-53f"/>
      </symbol>
      <symbol id="sm-54d">
         <name>SPI_FRAM_Read_Memory_func</name>
         <value>0x8a7e</value>
         <object_component_ref idref="oc-5e5"/>
      </symbol>
      <symbol id="sm-54e">
         <name>initFRAM</name>
         <value>0x964a</value>
         <object_component_ref idref="oc-406"/>
      </symbol>
      <symbol id="sm-54f">
         <name>FRAM_Sleep</name>
         <value>0x96aa</value>
         <object_component_ref idref="oc-51b"/>
      </symbol>
      <symbol id="sm-550">
         <name>SPI_FRAM_Enter_Sleep</name>
         <value>0x963a</value>
         <object_component_ref idref="oc-4d0"/>
      </symbol>
      <symbol id="sm-551">
         <name>SPI_FRAM_Wake_Up</name>
         <value>0x952c</value>
         <object_component_ref idref="oc-5d3"/>
      </symbol>
      <symbol id="sm-552">
         <name>SPI_FRAM_Write_Enable_Latch</name>
         <value>0x942e</value>
         <object_component_ref idref="oc-5d9"/>
      </symbol>
      <symbol id="sm-553">
         <name>SPI_FRAM_Write_Memory</name>
         <value>0x8c7c</value>
         <object_component_ref idref="oc-5df"/>
      </symbol>
      <symbol id="sm-554">
         <name>ReadStatus</name>
         <value>0x96a8</value>
         <object_component_ref idref="oc-511"/>
      </symbol>
      <symbol id="sm-555">
         <name>SPI_FRAM_Read_Status_Register</name>
         <value>0x958e</value>
         <object_component_ref idref="oc-4ca"/>
      </symbol>
      <symbol id="sm-5e1">
         <name>gpRxBuf</name>
         <value>0x27d4</value>
      </symbol>
      <symbol id="sm-5e2">
         <name>epd_spi_send</name>
         <value>0x8b04</value>
         <object_component_ref idref="oc-5fc"/>
      </symbol>
      <symbol id="sm-5e3">
         <name>I2C_Tx_config</name>
         <value>0x9578</value>
         <object_component_ref idref="oc-412"/>
      </symbol>
      <symbol id="sm-5e4">
         <name>SPI_put_wait</name>
         <value>0x9478</value>
         <object_component_ref idref="oc-607"/>
      </symbol>
      <symbol id="sm-5e5">
         <name>I2C_Rx</name>
         <value>0x908c</value>
         <object_component_ref idref="oc-5cd"/>
      </symbol>
      <symbol id="sm-5e6">
         <name>__TI_int45</name>
         <value>0xffda</value>
         <object_component_ref idref="oc-79"/>
      </symbol>
      <symbol id="sm-5e7">
         <name>SPI_READ</name>
         <value>0x8e80</value>
         <object_component_ref idref="oc-5f6"/>
      </symbol>
      <symbol id="sm-5e8">
         <name>I2C_Tx</name>
         <value>0x92ba</value>
         <object_component_ref idref="oc-418"/>
      </symbol>
      <symbol id="sm-5e9">
         <name>epd_spi_send_byte</name>
         <value>0x8e20</value>
         <object_component_ref idref="oc-5bd"/>
      </symbol>
      <symbol id="sm-5ea">
         <name>USCI_B1_ISR</name>
         <value>0x884a</value>
         <object_component_ref idref="oc-320"/>
      </symbol>
      <symbol id="sm-5eb">
         <name>SPI_SlaveOff</name>
         <value>0x903c</value>
         <object_component_ref idref="oc-563"/>
      </symbol>
      <symbol id="sm-5ec">
         <name>I2C_config</name>
         <value>0x92f8</value>
         <object_component_ref idref="oc-40c"/>
      </symbol>
      <symbol id="sm-5ed">
         <name>SPI_transaction</name>
         <value>0x9332</value>
         <object_component_ref idref="oc-514"/>
      </symbol>
      <symbol id="sm-5ee">
         <name>SPI_SlaveOn</name>
         <value>0x93d4</value>
         <object_component_ref idref="oc-55d"/>
      </symbol>
      <symbol id="sm-5ef">
         <name>SPI_initialize</name>
         <value>0x8dc0</value>
         <object_component_ref idref="oc-400"/>
      </symbol>
      <symbol id="sm-62e">
         <name>timeout_halt</name>
         <value>0x966a</value>
         <object_component_ref idref="oc-572"/>
      </symbol>
      <symbol id="sm-62f">
         <name>timeout_init</name>
         <value>0x9628</value>
         <object_component_ref idref="oc-56c"/>
      </symbol>
      <symbol id="sm-630">
         <name>delay_us</name>
         <value>0x949a</value>
         <object_component_ref idref="oc-579"/>
      </symbol>
      <symbol id="sm-631">
         <name>__TI_int49</name>
         <value>0xffe2</value>
         <object_component_ref idref="oc-7d"/>
      </symbol>
      <symbol id="sm-632">
         <name>__TI_int44</name>
         <value>0xffd8</value>
         <object_component_ref idref="oc-78"/>
      </symbol>
      <symbol id="sm-633">
         <name>timeTrackingISR</name>
         <value>0x923c</value>
         <object_component_ref idref="oc-331"/>
      </symbol>
      <symbol id="sm-634">
         <name>__TI_int53</name>
         <value>0xffea</value>
         <object_component_ref idref="oc-81"/>
      </symbol>
      <symbol id="sm-635">
         <name>lowPowerSleep</name>
         <value>0x94d6</value>
         <object_component_ref idref="oc-4c4"/>
      </symbol>
      <symbol id="sm-636">
         <name>timeOutISR</name>
         <value>0x8ede</value>
         <object_component_ref idref="oc-32b"/>
      </symbol>
      <symbol id="sm-637">
         <name>LPM3_TimerISR</name>
         <value>0x95a4</value>
         <object_component_ref idref="oc-31a"/>
      </symbol>
      <symbol id="sm-63f">
         <name>_stack</name>
         <value>0x3390</value>
         <object_component_ref idref="oc-2f6"/>
      </symbol>
      <symbol id="sm-640">
         <name>_reset_vector</name>
         <value>0xfffe</value>
         <object_component_ref idref="oc-2f9"/>
      </symbol>
      <symbol id="sm-64a">
         <name>_c_int00_noargs_noexit</name>
         <value>0x9546</value>
         <object_component_ref idref="oc-a9"/>
      </symbol>
      <symbol id="sm-660">
         <name>__TI_decompress_none</name>
         <value>0x95f2</value>
         <object_component_ref idref="oc-69"/>
      </symbol>
      <symbol id="sm-682">
         <name>__TI_decompress_rle24</name>
         <value>0x968a</value>
         <object_component_ref idref="oc-6f"/>
      </symbol>
      <symbol id="sm-68d">
         <name>C$$EXIT</name>
         <value>0x9684</value>
         <object_component_ref idref="oc-36c"/>
      </symbol>
      <symbol id="sm-68e">
         <name>abort</name>
         <value>0x9684</value>
         <object_component_ref idref="oc-36c"/>
      </symbol>
      <symbol id="sm-69d">
         <name>memcpy</name>
         <value>0x9616</value>
         <object_component_ref idref="oc-2fa"/>
      </symbol>
      <symbol id="sm-6ab">
         <name>memset</name>
         <value>0x95b8</value>
         <object_component_ref idref="oc-4bd"/>
      </symbol>
      <symbol id="sm-6b6">
         <name>__mspabi_mpyi_f5hw</name>
         <value>0x95cc</value>
         <object_component_ref idref="oc-47a"/>
      </symbol>
      <symbol id="sm-6dc">
         <name>_auto_init_hold_wdt</name>
         <value>0x8b88</value>
         <object_component_ref idref="oc-34a"/>
      </symbol>
      <symbol id="sm-6f2">
         <name>copy_in</name>
         <value>0x8f3a</value>
         <object_component_ref idref="oc-3d3"/>
      </symbol>
      <symbol id="sm-6fb">
         <name>_system_post_cinit</name>
         <value>0x9690</value>
         <object_component_ref idref="oc-3d9"/>
      </symbol>
      <symbol id="sm-6fd">
         <name>__TI_BINIT_Base</name>
         <value>0x0</value>
      </symbol>
      <symbol id="sm-6fe">
         <name>__TI_BINIT_Limit</name>
         <value>0x0</value>
      </symbol>
      <symbol id="sm-6ff">
         <name>__TI_INITARRAY_Base</name>
         <value>0x0</value>
      </symbol>
      <symbol id="sm-700">
         <name>__TI_INITARRAY_Limit</name>
         <value>0x0</value>
      </symbol>
   </symbol_table>
   <title>Link successful</title>
</link_info>
