<?xml version="1.0"?>
<link_info>
   <banner>MSP430 Linker Unix v15.12.1.LTS</banner>
   <copyright>Copyright (c) 2003-2015 Texas Instruments Incorporated</copyright>
   <link_time>0x58a8b1c7</link_time>
   <link_errors>0x0</link_errors>
   <output_file>nfc-eink-img-update-demo.out</output_file>
   <entry_point>
      <name>_c_int00_noargs_noexit</name>
      <address>0x9426</address>
   </entry_point>
   <input_file_list>
      <input_file id="fl-2">
         <path>./</path>
         <kind>object</kind>
         <file>main.obj</file>
         <name>main.obj</name>
      </input_file>
      <input_file id="fl-3">
         <path>./NFC_protocol/</path>
         <kind>object</kind>
         <file>RX_ISR.obj</file>
         <name>RX_ISR.obj</name>
      </input_file>
      <input_file id="fl-4">
         <path>./NFC_protocol/</path>
         <kind>object</kind>
         <file>_14443_B.obj</file>
         <name>_14443_B.obj</name>
      </input_file>
      <input_file id="fl-5">
         <path>./NFC_protocol/</path>
         <kind>object</kind>
         <file>_14443_B_protocol.obj</file>
         <name>_14443_B_protocol.obj</name>
      </input_file>
      <input_file id="fl-6">
         <path>./NFC_protocol/</path>
         <kind>object</kind>
         <file>crc_checker.obj</file>
         <name>crc_checker.obj</name>
      </input_file>
      <input_file id="fl-7">
         <path>./NFC_protocol/</path>
         <kind>object</kind>
         <file>doNFC.obj</file>
         <name>doNFC.obj</name>
      </input_file>
      <input_file id="fl-8">
         <path>./NFC_protocol/</path>
         <kind>object</kind>
         <file>send_bpsk.obj</file>
         <name>send_bpsk.obj</name>
      </input_file>
      <input_file id="fl-9">
         <path>./UserApp/</path>
         <kind>object</kind>
         <file>myApp.obj</file>
         <name>myApp.obj</name>
      </input_file>
      <input_file id="fl-a">
         <path>./UserApp/</path>
         <kind>object</kind>
         <file>myE-paperApp.obj</file>
         <name>myE-paperApp.obj</name>
      </input_file>
      <input_file id="fl-b">
         <path>./UserApp/</path>
         <kind>object</kind>
         <file>myNFC_Protocol.obj</file>
         <name>myNFC_Protocol.obj</name>
      </input_file>
      <input_file id="fl-c">
         <path>./UserApp/</path>
         <kind>object</kind>
         <file>tempSense.obj</file>
         <name>tempSense.obj</name>
      </input_file>
      <input_file id="fl-d">
         <path>./common/</path>
         <kind>object</kind>
         <file>_system_pre_init.obj</file>
         <name>_system_pre_init.obj</name>
      </input_file>
      <input_file id="fl-e">
         <path>./common/</path>
         <kind>object</kind>
         <file>accel.obj</file>
         <name>accel.obj</name>
      </input_file>
      <input_file id="fl-f">
         <path>./common/</path>
         <kind>object</kind>
         <file>e-paper.obj</file>
         <name>e-paper.obj</name>
      </input_file>
      <input_file id="fl-10">
         <path>./common/</path>
         <kind>object</kind>
         <file>fram_memory.obj</file>
         <name>fram_memory.obj</name>
      </input_file>
      <input_file id="fl-11">
         <path>./common/</path>
         <kind>object</kind>
         <file>globals.obj</file>
         <name>globals.obj</name>
      </input_file>
      <input_file id="fl-12">
         <path>./common/</path>
         <kind>object</kind>
         <file>spi.obj</file>
         <name>spi.obj</name>
      </input_file>
      <input_file id="fl-13">
         <path>./common/</path>
         <kind>object</kind>
         <file>timer.obj</file>
         <name>timer.obj</name>
      </input_file>
      <input_file id="fl-2f">
         <path>/Applications/ti/ccsv6/tools/compiler/ti-cgt-msp430_15.12.1.LTS/lib/</path>
         <kind>archive</kind>
         <file>rts430x_sc_sd_eabi.lib</file>
         <name>boot.obj</name>
      </input_file>
      <input_file id="fl-30">
         <path>/Applications/ti/ccsv6/tools/compiler/ti-cgt-msp430_15.12.1.LTS/lib/</path>
         <kind>archive</kind>
         <file>rts430x_sc_sd_eabi.lib</file>
         <name>boot_special.obj</name>
      </input_file>
      <input_file id="fl-31">
         <path>/Applications/ti/ccsv6/tools/compiler/ti-cgt-msp430_15.12.1.LTS/lib/</path>
         <kind>archive</kind>
         <file>rts430x_sc_sd_eabi.lib</file>
         <name>copy_decompress_none.obj</name>
      </input_file>
      <input_file id="fl-32">
         <path>/Applications/ti/ccsv6/tools/compiler/ti-cgt-msp430_15.12.1.LTS/lib/</path>
         <kind>archive</kind>
         <file>rts430x_sc_sd_eabi.lib</file>
         <name>copy_decompress_rle.obj</name>
      </input_file>
      <input_file id="fl-33">
         <path>/Applications/ti/ccsv6/tools/compiler/ti-cgt-msp430_15.12.1.LTS/lib/</path>
         <kind>archive</kind>
         <file>rts430x_sc_sd_eabi.lib</file>
         <name>copy_zero_init.obj</name>
      </input_file>
      <input_file id="fl-34">
         <path>/Applications/ti/ccsv6/tools/compiler/ti-cgt-msp430_15.12.1.LTS/lib/</path>
         <kind>archive</kind>
         <file>rts430x_sc_sd_eabi.lib</file>
         <name>exit.obj</name>
      </input_file>
      <input_file id="fl-35">
         <path>/Applications/ti/ccsv6/tools/compiler/ti-cgt-msp430_15.12.1.LTS/lib/</path>
         <kind>archive</kind>
         <file>rts430x_sc_sd_eabi.lib</file>
         <name>exit_gvars.obj</name>
      </input_file>
      <input_file id="fl-36">
         <path>/Applications/ti/ccsv6/tools/compiler/ti-cgt-msp430_15.12.1.LTS/lib/</path>
         <kind>archive</kind>
         <file>rts430x_sc_sd_eabi.lib</file>
         <name>memcpy.obj</name>
      </input_file>
      <input_file id="fl-37">
         <path>/Applications/ti/ccsv6/tools/compiler/ti-cgt-msp430_15.12.1.LTS/lib/</path>
         <kind>archive</kind>
         <file>rts430x_sc_sd_eabi.lib</file>
         <name>memset.obj</name>
      </input_file>
      <input_file id="fl-38">
         <path>/Applications/ti/ccsv6/tools/compiler/ti-cgt-msp430_15.12.1.LTS/lib/</path>
         <kind>archive</kind>
         <file>rts430x_sc_sd_eabi.lib</file>
         <name>mpu_init.obj</name>
      </input_file>
      <input_file id="fl-39">
         <path>/Applications/ti/ccsv6/tools/compiler/ti-cgt-msp430_15.12.1.LTS/lib/</path>
         <kind>archive</kind>
         <file>rts430x_sc_sd_eabi.lib</file>
         <name>mult16.obj</name>
      </input_file>
      <input_file id="fl-3a">
         <path>/Applications/ti/ccsv6/tools/compiler/ti-cgt-msp430_15.12.1.LTS/lib/</path>
         <kind>archive</kind>
         <file>rts430x_sc_sd_eabi.lib</file>
         <name>mult1632_f5hw.obj</name>
      </input_file>
      <input_file id="fl-3b">
         <path>/Applications/ti/ccsv6/tools/compiler/ti-cgt-msp430_15.12.1.LTS/lib/</path>
         <kind>archive</kind>
         <file>rts430x_sc_sd_eabi.lib</file>
         <name>mult16_f5hw.obj</name>
      </input_file>
      <input_file id="fl-3c">
         <path>/Applications/ti/ccsv6/tools/compiler/ti-cgt-msp430_15.12.1.LTS/lib/</path>
         <kind>archive</kind>
         <file>rts430x_sc_sd_eabi.lib</file>
         <name>mult3264_f5hw.obj</name>
      </input_file>
      <input_file id="fl-3d">
         <path>/Applications/ti/ccsv6/tools/compiler/ti-cgt-msp430_15.12.1.LTS/lib/</path>
         <kind>archive</kind>
         <file>rts430x_sc_sd_eabi.lib</file>
         <name>mult32_f5hw.obj</name>
      </input_file>
      <input_file id="fl-3e">
         <path>/Applications/ti/ccsv6/tools/compiler/ti-cgt-msp430_15.12.1.LTS/lib/</path>
         <kind>archive</kind>
         <file>rts430x_sc_sd_eabi.lib</file>
         <name>mult64_f5hw.obj</name>
      </input_file>
      <input_file id="fl-3f">
         <path>/Applications/ti/ccsv6/tools/compiler/ti-cgt-msp430_15.12.1.LTS/lib/</path>
         <kind>archive</kind>
         <file>rts430x_sc_sd_eabi.lib</file>
         <name>_lock.obj</name>
      </input_file>
      <input_file id="fl-40">
         <path>/Applications/ti/ccsv6/tools/compiler/ti-cgt-msp430_15.12.1.LTS/lib/</path>
         <kind>archive</kind>
         <file>rts430x_sc_sd_eabi.lib</file>
         <name>args_main.obj</name>
      </input_file>
      <input_file id="fl-41">
         <path>/Applications/ti/ccsv6/tools/compiler/ti-cgt-msp430_15.12.1.LTS/lib/</path>
         <kind>archive</kind>
         <file>rts430x_sc_sd_eabi.lib</file>
         <name>autoinit_wdt.obj</name>
      </input_file>
      <input_file id="fl-42">
         <path>/Applications/ti/ccsv6/tools/compiler/ti-cgt-msp430_15.12.1.LTS/lib/</path>
         <kind>archive</kind>
         <file>rts430x_sc_sd_eabi.lib</file>
         <name>cpy_tbl.obj</name>
      </input_file>
      <input_file id="fl-43">
         <path>/Applications/ti/ccsv6/tools/compiler/ti-cgt-msp430_15.12.1.LTS/lib/</path>
         <kind>archive</kind>
         <file>rts430x_sc_sd_eabi.lib</file>
         <name>startup.obj</name>
      </input_file>
   </input_file_list>
   <object_component_list>
      <object_component id="oc-4eb">
         <name>.bss</name>
         <uninitialized>true</uninitialized>
         <run_address>0x27f4</run_address>
         <size>0x6</size>
         <input_file_ref idref="fl-5"/>
      </object_component>
      <object_component id="oc-54f">
         <name>.bss:tmp_buffer</name>
         <uninitialized>true</uninitialized>
         <run_address>0x2560</run_address>
         <size>0x1f4</size>
         <input_file_ref idref="fl-5"/>
      </object_component>
      <object_component id="oc-4f0">
         <name>.bss</name>
         <uninitialized>true</uninitialized>
         <run_address>0x27fa</run_address>
         <size>0x4</size>
         <input_file_ref idref="fl-b"/>
      </object_component>
      <object_component id="oc-3cc">
         <name>.bss</name>
         <uninitialized>true</uninitialized>
         <run_address>0x2806</run_address>
         <size>0x2</size>
         <input_file_ref idref="fl-c"/>
      </object_component>
      <object_component id="oc-3b9">
         <name>.bss:spiSM</name>
         <uninitialized>true</uninitialized>
         <run_address>0x27e6</run_address>
         <size>0xe</size>
         <input_file_ref idref="fl-12"/>
      </object_component>
      <object_component id="oc-398">
         <name>.common:TXByteCtr</name>
         <uninitialized>true</uninitialized>
         <run_address>0x2818</run_address>
         <size>0x1</size>
      </object_component>
      <object_component id="oc-3b7">
         <name>.common:RXByteCtr</name>
         <uninitialized>true</uninitialized>
         <run_address>0x2817</run_address>
         <size>0x1</size>
      </object_component>
      <object_component id="oc-5d6">
         <name>.common:TXData</name>
         <uninitialized>true</uninitialized>
         <run_address>0x2819</run_address>
         <size>0x1</size>
      </object_component>
      <object_component id="oc-3b5">
         <name>.common:MODE</name>
         <uninitialized>true</uninitialized>
         <run_address>0x2808</run_address>
         <size>0x2</size>
      </object_component>
      <object_component id="oc-3b8">
         <name>.common:PRxData</name>
         <uninitialized>true</uninitialized>
         <run_address>0x280a</run_address>
         <size>0x2</size>
      </object_component>
      <object_component id="oc-3b6">
         <name>.common:PTxData</name>
         <uninitialized>true</uninitialized>
         <run_address>0x280c</run_address>
         <size>0x2</size>
      </object_component>
      <object_component id="oc-4e9">
         <name>.common:read_command_number</name>
         <uninitialized>true</uninitialized>
         <run_address>0x2822</run_address>
         <size>0x1</size>
      </object_component>
      <object_component id="oc-4e8">
         <name>.common:CID</name>
         <uninitialized>true</uninitialized>
         <run_address>0x2816</run_address>
         <size>0x1</size>
      </object_component>
      <object_component id="oc-4ea">
         <name>.common:pcd_max_frame_size</name>
         <uninitialized>true</uninitialized>
         <run_address>0x2812</run_address>
         <size>0x2</size>
      </object_component>
      <object_component id="oc-4ee">
         <name>.common:lastTxIndex</name>
         <uninitialized>true</uninitialized>
         <run_address>0x2820</run_address>
         <size>0x1</size>
      </object_component>
      <object_component id="oc-3bd">
         <name>.common:doNFC_state</name>
         <uninitialized>true</uninitialized>
         <run_address>0x281e</run_address>
         <size>0x1</size>
      </object_component>
      <object_component id="oc-394">
         <name>.common:debug_interrupt</name>
         <uninitialized>true</uninitialized>
         <run_address>0x281d</run_address>
         <size>0x1</size>
      </object_component>
      <object_component id="oc-3c4">
         <name>.common:rx_buffer</name>
         <uninitialized>true</uninitialized>
         <run_address>0x2754</run_address>
         <size>0x40</size>
      </object_component>
      <object_component id="oc-4f4">
         <name>.common:transmitCommand</name>
         <uninitialized>true</uninitialized>
         <run_address>0x2794</run_address>
         <size>0x40</size>
      </object_component>
      <object_component id="oc-4e7">
         <name>.common:uid</name>
         <uninitialized>true</uninitialized>
         <run_address>0x2802</run_address>
         <size>0x4</size>
      </object_component>
      <object_component id="oc-4f5">
         <name>.common:bpsk_ct</name>
         <uninitialized>true</uninitialized>
         <run_address>0x281b</run_address>
         <size>0x1</size>
      </object_component>
      <object_component id="oc-4f6">
         <name>.common:next_bit_value</name>
         <uninitialized>true</uninitialized>
         <run_address>0x2821</run_address>
         <size>0x1</size>
      </object_component>
      <object_component id="oc-4f7">
         <name>.common:bpsk_send_bit_count</name>
         <uninitialized>true</uninitialized>
         <run_address>0x281c</run_address>
         <size>0x1</size>
      </object_component>
      <object_component id="oc-54e">
         <name>.common:numberOfBitsTX</name>
         <uninitialized>true</uninitialized>
         <run_address>0x2810</run_address>
         <size>0x2</size>
      </object_component>
      <object_component id="oc-565">
         <name>.common:timer</name>
         <uninitialized>true</uninitialized>
         <run_address>0x2814</run_address>
         <size>0x2</size>
      </object_component>
      <object_component id="oc-3c7">
         <name>.common:RTC_ctr</name>
         <uninitialized>true</uninitialized>
         <run_address>0x27fe</run_address>
         <size>0x4</size>
      </object_component>
      <object_component id="oc-3c8">
         <name>.common:senseState</name>
         <uninitialized>true</uninitialized>
         <run_address>0x2823</run_address>
         <size>0x1</size>
      </object_component>
      <object_component id="oc-3c5">
         <name>.common:accelState</name>
         <uninitialized>true</uninitialized>
         <run_address>0x281a</run_address>
         <size>0x1</size>
      </object_component>
      <object_component id="oc-390">
         <name>.common:bad_interrupts</name>
         <uninitialized>true</uninitialized>
         <run_address>0x280e</run_address>
         <size>0x2</size>
      </object_component>
      <object_component id="oc-4d2">
         <name>.common:imageBuffer</name>
         <uninitialized>true</uninitialized>
         <run_address>0x1c00</run_address>
         <size>0x960</size>
      </object_component>
      <object_component id="oc-3c9">
         <name>.common:imageUpdateState</name>
         <uninitialized>true</uninitialized>
         <run_address>0x281f</run_address>
         <size>0x1</size>
      </object_component>
      <object_component id="oc-4b4">
         <name>.common:gpRxBuf</name>
         <uninitialized>true</uninitialized>
         <run_address>0x27d4</run_address>
         <size>0x12</size>
      </object_component>
      <object_component id="oc-3c1">
         <name>.data</name>
         <load_address>0x2824</load_address>
         <run_address>0x2824</run_address>
         <size>0x1</size>
         <input_file_ref idref="fl-4"/>
      </object_component>
      <object_component id="oc-3be">
         <name>.data</name>
         <load_address>0x2825</load_address>
         <run_address>0x2825</run_address>
         <size>0x1</size>
         <input_file_ref idref="fl-7"/>
      </object_component>
      <object_component id="oc-2f6">
         <name>.stack</name>
         <uninitialized>true</uninitialized>
         <run_address>0x3390</run_address>
         <size>0x2</size>
         <input_file_ref idref="fl-2f"/>
      </object_component>
      <object_component id="oc-65e">
         <name>.stack</name>
         <uninitialized>true</uninitialized>
         <run_address>0x3390</run_address>
         <size>0x0</size>
      </object_component>
      <object_component id="oc-50e">
         <name>.text:_14443_B_protocol</name>
         <load_address>0x8000</load_address>
         <run_address>0x8000</run_address>
         <size>0x1de</size>
         <input_file_ref idref="fl-5"/>
      </object_component>
      <object_component id="oc-582">
         <name>.text:EPD_line</name>
         <load_address>0x81de</load_address>
         <run_address>0x81de</run_address>
         <size>0x1d6</size>
         <input_file_ref idref="fl-f"/>
      </object_component>
      <object_component id="oc-514">
         <name>.text:send_bpsk</name>
         <load_address>0x83b4</load_address>
         <run_address>0x83b4</run_address>
         <size>0x16e</size>
         <input_file_ref idref="fl-8"/>
      </object_component>
      <object_component id="oc-326">
         <name>.text</name>
         <load_address>0x8522</load_address>
         <run_address>0x8522</run_address>
         <size>0x142</size>
         <input_file_ref idref="fl-3"/>
      </object_component>
      <object_component id="oc-573">
         <name>.text:EPD_initialize_driver</name>
         <load_address>0x8664</load_address>
         <run_address>0x8664</run_address>
         <size>0xea</size>
         <input_file_ref idref="fl-f"/>
      </object_component>
      <object_component id="oc-320">
         <name>.text:USCI_B1_ISR</name>
         <load_address>0x874e</load_address>
         <run_address>0x874e</run_address>
         <size>0xe0</size>
         <input_file_ref idref="fl-12"/>
      </object_component>
      <object_component id="oc-52b">
         <name>.text:EPD_power_off</name>
         <load_address>0x882e</load_address>
         <run_address>0x882e</run_address>
         <size>0xae</size>
         <input_file_ref idref="fl-f"/>
      </object_component>
      <object_component id="oc-344">
         <name>.text:_system_pre_init</name>
         <load_address>0x88dc</load_address>
         <run_address>0x88dc</run_address>
         <size>0xaa</size>
         <input_file_ref idref="fl-d"/>
      </object_component>
      <object_component id="oc-5ba">
         <name>.text:epd_spi_send</name>
         <load_address>0x8986</load_address>
         <run_address>0x8986</run_address>
         <size>0x84</size>
         <input_file_ref idref="fl-12"/>
      </object_component>
      <object_component id="oc-552">
         <name>.text:nfc_wisp_protocol</name>
         <load_address>0x8a0a</load_address>
         <run_address>0x8a0a</run_address>
         <size>0x82</size>
         <input_file_ref idref="fl-b"/>
      </object_component>
      <object_component id="oc-34a">
         <name>.text:_auto_init_hold_wdt</name>
         <load_address>0x8a8c</load_address>
         <run_address>0x8a8c</run_address>
         <size>0x7e</size>
         <input_file_ref idref="fl-41"/>
      </object_component>
      <object_component id="oc-4bf">
         <name>.text:sleep_until_read</name>
         <load_address>0x8b0a</load_address>
         <run_address>0x8b0a</run_address>
         <size>0x76</size>
         <input_file_ref idref="fl-7"/>
      </object_component>
      <object_component id="oc-4c5">
         <name>.text:doRFID_14443B</name>
         <load_address>0x8b80</load_address>
         <run_address>0x8b80</run_address>
         <size>0x70</size>
         <input_file_ref idref="fl-7"/>
      </object_component>
      <object_component id="oc-525">
         <name>.text:EPD_frame_newImg</name>
         <load_address>0x8bf0</load_address>
         <run_address>0x8bf0</run_address>
         <size>0x64</size>
         <input_file_ref idref="fl-f"/>
      </object_component>
      <object_component id="oc-307">
         <name>.text:__TI_decompress_rle_core</name>
         <load_address>0x8c54</load_address>
         <run_address>0x8c54</run_address>
         <size>0x62</size>
         <input_file_ref idref="fl-32"/>
      </object_component>
      <object_component id="oc-589">
         <name>.text:epd_spi_send_byte</name>
         <load_address>0x8cb6</load_address>
         <run_address>0x8cb6</run_address>
         <size>0x60</size>
         <input_file_ref idref="fl-12"/>
      </object_component>
      <object_component id="oc-5b4">
         <name>.text:SPI_READ</name>
         <load_address>0x8d16</load_address>
         <run_address>0x8d16</run_address>
         <size>0x5e</size>
         <input_file_ref idref="fl-12"/>
      </object_component>
      <object_component id="oc-32b">
         <name>.text:timeOutISR</name>
         <load_address>0x8d74</load_address>
         <run_address>0x8d74</run_address>
         <size>0x5c</size>
         <input_file_ref idref="fl-13"/>
      </object_component>
      <object_component id="oc-597">
         <name>.text:I2C_Rx</name>
         <load_address>0x8dd0</load_address>
         <run_address>0x8dd0</run_address>
         <size>0x5a</size>
         <input_file_ref idref="fl-12"/>
      </object_component>
      <object_component id="oc-400">
         <name>.text:SPI_initialize</name>
         <load_address>0x8e2a</load_address>
         <run_address>0x8e2a</run_address>
         <size>0x5a</size>
         <input_file_ref idref="fl-12"/>
      </object_component>
      <object_component id="oc-3d3">
         <name>.text:copy_in</name>
         <load_address>0x8e84</load_address>
         <run_address>0x8e84</run_address>
         <size>0x58</size>
         <input_file_ref idref="fl-42"/>
      </object_component>
      <object_component id="oc-502">
         <name>.text:doNFC_Rx</name>
         <load_address>0x8edc</load_address>
         <run_address>0x8edc</run_address>
         <size>0x58</size>
         <input_file_ref idref="fl-4"/>
      </object_component>
      <object_component id="oc-5a3">
         <name>.text:SPI_FRAM_Write_Memory</name>
         <load_address>0x8f34</load_address>
         <run_address>0x8f34</run_address>
         <size>0x56</size>
         <input_file_ref idref="fl-10"/>
      </object_component>
      <object_component id="oc-5e9">
         <name>.text:SPI_SlaveOff</name>
         <load_address>0x8f8a</load_address>
         <run_address>0x8f8a</run_address>
         <size>0x50</size>
         <input_file_ref idref="fl-12"/>
      </object_component>
      <object_component id="oc-508">
         <name>.text:hw_crc_validate</name>
         <load_address>0x8fda</load_address>
         <run_address>0x8fda</run_address>
         <size>0x4c</size>
         <input_file_ref idref="fl-6"/>
      </object_component>
      <object_component id="oc-4ad">
         <name>.text:initialize_bpsk</name>
         <load_address>0x9026</load_address>
         <run_address>0x9026</run_address>
         <size>0x48</size>
         <input_file_ref idref="fl-8"/>
      </object_component>
      <object_component id="oc-364">
         <name>.text:main</name>
         <load_address>0x906e</load_address>
         <run_address>0x906e</run_address>
         <size>0x44</size>
         <input_file_ref idref="fl-2"/>
      </object_component>
      <object_component id="oc-4fc">
         <name>.text:sleep_until_edges</name>
         <load_address>0x90b2</load_address>
         <run_address>0x90b2</run_address>
         <size>0x42</size>
         <input_file_ref idref="fl-7"/>
      </object_component>
      <object_component id="oc-55e">
         <name>.text:hw_crc_ccitt</name>
         <load_address>0x90f4</load_address>
         <run_address>0x90f4</run_address>
         <size>0x40</size>
         <input_file_ref idref="fl-6"/>
      </object_component>
      <object_component id="oc-331">
         <name>.text:timeTrackingISR</name>
         <load_address>0x9134</load_address>
         <run_address>0x9134</run_address>
         <size>0x40</size>
         <input_file_ref idref="fl-13"/>
      </object_component>
      <object_component id="oc-56d">
         <name>.text:EPD_power_on</name>
         <load_address>0x9174</load_address>
         <run_address>0x9174</run_address>
         <size>0x3e</size>
         <input_file_ref idref="fl-f"/>
      </object_component>
      <object_component id="oc-412">
         <name>.text:I2C_Tx</name>
         <load_address>0x91b2</load_address>
         <run_address>0x91b2</run_address>
         <size>0x3e</size>
         <input_file_ref idref="fl-12"/>
      </object_component>
      <object_component id="oc-406">
         <name>.text:I2C_config</name>
         <load_address>0x91f0</load_address>
         <run_address>0x91f0</run_address>
         <size>0x3a</size>
         <input_file_ref idref="fl-12"/>
      </object_component>
      <object_component id="oc-5cb">
         <name>.text:SPI_transaction</name>
         <load_address>0x922a</load_address>
         <run_address>0x922a</run_address>
         <size>0x38</size>
         <input_file_ref idref="fl-12"/>
      </object_component>
      <object_component id="oc-4a1">
         <name>.text:initialize_14443_B_protocol</name>
         <load_address>0x9262</load_address>
         <run_address>0x9262</run_address>
         <size>0x38</size>
         <input_file_ref idref="fl-5"/>
      </object_component>
      <object_component id="oc-4d3">
         <name>.text:updateDisplay2</name>
         <load_address>0x929a</load_address>
         <run_address>0x929a</run_address>
         <size>0x32</size>
         <input_file_ref idref="fl-a"/>
      </object_component>
      <object_component id="oc-5e3">
         <name>.text:SPI_SlaveOn</name>
         <load_address>0x92cc</load_address>
         <run_address>0x92cc</run_address>
         <size>0x30</size>
         <input_file_ref idref="fl-12"/>
      </object_component>
      <object_component id="oc-41e">
         <name>.text:Demo2</name>
         <load_address>0x92fc</load_address>
         <run_address>0x92fc</run_address>
         <size>0x2a</size>
         <input_file_ref idref="fl-9"/>
      </object_component>
      <object_component id="oc-57c">
         <name>.text:EPD_frame_fixed</name>
         <load_address>0x9326</load_address>
         <run_address>0x9326</run_address>
         <size>0x2a</size>
         <input_file_ref idref="fl-f"/>
      </object_component>
      <object_component id="oc-59d">
         <name>.text:SPI_FRAM_Write_Enable_Latch</name>
         <load_address>0x9350</load_address>
         <run_address>0x9350</run_address>
         <size>0x22</size>
         <input_file_ref idref="fl-10"/>
      </object_component>
      <object_component id="oc-5c5">
         <name>.text:SPI_put_wait</name>
         <load_address>0x9372</load_address>
         <run_address>0x9372</run_address>
         <size>0x22</size>
         <input_file_ref idref="fl-12"/>
      </object_component>
      <object_component id="oc-545">
         <name>.text:delay_us</name>
         <load_address>0x9394</load_address>
         <run_address>0x9394</run_address>
         <size>0x1e</size>
         <input_file_ref idref="fl-13"/>
      </object_component>
      <object_component id="oc-4a7">
         <name>.text:initialize_nfc_wisp_protocol</name>
         <load_address>0x93b2</load_address>
         <run_address>0x93b2</run_address>
         <size>0x1e</size>
         <input_file_ref idref="fl-b"/>
      </object_component>
      <object_component id="oc-4cc">
         <name>.text:lowPowerSleep</name>
         <load_address>0x93d0</load_address>
         <run_address>0x93d0</run_address>
         <size>0x1e</size>
         <input_file_ref idref="fl-13"/>
      </object_component>
      <object_component id="oc-566">
         <name>.text:next_bit</name>
         <load_address>0x93ee</load_address>
         <run_address>0x93ee</run_address>
         <size>0x1e</size>
         <input_file_ref idref="fl-8"/>
      </object_component>
      <object_component id="oc-337">
         <name>.text:ADC10ISR</name>
         <load_address>0x940c</load_address>
         <run_address>0x940c</run_address>
         <size>0x1a</size>
         <input_file_ref idref="fl-c"/>
      </object_component>
      <object_component id="oc-a9">
         <name>.text:_c_int00_noargs_noexit</name>
         <load_address>0x9426</load_address>
         <run_address>0x9426</run_address>
         <size>0x1a</size>
         <input_file_ref idref="fl-30"/>
      </object_component>
      <object_component id="oc-418">
         <name>.text:doNFC</name>
         <load_address>0x9440</load_address>
         <run_address>0x9440</run_address>
         <size>0x18</size>
         <input_file_ref idref="fl-7"/>
      </object_component>
      <object_component id="oc-40c">
         <name>.text:I2C_Tx_config</name>
         <load_address>0x9458</load_address>
         <run_address>0x9458</run_address>
         <size>0x16</size>
         <input_file_ref idref="fl-12"/>
      </object_component>
      <object_component id="oc-31a">
         <name>.text:LPM3_TimerISR</name>
         <load_address>0x946e</load_address>
         <run_address>0x946e</run_address>
         <size>0x14</size>
         <input_file_ref idref="fl-13"/>
      </object_component>
      <object_component id="oc-4b5">
         <name>.text:memset</name>
         <load_address>0x9482</load_address>
         <run_address>0x9482</run_address>
         <size>0x14</size>
         <input_file_ref idref="fl-37"/>
      </object_component>
      <object_component id="oc-472">
         <name>.text</name>
         <load_address>0x9496</load_address>
         <run_address>0x9496</run_address>
         <size>0x14</size>
         <input_file_ref idref="fl-3b"/>
      </object_component>
      <object_component id="oc-558">
         <name>.text:add_pupi</name>
         <load_address>0x94aa</load_address>
         <run_address>0x94aa</run_address>
         <size>0x12</size>
         <input_file_ref idref="fl-5"/>
      </object_component>
      <object_component id="oc-69">
         <name>.text:decompress:none:__TI_decompress_none</name>
         <load_address>0x94bc</load_address>
         <run_address>0x94bc</run_address>
         <size>0x12</size>
         <input_file_ref idref="fl-31"/>
      </object_component>
      <object_component id="oc-3fa">
         <name>.text:initRFID</name>
         <load_address>0x94ce</load_address>
         <run_address>0x94ce</run_address>
         <size>0x12</size>
         <input_file_ref idref="fl-7"/>
      </object_component>
      <object_component id="oc-2fa">
         <name>.text:memcpy</name>
         <load_address>0x94e0</load_address>
         <run_address>0x94e0</run_address>
         <size>0x12</size>
         <input_file_ref idref="fl-36"/>
      </object_component>
      <object_component id="oc-538">
         <name>.text:timeout_init</name>
         <load_address>0x94f2</load_address>
         <run_address>0x94f2</run_address>
         <size>0x12</size>
         <input_file_ref idref="fl-13"/>
      </object_component>
      <object_component id="oc-5ac">
         <name>.text:shift_mask</name>
         <load_address>0x9504</load_address>
         <run_address>0x9504</run_address>
         <size>0x10</size>
         <input_file_ref idref="fl-8"/>
      </object_component>
      <object_component id="oc-53e">
         <name>.text:timeout_halt</name>
         <load_address>0x9514</load_address>
         <run_address>0x9514</run_address>
         <size>0xa</size>
         <input_file_ref idref="fl-13"/>
      </object_component>
      <object_component id="oc-314">
         <name>.text:CATCH_ALL</name>
         <load_address>0x951e</load_address>
         <run_address>0x951e</run_address>
         <size>0x8</size>
         <input_file_ref idref="fl-d"/>
      </object_component>
      <object_component id="oc-51c">
         <name>.text:EPD_power_init</name>
         <load_address>0x9526</load_address>
         <run_address>0x9526</run_address>
         <size>0x8</size>
         <input_file_ref idref="fl-f"/>
      </object_component>
      <object_component id="oc-36c">
         <name>.text:abort</name>
         <load_address>0x952e</load_address>
         <run_address>0x952e</run_address>
         <size>0x6</size>
         <input_file_ref idref="fl-34"/>
      </object_component>
      <object_component id="oc-6f">
         <name>.text:decompress:rle24:__TI_decompress_rle24</name>
         <load_address>0x9534</load_address>
         <run_address>0x9534</run_address>
         <size>0x6</size>
         <input_file_ref idref="fl-32"/>
      </object_component>
      <object_component id="oc-3d9">
         <name>.text:_system_post_cinit</name>
         <load_address>0x953a</load_address>
         <run_address>0x953a</run_address>
         <size>0x2</size>
         <input_file_ref idref="fl-43"/>
      </object_component>
      <object_component id="oc-65c">
         <name>.cinit..bss.load</name>
         <load_address>0x9552</load_address>
         <run_address>0x9552</run_address>
         <size>0xb</size>
      </object_component>
      <object_component id="oc-65d">
         <name>.cinit..data.load</name>
         <load_address>0x955e</load_address>
         <run_address>0x955e</run_address>
         <size>0x6</size>
      </object_component>
      <object_component id="oc-65a">
         <name>__TI_handler_table</name>
         <load_address>0x9564</load_address>
         <run_address>0x9564</run_address>
         <size>0x4</size>
      </object_component>
      <object_component id="oc-65b">
         <name>__TI_cinit_table</name>
         <load_address>0x9568</load_address>
         <run_address>0x9568</run_address>
         <size>0x8</size>
      </object_component>
      <object_component id="oc-522">
         <name>.const:cog</name>
         <load_address>0x953c</load_address>
         <run_address>0x953c</run_address>
         <size>0xd</size>
         <input_file_ref idref="fl-f"/>
      </object_component>
      <object_component id="oc-5d1">
         <name>.const:.string:SCAN_TABLE</name>
         <load_address>0x954a</load_address>
         <run_address>0x954a</run_address>
         <size>0x4</size>
         <input_file_ref idref="fl-f"/>
      </object_component>
      <object_component id="oc-5db">
         <name>.const:.string:$P$T0$1</name>
         <load_address>0x954e</load_address>
         <run_address>0x954e</run_address>
         <size>0x2</size>
         <input_file_ref idref="fl-12"/>
      </object_component>
      <object_component id="oc-5c2">
         <name>.const:.string:$P$T1$2</name>
         <load_address>0x9550</load_address>
         <run_address>0x9550</run_address>
         <size>0x2</size>
         <input_file_ref idref="fl-f"/>
      </object_component>
      <object_component id="oc-75">
         <name>.int41</name>
         <load_address>0xffd2</load_address>
         <run_address>0xffd2</run_address>
         <size>0x2</size>
         <input_file_ref idref="fl-d"/>
      </object_component>
      <object_component id="oc-76">
         <name>.int42</name>
         <load_address>0xffd4</load_address>
         <run_address>0xffd4</run_address>
         <size>0x2</size>
         <input_file_ref idref="fl-d"/>
      </object_component>
      <object_component id="oc-77">
         <name>.int43</name>
         <load_address>0xffd6</load_address>
         <run_address>0xffd6</run_address>
         <size>0x2</size>
         <input_file_ref idref="fl-d"/>
      </object_component>
      <object_component id="oc-78">
         <name>.int44</name>
         <load_address>0xffd8</load_address>
         <run_address>0xffd8</run_address>
         <size>0x2</size>
         <input_file_ref idref="fl-13"/>
      </object_component>
      <object_component id="oc-79">
         <name>.int45</name>
         <load_address>0xffda</load_address>
         <run_address>0xffda</run_address>
         <size>0x2</size>
         <input_file_ref idref="fl-12"/>
      </object_component>
      <object_component id="oc-7a">
         <name>.int46</name>
         <load_address>0xffdc</load_address>
         <run_address>0xffdc</run_address>
         <size>0x2</size>
         <input_file_ref idref="fl-d"/>
      </object_component>
      <object_component id="oc-7b">
         <name>.int47</name>
         <load_address>0xffde</load_address>
         <run_address>0xffde</run_address>
         <size>0x2</size>
         <input_file_ref idref="fl-3"/>
      </object_component>
      <object_component id="oc-7c">
         <name>.int48</name>
         <load_address>0xffe0</load_address>
         <run_address>0xffe0</run_address>
         <size>0x2</size>
         <input_file_ref idref="fl-d"/>
      </object_component>
      <object_component id="oc-7d">
         <name>.int49</name>
         <load_address>0xffe2</load_address>
         <run_address>0xffe2</run_address>
         <size>0x2</size>
         <input_file_ref idref="fl-13"/>
      </object_component>
      <object_component id="oc-7e">
         <name>.int50</name>
         <load_address>0xffe4</load_address>
         <run_address>0xffe4</run_address>
         <size>0x2</size>
         <input_file_ref idref="fl-d"/>
      </object_component>
      <object_component id="oc-7f">
         <name>.int51</name>
         <load_address>0xffe6</load_address>
         <run_address>0xffe6</run_address>
         <size>0x2</size>
         <input_file_ref idref="fl-d"/>
      </object_component>
      <object_component id="oc-80">
         <name>.int52</name>
         <load_address>0xffe8</load_address>
         <run_address>0xffe8</run_address>
         <size>0x2</size>
         <input_file_ref idref="fl-d"/>
      </object_component>
      <object_component id="oc-81">
         <name>.int53</name>
         <load_address>0xffea</load_address>
         <run_address>0xffea</run_address>
         <size>0x2</size>
         <input_file_ref idref="fl-13"/>
      </object_component>
      <object_component id="oc-82">
         <name>.int54</name>
         <load_address>0xffec</load_address>
         <run_address>0xffec</run_address>
         <size>0x2</size>
         <input_file_ref idref="fl-c"/>
      </object_component>
      <object_component id="oc-83">
         <name>.int55</name>
         <load_address>0xffee</load_address>
         <run_address>0xffee</run_address>
         <size>0x2</size>
         <input_file_ref idref="fl-d"/>
      </object_component>
      <object_component id="oc-84">
         <name>.int56</name>
         <load_address>0xfff0</load_address>
         <run_address>0xfff0</run_address>
         <size>0x2</size>
         <input_file_ref idref="fl-d"/>
      </object_component>
      <object_component id="oc-85">
         <name>.int57</name>
         <load_address>0xfff2</load_address>
         <run_address>0xfff2</run_address>
         <size>0x2</size>
         <input_file_ref idref="fl-d"/>
      </object_component>
      <object_component id="oc-86">
         <name>.int58</name>
         <load_address>0xfff4</load_address>
         <run_address>0xfff4</run_address>
         <size>0x2</size>
         <input_file_ref idref="fl-d"/>
      </object_component>
      <object_component id="oc-87">
         <name>.int59</name>
         <load_address>0xfff6</load_address>
         <run_address>0xfff6</run_address>
         <size>0x2</size>
         <input_file_ref idref="fl-d"/>
      </object_component>
      <object_component id="oc-88">
         <name>.int60</name>
         <load_address>0xfff8</load_address>
         <run_address>0xfff8</run_address>
         <size>0x2</size>
         <input_file_ref idref="fl-d"/>
      </object_component>
      <object_component id="oc-89">
         <name>.int61</name>
         <load_address>0xfffa</load_address>
         <run_address>0xfffa</run_address>
         <size>0x2</size>
         <input_file_ref idref="fl-d"/>
      </object_component>
      <object_component id="oc-8a">
         <name>.int62</name>
         <load_address>0xfffc</load_address>
         <run_address>0xfffc</run_address>
         <size>0x2</size>
         <input_file_ref idref="fl-d"/>
      </object_component>
      <object_component id="oc-2f9">
         <name>.reset</name>
         <load_address>0xfffe</load_address>
         <run_address>0xfffe</run_address>
         <size>0x2</size>
         <input_file_ref idref="fl-2f"/>
      </object_component>
      <object_component id="oc-399">
         <name>.debug_info</name>
         <load_address>0x0</load_address>
         <run_address>0x0</run_address>
         <size>0x34c</size>
         <input_file_ref idref="fl-2"/>
      </object_component>
      <object_component id="oc-365">
         <name>.debug_info</name>
         <load_address>0x34c</load_address>
         <run_address>0x34c</run_address>
         <size>0x1d1</size>
         <input_file_ref idref="fl-2"/>
      </object_component>
      <object_component id="oc-42f">
         <name>.debug_info</name>
         <load_address>0x51d</load_address>
         <run_address>0x51d</run_address>
         <size>0x48</size>
         <input_file_ref idref="fl-2"/>
      </object_component>
      <object_component id="oc-447">
         <name>.debug_info</name>
         <load_address>0x565</load_address>
         <run_address>0x565</run_address>
         <size>0xa5</size>
         <input_file_ref idref="fl-2"/>
      </object_component>
      <object_component id="oc-37a">
         <name>.debug_info</name>
         <load_address>0x60a</load_address>
         <run_address>0x60a</run_address>
         <size>0x84</size>
         <input_file_ref idref="fl-2"/>
      </object_component>
      <object_component id="oc-425">
         <name>.debug_info</name>
         <load_address>0x68e</load_address>
         <run_address>0x68e</run_address>
         <size>0x18b</size>
         <input_file_ref idref="fl-2"/>
      </object_component>
      <object_component id="oc-327">
         <name>.debug_info</name>
         <load_address>0x819</load_address>
         <run_address>0x819</run_address>
         <size>0x146</size>
         <input_file_ref idref="fl-3"/>
      </object_component>
      <object_component id="oc-39b">
         <name>.debug_info</name>
         <load_address>0x95f</load_address>
         <run_address>0x95f</run_address>
         <size>0x418</size>
         <input_file_ref idref="fl-4"/>
      </object_component>
      <object_component id="oc-3c2">
         <name>.debug_info</name>
         <load_address>0xd77</load_address>
         <run_address>0xd77</run_address>
         <size>0x138</size>
         <input_file_ref idref="fl-4"/>
      </object_component>
      <object_component id="oc-503">
         <name>.debug_info</name>
         <load_address>0xeaf</load_address>
         <run_address>0xeaf</run_address>
         <size>0x199</size>
         <input_file_ref idref="fl-4"/>
      </object_component>
      <object_component id="oc-39d">
         <name>.debug_info</name>
         <load_address>0x1048</load_address>
         <run_address>0x1048</run_address>
         <size>0x48b</size>
         <input_file_ref idref="fl-5"/>
      </object_component>
      <object_component id="oc-4ec">
         <name>.debug_info</name>
         <load_address>0x14d3</load_address>
         <run_address>0x14d3</run_address>
         <size>0x180</size>
         <input_file_ref idref="fl-5"/>
      </object_component>
      <object_component id="oc-550">
         <name>.debug_info</name>
         <load_address>0x1653</load_address>
         <run_address>0x1653</run_address>
         <size>0x146</size>
         <input_file_ref idref="fl-5"/>
      </object_component>
      <object_component id="oc-4a2">
         <name>.debug_info</name>
         <load_address>0x1799</load_address>
         <run_address>0x1799</run_address>
         <size>0x1c7</size>
         <input_file_ref idref="fl-5"/>
      </object_component>
      <object_component id="oc-50f">
         <name>.debug_info</name>
         <load_address>0x1960</load_address>
         <run_address>0x1960</run_address>
         <size>0x22b</size>
         <input_file_ref idref="fl-5"/>
      </object_component>
      <object_component id="oc-559">
         <name>.debug_info</name>
         <load_address>0x1b8b</load_address>
         <run_address>0x1b8b</run_address>
         <size>0x1d9</size>
         <input_file_ref idref="fl-5"/>
      </object_component>
      <object_component id="oc-54d">
         <name>.debug_info</name>
         <load_address>0x1d64</load_address>
         <run_address>0x1d64</run_address>
         <size>0x205</size>
         <input_file_ref idref="fl-6"/>
      </object_component>
      <object_component id="oc-55f">
         <name>.debug_info</name>
         <load_address>0x1f69</load_address>
         <run_address>0x1f69</run_address>
         <size>0x24a</size>
         <input_file_ref idref="fl-6"/>
      </object_component>
      <object_component id="oc-509">
         <name>.debug_info</name>
         <load_address>0x21b3</load_address>
         <run_address>0x21b3</run_address>
         <size>0x24c</size>
         <input_file_ref idref="fl-6"/>
      </object_component>
      <object_component id="oc-395">
         <name>.debug_info</name>
         <load_address>0x23ff</load_address>
         <run_address>0x23ff</run_address>
         <size>0x798</size>
         <input_file_ref idref="fl-7"/>
      </object_component>
      <object_component id="oc-3bf">
         <name>.debug_info</name>
         <load_address>0x2b97</load_address>
         <run_address>0x2b97</run_address>
         <size>0x143</size>
         <input_file_ref idref="fl-7"/>
      </object_component>
      <object_component id="oc-3fb">
         <name>.debug_info</name>
         <load_address>0x2cda</load_address>
         <run_address>0x2cda</run_address>
         <size>0x1d8</size>
         <input_file_ref idref="fl-7"/>
      </object_component>
      <object_component id="oc-4fd">
         <name>.debug_info</name>
         <load_address>0x2eb2</load_address>
         <run_address>0x2eb2</run_address>
         <size>0x1c4</size>
         <input_file_ref idref="fl-7"/>
      </object_component>
      <object_component id="oc-4c6">
         <name>.debug_info</name>
         <load_address>0x3076</load_address>
         <run_address>0x3076</run_address>
         <size>0x205</size>
         <input_file_ref idref="fl-7"/>
      </object_component>
      <object_component id="oc-4c0">
         <name>.debug_info</name>
         <load_address>0x327b</load_address>
         <run_address>0x327b</run_address>
         <size>0x1a2</size>
         <input_file_ref idref="fl-7"/>
      </object_component>
      <object_component id="oc-419">
         <name>.debug_info</name>
         <load_address>0x341d</load_address>
         <run_address>0x341d</run_address>
         <size>0x1a7</size>
         <input_file_ref idref="fl-7"/>
      </object_component>
      <object_component id="oc-381">
         <name>.debug_info</name>
         <load_address>0x35c4</load_address>
         <run_address>0x35c4</run_address>
         <size>0x2c</size>
         <input_file_ref idref="fl-7"/>
      </object_component>
      <object_component id="oc-39f">
         <name>.debug_info</name>
         <load_address>0x35f0</load_address>
         <run_address>0x35f0</run_address>
         <size>0x522</size>
         <input_file_ref idref="fl-8"/>
      </object_component>
      <object_component id="oc-4ae">
         <name>.debug_info</name>
         <load_address>0x3b12</load_address>
         <run_address>0x3b12</run_address>
         <size>0x197</size>
         <input_file_ref idref="fl-8"/>
      </object_component>
      <object_component id="oc-515">
         <name>.debug_info</name>
         <load_address>0x3ca9</load_address>
         <run_address>0x3ca9</run_address>
         <size>0x1f4</size>
         <input_file_ref idref="fl-8"/>
      </object_component>
      <object_component id="oc-5ad">
         <name>.debug_info</name>
         <load_address>0x3e9d</load_address>
         <run_address>0x3e9d</run_address>
         <size>0x18d</size>
         <input_file_ref idref="fl-8"/>
      </object_component>
      <object_component id="oc-567">
         <name>.debug_info</name>
         <load_address>0x402a</load_address>
         <run_address>0x402a</run_address>
         <size>0x1af</size>
         <input_file_ref idref="fl-8"/>
      </object_component>
      <object_component id="oc-3a1">
         <name>.debug_info</name>
         <load_address>0x41d9</load_address>
         <run_address>0x41d9</run_address>
         <size>0x588</size>
         <input_file_ref idref="fl-9"/>
      </object_component>
      <object_component id="oc-41f">
         <name>.debug_info</name>
         <load_address>0x4761</load_address>
         <run_address>0x4761</run_address>
         <size>0x191</size>
         <input_file_ref idref="fl-9"/>
      </object_component>
      <object_component id="oc-442">
         <name>.debug_info</name>
         <load_address>0x48f2</load_address>
         <run_address>0x48f2</run_address>
         <size>0x72</size>
         <input_file_ref idref="fl-9"/>
      </object_component>
      <object_component id="oc-3a3">
         <name>.debug_info</name>
         <load_address>0x4964</load_address>
         <run_address>0x4964</run_address>
         <size>0x460</size>
         <input_file_ref idref="fl-a"/>
      </object_component>
      <object_component id="oc-4d4">
         <name>.debug_info</name>
         <load_address>0x4dc4</load_address>
         <run_address>0x4dc4</run_address>
         <size>0x219</size>
         <input_file_ref idref="fl-a"/>
      </object_component>
      <object_component id="oc-3a5">
         <name>.debug_info</name>
         <load_address>0x4fdd</load_address>
         <run_address>0x4fdd</run_address>
         <size>0x466</size>
         <input_file_ref idref="fl-b"/>
      </object_component>
      <object_component id="oc-4f1">
         <name>.debug_info</name>
         <load_address>0x5443</load_address>
         <run_address>0x5443</run_address>
         <size>0x1a8</size>
         <input_file_ref idref="fl-b"/>
      </object_component>
      <object_component id="oc-4a8">
         <name>.debug_info</name>
         <load_address>0x55eb</load_address>
         <run_address>0x55eb</run_address>
         <size>0x1b1</size>
         <input_file_ref idref="fl-b"/>
      </object_component>
      <object_component id="oc-553">
         <name>.debug_info</name>
         <load_address>0x579c</load_address>
         <run_address>0x579c</run_address>
         <size>0x29a</size>
         <input_file_ref idref="fl-b"/>
      </object_component>
      <object_component id="oc-44e">
         <name>.debug_info</name>
         <load_address>0x5a36</load_address>
         <run_address>0x5a36</run_address>
         <size>0x4a</size>
         <input_file_ref idref="fl-b"/>
      </object_component>
      <object_component id="oc-3a7">
         <name>.debug_info</name>
         <load_address>0x5a80</load_address>
         <run_address>0x5a80</run_address>
         <size>0x48e</size>
         <input_file_ref idref="fl-c"/>
      </object_component>
      <object_component id="oc-3cd">
         <name>.debug_info</name>
         <load_address>0x5f0e</load_address>
         <run_address>0x5f0e</run_address>
         <size>0x12d</size>
         <input_file_ref idref="fl-c"/>
      </object_component>
      <object_component id="oc-338">
         <name>.debug_info</name>
         <load_address>0x603b</load_address>
         <run_address>0x603b</run_address>
         <size>0x17b</size>
         <input_file_ref idref="fl-c"/>
      </object_component>
      <object_component id="oc-391">
         <name>.debug_info</name>
         <load_address>0x61b6</load_address>
         <run_address>0x61b6</run_address>
         <size>0x5a7</size>
         <input_file_ref idref="fl-d"/>
      </object_component>
      <object_component id="oc-345">
         <name>.debug_info</name>
         <load_address>0x675d</load_address>
         <run_address>0x675d</run_address>
         <size>0x1a0</size>
         <input_file_ref idref="fl-d"/>
      </object_component>
      <object_component id="oc-315">
         <name>.debug_info</name>
         <load_address>0x68fd</load_address>
         <run_address>0x68fd</run_address>
         <size>0x18f</size>
         <input_file_ref idref="fl-d"/>
      </object_component>
      <object_component id="oc-3b1">
         <name>.debug_info</name>
         <load_address>0x6a8c</load_address>
         <run_address>0x6a8c</run_address>
         <size>0x35f</size>
         <input_file_ref idref="fl-e"/>
      </object_component>
      <object_component id="oc-3a9">
         <name>.debug_info</name>
         <load_address>0x6deb</load_address>
         <run_address>0x6deb</run_address>
         <size>0x52d</size>
         <input_file_ref idref="fl-f"/>
      </object_component>
      <object_component id="oc-523">
         <name>.debug_info</name>
         <load_address>0x7318</load_address>
         <run_address>0x7318</run_address>
         <size>0x129</size>
         <input_file_ref idref="fl-f"/>
      </object_component>
      <object_component id="oc-5d2">
         <name>.debug_info</name>
         <load_address>0x7441</load_address>
         <run_address>0x7441</run_address>
         <size>0x136</size>
         <input_file_ref idref="fl-f"/>
      </object_component>
      <object_component id="oc-5c3">
         <name>.debug_info</name>
         <load_address>0x7577</load_address>
         <run_address>0x7577</run_address>
         <size>0x131</size>
         <input_file_ref idref="fl-f"/>
      </object_component>
      <object_component id="oc-56e">
         <name>.debug_info</name>
         <load_address>0x76a8</load_address>
         <run_address>0x76a8</run_address>
         <size>0x1b0</size>
         <input_file_ref idref="fl-f"/>
      </object_component>
      <object_component id="oc-52c">
         <name>.debug_info</name>
         <load_address>0x7858</load_address>
         <run_address>0x7858</run_address>
         <size>0x2ae</size>
         <input_file_ref idref="fl-f"/>
      </object_component>
      <object_component id="oc-574">
         <name>.debug_info</name>
         <load_address>0x7b06</load_address>
         <run_address>0x7b06</run_address>
         <size>0x34f</size>
         <input_file_ref idref="fl-f"/>
      </object_component>
      <object_component id="oc-51d">
         <name>.debug_info</name>
         <load_address>0x7e55</load_address>
         <run_address>0x7e55</run_address>
         <size>0x1ab</size>
         <input_file_ref idref="fl-f"/>
      </object_component>
      <object_component id="oc-583">
         <name>.debug_info</name>
         <load_address>0x8000</load_address>
         <run_address>0x8000</run_address>
         <size>0x3b0</size>
         <input_file_ref idref="fl-f"/>
      </object_component>
      <object_component id="oc-57d">
         <name>.debug_info</name>
         <load_address>0x83b0</load_address>
         <run_address>0x83b0</run_address>
         <size>0x211</size>
         <input_file_ref idref="fl-f"/>
      </object_component>
      <object_component id="oc-526">
         <name>.debug_info</name>
         <load_address>0x85c1</load_address>
         <run_address>0x85c1</run_address>
         <size>0x296</size>
         <input_file_ref idref="fl-f"/>
      </object_component>
      <object_component id="oc-457">
         <name>.debug_info</name>
         <load_address>0x8857</load_address>
         <run_address>0x8857</run_address>
         <size>0x5a</size>
         <input_file_ref idref="fl-f"/>
      </object_component>
      <object_component id="oc-3ab">
         <name>.debug_info</name>
         <load_address>0x88b1</load_address>
         <run_address>0x88b1</run_address>
         <size>0x45b</size>
         <input_file_ref idref="fl-10"/>
      </object_component>
      <object_component id="oc-59e">
         <name>.debug_info</name>
         <load_address>0x8d0c</load_address>
         <run_address>0x8d0c</run_address>
         <size>0x1ae</size>
         <input_file_ref idref="fl-10"/>
      </object_component>
      <object_component id="oc-5a4">
         <name>.debug_info</name>
         <load_address>0x8eba</load_address>
         <run_address>0x8eba</run_address>
         <size>0x25c</size>
         <input_file_ref idref="fl-10"/>
      </object_component>
      <object_component id="oc-3ad">
         <name>.debug_info</name>
         <load_address>0x9116</load_address>
         <run_address>0x9116</run_address>
         <size>0x2b0</size>
         <input_file_ref idref="fl-11"/>
      </object_component>
      <object_component id="oc-3af">
         <name>.debug_info</name>
         <load_address>0x93c6</load_address>
         <run_address>0x93c6</run_address>
         <size>0x65f</size>
         <input_file_ref idref="fl-12"/>
      </object_component>
      <object_component id="oc-3ba">
         <name>.debug_info</name>
         <load_address>0x9a25</load_address>
         <run_address>0x9a25</run_address>
         <size>0x128</size>
         <input_file_ref idref="fl-12"/>
      </object_component>
      <object_component id="oc-5dc">
         <name>.debug_info</name>
         <load_address>0x9b4d</load_address>
         <run_address>0x9b4d</run_address>
         <size>0x12c</size>
         <input_file_ref idref="fl-12"/>
      </object_component>
      <object_component id="oc-401">
         <name>.debug_info</name>
         <load_address>0x9c79</load_address>
         <run_address>0x9c79</run_address>
         <size>0x182</size>
         <input_file_ref idref="fl-12"/>
      </object_component>
      <object_component id="oc-5e4">
         <name>.debug_info</name>
         <load_address>0x9dfb</load_address>
         <run_address>0x9dfb</run_address>
         <size>0x16b</size>
         <input_file_ref idref="fl-12"/>
      </object_component>
      <object_component id="oc-5ea">
         <name>.debug_info</name>
         <load_address>0x9f66</load_address>
         <run_address>0x9f66</run_address>
         <size>0x16d</size>
         <input_file_ref idref="fl-12"/>
      </object_component>
      <object_component id="oc-5cc">
         <name>.debug_info</name>
         <load_address>0xa0d3</load_address>
         <run_address>0xa0d3</run_address>
         <size>0x247</size>
         <input_file_ref idref="fl-12"/>
      </object_component>
      <object_component id="oc-5c6">
         <name>.debug_info</name>
         <load_address>0xa31a</load_address>
         <run_address>0xa31a</run_address>
         <size>0x192</size>
         <input_file_ref idref="fl-12"/>
      </object_component>
      <object_component id="oc-58a">
         <name>.debug_info</name>
         <load_address>0xa4ac</load_address>
         <run_address>0xa4ac</run_address>
         <size>0x29a</size>
         <input_file_ref idref="fl-12"/>
      </object_component>
      <object_component id="oc-5b5">
         <name>.debug_info</name>
         <load_address>0xa746</load_address>
         <run_address>0xa746</run_address>
         <size>0x22e</size>
         <input_file_ref idref="fl-12"/>
      </object_component>
      <object_component id="oc-5bb">
         <name>.debug_info</name>
         <load_address>0xa974</load_address>
         <run_address>0xa974</run_address>
         <size>0x25d</size>
         <input_file_ref idref="fl-12"/>
      </object_component>
      <object_component id="oc-407">
         <name>.debug_info</name>
         <load_address>0xabd1</load_address>
         <run_address>0xabd1</run_address>
         <size>0x169</size>
         <input_file_ref idref="fl-12"/>
      </object_component>
      <object_component id="oc-40d">
         <name>.debug_info</name>
         <load_address>0xad3a</load_address>
         <run_address>0xad3a</run_address>
         <size>0x1a9</size>
         <input_file_ref idref="fl-12"/>
      </object_component>
      <object_component id="oc-413">
         <name>.debug_info</name>
         <load_address>0xaee3</load_address>
         <run_address>0xaee3</run_address>
         <size>0x1d2</size>
         <input_file_ref idref="fl-12"/>
      </object_component>
      <object_component id="oc-598">
         <name>.debug_info</name>
         <load_address>0xb0b5</load_address>
         <run_address>0xb0b5</run_address>
         <size>0x1c2</size>
         <input_file_ref idref="fl-12"/>
      </object_component>
      <object_component id="oc-321">
         <name>.debug_info</name>
         <load_address>0xb277</load_address>
         <run_address>0xb277</run_address>
         <size>0x16f</size>
         <input_file_ref idref="fl-12"/>
      </object_component>
      <object_component id="oc-468">
         <name>.debug_info</name>
         <load_address>0xb3e6</load_address>
         <run_address>0xb3e6</run_address>
         <size>0xb5</size>
         <input_file_ref idref="fl-12"/>
      </object_component>
      <object_component id="oc-3b3">
         <name>.debug_info</name>
         <load_address>0xb49b</load_address>
         <run_address>0xb49b</run_address>
         <size>0x534</size>
         <input_file_ref idref="fl-13"/>
      </object_component>
      <object_component id="oc-53a">
         <name>.debug_info</name>
         <load_address>0xb9cf</load_address>
         <run_address>0xb9cf</run_address>
         <size>0x195</size>
         <input_file_ref idref="fl-13"/>
      </object_component>
      <object_component id="oc-540">
         <name>.debug_info</name>
         <load_address>0xbb64</load_address>
         <run_address>0xbb64</run_address>
         <size>0x173</size>
         <input_file_ref idref="fl-13"/>
      </object_component>
      <object_component id="oc-547">
         <name>.debug_info</name>
         <load_address>0xbcd7</load_address>
         <run_address>0xbcd7</run_address>
         <size>0x191</size>
         <input_file_ref idref="fl-13"/>
      </object_component>
      <object_component id="oc-4ce">
         <name>.debug_info</name>
         <load_address>0xbe68</load_address>
         <run_address>0xbe68</run_address>
         <size>0x1a7</size>
         <input_file_ref idref="fl-13"/>
      </object_component>
      <object_component id="oc-333">
         <name>.debug_info</name>
         <load_address>0xc00f</load_address>
         <run_address>0xc00f</run_address>
         <size>0x17a</size>
         <input_file_ref idref="fl-13"/>
      </object_component>
      <object_component id="oc-32d">
         <name>.debug_info</name>
         <load_address>0xc189</load_address>
         <run_address>0xc189</run_address>
         <size>0x170</size>
         <input_file_ref idref="fl-13"/>
      </object_component>
      <object_component id="oc-31c">
         <name>.debug_info</name>
         <load_address>0xc2f9</load_address>
         <run_address>0xc2f9</run_address>
         <size>0x176</size>
         <input_file_ref idref="fl-13"/>
      </object_component>
      <object_component id="oc-2f7">
         <name>.debug_info</name>
         <load_address>0xc46f</load_address>
         <run_address>0xc46f</run_address>
         <size>0xe0</size>
         <input_file_ref idref="fl-2f"/>
      </object_component>
      <object_component id="oc-aa">
         <name>.debug_info</name>
         <load_address>0xc54f</load_address>
         <run_address>0xc54f</run_address>
         <size>0x181</size>
         <input_file_ref idref="fl-30"/>
      </object_component>
      <object_component id="oc-306">
         <name>.debug_info</name>
         <load_address>0xc6d0</load_address>
         <run_address>0xc6d0</run_address>
         <size>0x19d</size>
         <input_file_ref idref="fl-31"/>
      </object_component>
      <object_component id="oc-6d">
         <name>.debug_info</name>
         <load_address>0xc86d</load_address>
         <run_address>0xc86d</run_address>
         <size>0x1ca</size>
         <input_file_ref idref="fl-31"/>
      </object_component>
      <object_component id="oc-301">
         <name>.debug_info</name>
         <load_address>0xca37</load_address>
         <run_address>0xca37</run_address>
         <size>0x46</size>
         <input_file_ref idref="fl-31"/>
      </object_component>
      <object_component id="oc-386">
         <name>.debug_info</name>
         <load_address>0xca7d</load_address>
         <run_address>0xca7d</run_address>
         <size>0x2c</size>
         <input_file_ref idref="fl-31"/>
      </object_component>
      <object_component id="oc-30e">
         <name>.debug_info</name>
         <load_address>0xcaa9</load_address>
         <run_address>0xcaa9</run_address>
         <size>0x15f</size>
         <input_file_ref idref="fl-32"/>
      </object_component>
      <object_component id="oc-308">
         <name>.debug_info</name>
         <load_address>0xcc08</load_address>
         <run_address>0xcc08</run_address>
         <size>0x225</size>
         <input_file_ref idref="fl-32"/>
      </object_component>
      <object_component id="oc-70">
         <name>.debug_info</name>
         <load_address>0xce2d</load_address>
         <run_address>0xce2d</run_address>
         <size>0x19c</size>
         <input_file_ref idref="fl-32"/>
      </object_component>
      <object_component id="oc-30f">
         <name>.debug_info</name>
         <load_address>0xcfc9</load_address>
         <run_address>0xcfc9</run_address>
         <size>0x39</size>
         <input_file_ref idref="fl-32"/>
      </object_component>
      <object_component id="oc-36d">
         <name>.debug_info</name>
         <load_address>0xd002</load_address>
         <run_address>0xd002</run_address>
         <size>0x102</size>
         <input_file_ref idref="fl-34"/>
      </object_component>
      <object_component id="oc-380">
         <name>.debug_info</name>
         <load_address>0xd104</load_address>
         <run_address>0xd104</run_address>
         <size>0x158</size>
         <input_file_ref idref="fl-36"/>
      </object_component>
      <object_component id="oc-2fb">
         <name>.debug_info</name>
         <load_address>0xd25c</load_address>
         <run_address>0xd25c</run_address>
         <size>0x17c</size>
         <input_file_ref idref="fl-36"/>
      </object_component>
      <object_component id="oc-4fa">
         <name>.debug_info</name>
         <load_address>0xd3d8</load_address>
         <run_address>0xd3d8</run_address>
         <size>0x14d</size>
         <input_file_ref idref="fl-37"/>
      </object_component>
      <object_component id="oc-4b6">
         <name>.debug_info</name>
         <load_address>0xd525</load_address>
         <run_address>0xd525</run_address>
         <size>0x219</size>
         <input_file_ref idref="fl-37"/>
      </object_component>
      <object_component id="oc-473">
         <name>.debug_info</name>
         <load_address>0xd73e</load_address>
         <run_address>0xd73e</run_address>
         <size>0x108</size>
         <input_file_ref idref="fl-3b"/>
      </object_component>
      <object_component id="oc-3e0">
         <name>.debug_info</name>
         <load_address>0xd846</load_address>
         <run_address>0xd846</run_address>
         <size>0x3c2</size>
         <input_file_ref idref="fl-41"/>
      </object_component>
      <object_component id="oc-34b">
         <name>.debug_info</name>
         <load_address>0xdc08</load_address>
         <run_address>0xdc08</run_address>
         <size>0x1ea</size>
         <input_file_ref idref="fl-41"/>
      </object_component>
      <object_component id="oc-47c">
         <name>.debug_info</name>
         <load_address>0xddf2</load_address>
         <run_address>0xddf2</run_address>
         <size>0x39</size>
         <input_file_ref idref="fl-41"/>
      </object_component>
      <object_component id="oc-3e1">
         <name>.debug_info</name>
         <load_address>0xde2b</load_address>
         <run_address>0xde2b</run_address>
         <size>0x2c</size>
         <input_file_ref idref="fl-41"/>
      </object_component>
      <object_component id="oc-481">
         <name>.debug_info</name>
         <load_address>0xde57</load_address>
         <run_address>0xde57</run_address>
         <size>0xcd</size>
         <input_file_ref idref="fl-41"/>
      </object_component>
      <object_component id="oc-478">
         <name>.debug_info</name>
         <load_address>0xdf24</load_address>
         <run_address>0xdf24</run_address>
         <size>0x23d</size>
         <input_file_ref idref="fl-42"/>
      </object_component>
      <object_component id="oc-3d4">
         <name>.debug_info</name>
         <load_address>0xe161</load_address>
         <run_address>0xe161</run_address>
         <size>0x19b</size>
         <input_file_ref idref="fl-42"/>
      </object_component>
      <object_component id="oc-4dd">
         <name>.debug_info</name>
         <load_address>0xe2fc</load_address>
         <run_address>0xe2fc</run_address>
         <size>0x2c</size>
         <input_file_ref idref="fl-42"/>
      </object_component>
      <object_component id="oc-3da">
         <name>.debug_info</name>
         <load_address>0xe328</load_address>
         <run_address>0xe328</run_address>
         <size>0x130</size>
         <input_file_ref idref="fl-43"/>
      </object_component>
      <object_component id="oc-65f">
         <name>.debug_info</name>
         <load_address>0xe458</load_address>
         <run_address>0xe458</run_address>
         <size>0xfb</size>
      </object_component>
      <object_component id="oc-437">
         <name>.debug_line</name>
         <load_address>0x0</load_address>
         <run_address>0x0</run_address>
         <size>0x81</size>
         <input_file_ref idref="fl-2"/>
      </object_component>
      <object_component id="oc-368">
         <name>.debug_line</name>
         <load_address>0x81</load_address>
         <run_address>0x81</run_address>
         <size>0x4e</size>
         <input_file_ref idref="fl-2"/>
      </object_component>
      <object_component id="oc-432">
         <name>.debug_line</name>
         <load_address>0xcf</load_address>
         <run_address>0xcf</run_address>
         <size>0x33</size>
         <input_file_ref idref="fl-2"/>
      </object_component>
      <object_component id="oc-44a">
         <name>.debug_line</name>
         <load_address>0x102</load_address>
         <run_address>0x102</run_address>
         <size>0x37</size>
         <input_file_ref idref="fl-2"/>
      </object_component>
      <object_component id="oc-37d">
         <name>.debug_line</name>
         <load_address>0x139</load_address>
         <run_address>0x139</run_address>
         <size>0x20</size>
         <input_file_ref idref="fl-2"/>
      </object_component>
      <object_component id="oc-428">
         <name>.debug_line</name>
         <load_address>0x159</load_address>
         <run_address>0x159</run_address>
         <size>0x74</size>
         <input_file_ref idref="fl-2"/>
      </object_component>
      <object_component id="oc-32a">
         <name>.debug_line</name>
         <load_address>0x1cd</load_address>
         <run_address>0x1cd</run_address>
         <size>0xb1</size>
         <input_file_ref idref="fl-3"/>
      </object_component>
      <object_component id="oc-439">
         <name>.debug_line</name>
         <load_address>0x27e</load_address>
         <run_address>0x27e</run_address>
         <size>0x100</size>
         <input_file_ref idref="fl-4"/>
      </object_component>
      <object_component id="oc-46f">
         <name>.debug_line</name>
         <load_address>0x37e</load_address>
         <run_address>0x37e</run_address>
         <size>0x3e</size>
         <input_file_ref idref="fl-4"/>
      </object_component>
      <object_component id="oc-506">
         <name>.debug_line</name>
         <load_address>0x3bc</load_address>
         <run_address>0x3bc</run_address>
         <size>0x5b</size>
         <input_file_ref idref="fl-4"/>
      </object_component>
      <object_component id="oc-43b">
         <name>.debug_line</name>
         <load_address>0x417</load_address>
         <run_address>0x417</run_address>
         <size>0xff</size>
         <input_file_ref idref="fl-5"/>
      </object_component>
      <object_component id="oc-533">
         <name>.debug_line</name>
         <load_address>0x516</load_address>
         <run_address>0x516</run_address>
         <size>0x47</size>
         <input_file_ref idref="fl-5"/>
      </object_component>
      <object_component id="oc-596">
         <name>.debug_line</name>
         <load_address>0x55d</load_address>
         <run_address>0x55d</run_address>
         <size>0x47</size>
         <input_file_ref idref="fl-5"/>
      </object_component>
      <object_component id="oc-4a5">
         <name>.debug_line</name>
         <load_address>0x5a4</load_address>
         <run_address>0x5a4</run_address>
         <size>0x61</size>
         <input_file_ref idref="fl-5"/>
      </object_component>
      <object_component id="oc-512">
         <name>.debug_line</name>
         <load_address>0x605</load_address>
         <run_address>0x605</run_address>
         <size>0x11d</size>
         <input_file_ref idref="fl-5"/>
      </object_component>
      <object_component id="oc-55c">
         <name>.debug_line</name>
         <load_address>0x722</load_address>
         <run_address>0x722</run_address>
         <size>0x60</size>
         <input_file_ref idref="fl-5"/>
      </object_component>
      <object_component id="oc-594">
         <name>.debug_line</name>
         <load_address>0x782</load_address>
         <run_address>0x782</run_address>
         <size>0x60</size>
         <input_file_ref idref="fl-6"/>
      </object_component>
      <object_component id="oc-562">
         <name>.debug_line</name>
         <load_address>0x7e2</load_address>
         <run_address>0x7e2</run_address>
         <size>0x66</size>
         <input_file_ref idref="fl-6"/>
      </object_component>
      <object_component id="oc-50c">
         <name>.debug_line</name>
         <load_address>0x848</load_address>
         <run_address>0x848</run_address>
         <size>0x69</size>
         <input_file_ref idref="fl-6"/>
      </object_component>
      <object_component id="oc-435">
         <name>.debug_line</name>
         <load_address>0x8b1</load_address>
         <run_address>0x8b1</run_address>
         <size>0x1cf</size>
         <input_file_ref idref="fl-7"/>
      </object_component>
      <object_component id="oc-46d">
         <name>.debug_line</name>
         <load_address>0xa80</load_address>
         <run_address>0xa80</run_address>
         <size>0x3b</size>
         <input_file_ref idref="fl-7"/>
      </object_component>
      <object_component id="oc-3fe">
         <name>.debug_line</name>
         <load_address>0xabb</load_address>
         <run_address>0xabb</run_address>
         <size>0x51</size>
         <input_file_ref idref="fl-7"/>
      </object_component>
      <object_component id="oc-500">
         <name>.debug_line</name>
         <load_address>0xb0c</load_address>
         <run_address>0xb0c</run_address>
         <size>0x53</size>
         <input_file_ref idref="fl-7"/>
      </object_component>
      <object_component id="oc-4c9">
         <name>.debug_line</name>
         <load_address>0xb5f</load_address>
         <run_address>0xb5f</run_address>
         <size>0x72</size>
         <input_file_ref idref="fl-7"/>
      </object_component>
      <object_component id="oc-4c3">
         <name>.debug_line</name>
         <load_address>0xbd1</load_address>
         <run_address>0xbd1</run_address>
         <size>0x62</size>
         <input_file_ref idref="fl-7"/>
      </object_component>
      <object_component id="oc-41c">
         <name>.debug_line</name>
         <load_address>0xc33</load_address>
         <run_address>0xc33</run_address>
         <size>0x55</size>
         <input_file_ref idref="fl-7"/>
      </object_component>
      <object_component id="oc-384">
         <name>.debug_line</name>
         <load_address>0xc88</load_address>
         <run_address>0xc88</run_address>
         <size>0x74</size>
         <input_file_ref idref="fl-7"/>
      </object_component>
      <object_component id="oc-43d">
         <name>.debug_line</name>
         <load_address>0xcfc</load_address>
         <run_address>0xcfc</run_address>
         <size>0xee</size>
         <input_file_ref idref="fl-8"/>
      </object_component>
      <object_component id="oc-4b1">
         <name>.debug_line</name>
         <load_address>0xdea</load_address>
         <run_address>0xdea</run_address>
         <size>0x5c</size>
         <input_file_ref idref="fl-8"/>
      </object_component>
      <object_component id="oc-518">
         <name>.debug_line</name>
         <load_address>0xe46</load_address>
         <run_address>0xe46</run_address>
         <size>0xfc</size>
         <input_file_ref idref="fl-8"/>
      </object_component>
      <object_component id="oc-5b0">
         <name>.debug_line</name>
         <load_address>0xf42</load_address>
         <run_address>0xf42</run_address>
         <size>0x4f</size>
         <input_file_ref idref="fl-8"/>
      </object_component>
      <object_component id="oc-56a">
         <name>.debug_line</name>
         <load_address>0xf91</load_address>
         <run_address>0xf91</run_address>
         <size>0x56</size>
         <input_file_ref idref="fl-8"/>
      </object_component>
      <object_component id="oc-43f">
         <name>.debug_line</name>
         <load_address>0xfe7</load_address>
         <run_address>0xfe7</run_address>
         <size>0x13c</size>
         <input_file_ref idref="fl-9"/>
      </object_component>
      <object_component id="oc-422">
         <name>.debug_line</name>
         <load_address>0x1123</load_address>
         <run_address>0x1123</run_address>
         <size>0x4e</size>
         <input_file_ref idref="fl-9"/>
      </object_component>
      <object_component id="oc-445">
         <name>.debug_line</name>
         <load_address>0x1171</load_address>
         <run_address>0x1171</run_address>
         <size>0x3a</size>
         <input_file_ref idref="fl-9"/>
      </object_component>
      <object_component id="oc-441">
         <name>.debug_line</name>
         <load_address>0x11ab</load_address>
         <run_address>0x11ab</run_address>
         <size>0xdc</size>
         <input_file_ref idref="fl-a"/>
      </object_component>
      <object_component id="oc-4d7">
         <name>.debug_line</name>
         <load_address>0x1287</load_address>
         <run_address>0x1287</run_address>
         <size>0x5f</size>
         <input_file_ref idref="fl-a"/>
      </object_component>
[...]
         <value>0x630</value>
      </symbol>
      <symbol id="sm-21e">
         <name>UCB1I2COA_L</name>
         <value>0x630</value>
      </symbol>
      <symbol id="sm-21f">
         <name>UCB1I2COA_H</name>
         <value>0x631</value>
      </symbol>
      <symbol id="sm-220">
         <name>UCB1I2CSA</name>
         <value>0x632</value>
      </symbol>
      <symbol id="sm-221">
         <name>UCB1I2CSA_L</name>
         <value>0x632</value>
      </symbol>
      <symbol id="sm-222">
         <name>UCB1I2CSA_H</name>
         <value>0x633</value>
      </symbol>
      <symbol id="sm-223">
         <name>UCB1ICTL</name>
         <value>0x63c</value>
      </symbol>
      <symbol id="sm-224">
         <name>UCB1ICTL_L</name>
         <value>0x63c</value>
      </symbol>
      <symbol id="sm-225">
         <name>UCB1ICTL_H</name>
         <value>0x63d</value>
      </symbol>
      <symbol id="sm-226">
         <name>UCB1IV</name>
         <value>0x63e</value>
      </symbol>
      <symbol id="sm-227">
         <name>WDTCTL</name>
         <value>0x15c</value>
      </symbol>
      <symbol id="sm-228">
         <name>WDTCTL_L</name>
         <value>0x15c</value>
      </symbol>
      <symbol id="sm-229">
         <name>WDTCTL_H</name>
         <value>0x15d</value>
      </symbol>
      <symbol id="sm-22a">
         <name>__TI_CINIT_Base</name>
         <value>0x9568</value>
      </symbol>
      <symbol id="sm-22b">
         <name>__TI_CINIT_Limit</name>
         <value>0x9570</value>
      </symbol>
      <symbol id="sm-22c">
         <name>__TI_Handler_Table_Base</name>
         <value>0x9564</value>
      </symbol>
      <symbol id="sm-22d">
         <name>__TI_Handler_Table_Limit</name>
         <value>0x9568</value>
      </symbol>
      <symbol id="sm-22e">
         <name>__STACK_SIZE</name>
         <value>0x6e</value>
      </symbol>
      <symbol id="sm-22f">
         <name>__STACK_END</name>
         <value>0x33fe</value>
      </symbol>
      <symbol id="sm-230">
         <name>__c_args__</name>
         <value>0xffffffff</value>
      </symbol>
      <symbol id="sm-231">
         <name>__TI_pprof_out_hndl</name>
         <value>0xffffffff</value>
      </symbol>
      <symbol id="sm-232">
         <name>__TI_prof_data_start</name>
         <value>0xffffffff</value>
      </symbol>
      <symbol id="sm-233">
         <name>__TI_prof_data_size</name>
         <value>0xffffffff</value>
      </symbol>
      <symbol id="sm-2af">
         <name>TXByteCtr</name>
         <value>0x2818</value>
      </symbol>
      <symbol id="sm-2b0">
         <name>RXByteCtr</name>
         <value>0x2817</value>
      </symbol>
      <symbol id="sm-2b1">
         <name>TXData</name>
         <value>0x2819</value>
      </symbol>
      <symbol id="sm-2b2">
         <name>MODE</name>
         <value>0x2808</value>
      </symbol>
      <symbol id="sm-2b3">
         <name>PRxData</name>
         <value>0x280a</value>
      </symbol>
      <symbol id="sm-2b4">
         <name>PTxData</name>
         <value>0x280c</value>
      </symbol>
      <symbol id="sm-2b5">
         <name>main</name>
         <value>0x906e</value>
         <object_component_ref idref="oc-364"/>
      </symbol>
      <symbol id="sm-2d5">
         <name>__TI_int47</name>
         <value>0xffde</value>
         <object_component_ref idref="oc-7b"/>
      </symbol>
      <symbol id="sm-2e7">
         <name>validRx</name>
         <value>0x2824</value>
         <object_component_ref idref="oc-3c1"/>
      </symbol>
      <symbol id="sm-2e8">
         <name>doNFC_Rx</name>
         <value>0x8edc</value>
         <object_component_ref idref="oc-502"/>
      </symbol>
      <symbol id="sm-322">
         <name>read_command_number</name>
         <value>0x2822</value>
      </symbol>
      <symbol id="sm-323">
         <name>CID</name>
         <value>0x2816</value>
      </symbol>
      <symbol id="sm-324">
         <name>pcd_max_frame_size</name>
         <value>0x2812</value>
      </symbol>
      <symbol id="sm-325">
         <name>lastTxIndex</name>
         <value>0x2820</value>
      </symbol>
      <symbol id="sm-326">
         <name>initialize_14443_B_protocol</name>
         <value>0x9262</value>
         <object_component_ref idref="oc-4a1"/>
      </symbol>
      <symbol id="sm-327">
         <name>add_pupi</name>
         <value>0x94aa</value>
         <object_component_ref idref="oc-558"/>
      </symbol>
      <symbol id="sm-328">
         <name>_14443_B_protocol</name>
         <value>0x8000</value>
         <object_component_ref idref="oc-50e"/>
      </symbol>
      <symbol id="sm-341">
         <name>hw_crc_validate</name>
         <value>0x8fda</value>
         <object_component_ref idref="oc-508"/>
      </symbol>
      <symbol id="sm-342">
         <name>hw_crc_ccitt</name>
         <value>0x90f4</value>
         <object_component_ref idref="oc-55e"/>
      </symbol>
      <symbol id="sm-37c">
         <name>doNFC_state</name>
         <value>0x281e</value>
      </symbol>
      <symbol id="sm-37d">
         <name>debug_interrupt</name>
         <value>0x281d</value>
      </symbol>
      <symbol id="sm-37e">
         <name>rx_buffer</name>
         <value>0x2754</value>
      </symbol>
      <symbol id="sm-37f">
         <name>transmitCommand</name>
         <value>0x2794</value>
      </symbol>
      <symbol id="sm-380">
         <name>uid</name>
         <value>0x2802</value>
      </symbol>
      <symbol id="sm-381">
         <name>sleep_until_edges</name>
         <value>0x90b2</value>
         <object_component_ref idref="oc-4fc"/>
      </symbol>
      <symbol id="sm-382">
         <name>_14443_buf_ptr</name>
         <value>0x2825</value>
         <object_component_ref idref="oc-3be"/>
      </symbol>
      <symbol id="sm-383">
         <name>doNFC</name>
         <value>0x9440</value>
         <object_component_ref idref="oc-418"/>
      </symbol>
      <symbol id="sm-384">
         <name>doRFID_14443B</name>
         <value>0x8b80</value>
         <object_component_ref idref="oc-4c5"/>
      </symbol>
      <symbol id="sm-385">
         <name>initRFID</name>
         <value>0x94ce</value>
         <object_component_ref idref="oc-3fa"/>
      </symbol>
      <symbol id="sm-386">
         <name>sleep_until_read</name>
         <value>0x8b0a</value>
         <object_component_ref idref="oc-4bf"/>
      </symbol>
      <symbol id="sm-3be">
         <name>bpsk_ct</name>
         <value>0x281b</value>
      </symbol>
      <symbol id="sm-3bf">
         <name>next_bit_value</name>
         <value>0x2821</value>
      </symbol>
      <symbol id="sm-3c0">
         <name>bpsk_send_bit_count</name>
         <value>0x281c</value>
      </symbol>
      <symbol id="sm-3c1">
         <name>numberOfBitsTX</name>
         <value>0x2810</value>
      </symbol>
      <symbol id="sm-3c2">
         <name>timer</name>
         <value>0x2814</value>
      </symbol>
      <symbol id="sm-3c3">
         <name>send_bpsk</name>
         <value>0x83b4</value>
         <object_component_ref idref="oc-514"/>
      </symbol>
      <symbol id="sm-3c4">
         <name>shift_mask</name>
         <value>0x9504</value>
         <object_component_ref idref="oc-5ac"/>
      </symbol>
      <symbol id="sm-3c5">
         <name>next_bit</name>
         <value>0x93ee</value>
         <object_component_ref idref="oc-566"/>
      </symbol>
      <symbol id="sm-3c6">
         <name>initialize_bpsk</name>
         <value>0x9026</value>
         <object_component_ref idref="oc-4ad"/>
      </symbol>
      <symbol id="sm-3db">
         <name>RTC_ctr</name>
         <value>0x27fe</value>
      </symbol>
      <symbol id="sm-3dc">
         <name>senseState</name>
         <value>0x2823</value>
      </symbol>
      <symbol id="sm-3dd">
         <name>accelState</name>
         <value>0x281a</value>
      </symbol>
      <symbol id="sm-3de">
         <name>Demo2</name>
         <value>0x92fc</value>
         <object_component_ref idref="oc-41e"/>
      </symbol>
      <symbol id="sm-3ee">
         <name>updateDisplay2</name>
         <value>0x929a</value>
         <object_component_ref idref="oc-4d3"/>
      </symbol>
      <symbol id="sm-415">
         <name>initialize_nfc_wisp_protocol</name>
         <value>0x93b2</value>
         <object_component_ref idref="oc-4a7"/>
      </symbol>
      <symbol id="sm-416">
         <name>nfc_wisp_protocol</name>
         <value>0x8a0a</value>
         <object_component_ref idref="oc-552"/>
      </symbol>
      <symbol id="sm-42b">
         <name>ADC10ISR</name>
         <value>0x940c</value>
         <object_component_ref idref="oc-337"/>
      </symbol>
      <symbol id="sm-42c">
         <name>__TI_int54</name>
         <value>0xffec</value>
         <object_component_ref idref="oc-82"/>
      </symbol>
      <symbol id="sm-451">
         <name>bad_interrupts</name>
         <value>0x280e</value>
      </symbol>
      <symbol id="sm-452">
         <name>CATCH_ALL</name>
         <value>0x951e</value>
         <object_component_ref idref="oc-314"/>
      </symbol>
      <symbol id="sm-453">
         <name>__TI_int62</name>
         <value>0xfffc</value>
         <object_component_ref idref="oc-8a"/>
      </symbol>
      <symbol id="sm-454">
         <name>__TI_int60</name>
         <value>0xfff8</value>
         <object_component_ref idref="oc-88"/>
      </symbol>
      <symbol id="sm-455">
         <name>__TI_int61</name>
         <value>0xfffa</value>
         <object_component_ref idref="oc-89"/>
      </symbol>
      <symbol id="sm-456">
         <name>__TI_int48</name>
         <value>0xffe0</value>
         <object_component_ref idref="oc-7c"/>
      </symbol>
      <symbol id="sm-457">
         <name>__TI_int46</name>
         <value>0xffdc</value>
         <object_component_ref idref="oc-7a"/>
      </symbol>
      <symbol id="sm-458">
         <name>__TI_int42</name>
         <value>0xffd4</value>
         <object_component_ref idref="oc-76"/>
      </symbol>
      <symbol id="sm-459">
         <name>__TI_int43</name>
         <value>0xffd6</value>
         <object_component_ref idref="oc-77"/>
      </symbol>
      <symbol id="sm-45a">
         <name>__TI_int41</name>
         <value>0xffd2</value>
         <object_component_ref idref="oc-75"/>
      </symbol>
      <symbol id="sm-45b">
         <name>__TI_int58</name>
         <value>0xfff4</value>
         <object_component_ref idref="oc-86"/>
      </symbol>
      <symbol id="sm-45c">
         <name>__TI_int59</name>
         <value>0xfff6</value>
         <object_component_ref idref="oc-87"/>
      </symbol>
      <symbol id="sm-45d">
         <name>__TI_int56</name>
         <value>0xfff0</value>
         <object_component_ref idref="oc-84"/>
      </symbol>
      <symbol id="sm-45e">
         <name>__TI_int57</name>
         <value>0xfff2</value>
         <object_component_ref idref="oc-85"/>
      </symbol>
      <symbol id="sm-45f">
         <name>__TI_int55</name>
         <value>0xffee</value>
         <object_component_ref idref="oc-83"/>
      </symbol>
      <symbol id="sm-460">
         <name>__TI_int52</name>
         <value>0xffe8</value>
         <object_component_ref idref="oc-80"/>
      </symbol>
      <symbol id="sm-461">
         <name>__TI_int50</name>
         <value>0xffe4</value>
         <object_component_ref idref="oc-7e"/>
      </symbol>
      <symbol id="sm-462">
         <name>__TI_int51</name>
         <value>0xffe6</value>
         <object_component_ref idref="oc-7f"/>
      </symbol>
      <symbol id="sm-463">
         <name>_system_pre_init</name>
         <value>0x88dc</value>
         <object_component_ref idref="oc-344"/>
      </symbol>
      <symbol id="sm-4f1">
         <name>imageBuffer</name>
         <value>0x1c00</value>
      </symbol>
      <symbol id="sm-4f2">
         <name>imageUpdateState</name>
         <value>0x281f</value>
      </symbol>
      <symbol id="sm-4f3">
         <name>EPD_power_on</name>
         <value>0x9174</value>
         <object_component_ref idref="oc-56d"/>
      </symbol>
      <symbol id="sm-4f4">
         <name>EPD_frame_newImg</name>
         <value>0x8bf0</value>
         <object_component_ref idref="oc-525"/>
      </symbol>
      <symbol id="sm-4f5">
         <name>cog</name>
         <value>0x953c</value>
         <object_component_ref idref="oc-522"/>
      </symbol>
      <symbol id="sm-4f6">
         <name>EPD_power_off</name>
         <value>0x882e</value>
         <object_component_ref idref="oc-52b"/>
      </symbol>
      <symbol id="sm-4f7">
         <name>EPD_initialize_driver</name>
         <value>0x8664</value>
         <object_component_ref idref="oc-573"/>
      </symbol>
      <symbol id="sm-4f8">
         <name>EPD_frame_fixed</name>
         <value>0x9326</value>
         <object_component_ref idref="oc-57c"/>
      </symbol>
      <symbol id="sm-4f9">
         <name>EPD_line</name>
         <value>0x81de</value>
         <object_component_ref idref="oc-582"/>
      </symbol>
      <symbol id="sm-4fa">
         <name>EPD_power_init</name>
         <value>0x9526</value>
         <object_component_ref idref="oc-51c"/>
      </symbol>
      <symbol id="sm-516">
         <name>SPI_FRAM_Write_Enable_Latch</name>
         <value>0x9350</value>
         <object_component_ref idref="oc-59d"/>
      </symbol>
      <symbol id="sm-517">
         <name>SPI_FRAM_Write_Memory</name>
         <value>0x8f34</value>
         <object_component_ref idref="oc-5a3"/>
      </symbol>
      <symbol id="sm-5a3">
         <name>gpRxBuf</name>
         <value>0x27d4</value>
      </symbol>
      <symbol id="sm-5a4">
         <name>epd_spi_send</name>
         <value>0x8986</value>
         <object_component_ref idref="oc-5ba"/>
      </symbol>
      <symbol id="sm-5a5">
         <name>I2C_Tx_config</name>
         <value>0x9458</value>
         <object_component_ref idref="oc-40c"/>
      </symbol>
      <symbol id="sm-5a6">
         <name>SPI_put_wait</name>
         <value>0x9372</value>
         <object_component_ref idref="oc-5c5"/>
      </symbol>
      <symbol id="sm-5a7">
         <name>I2C_Rx</name>
         <value>0x8dd0</value>
         <object_component_ref idref="oc-597"/>
      </symbol>
      <symbol id="sm-5a8">
         <name>__TI_int45</name>
         <value>0xffda</value>
         <object_component_ref idref="oc-79"/>
      </symbol>
      <symbol id="sm-5a9">
         <name>SPI_READ</name>
         <value>0x8d16</value>
         <object_component_ref idref="oc-5b4"/>
      </symbol>
      <symbol id="sm-5aa">
         <name>I2C_Tx</name>
         <value>0x91b2</value>
         <object_component_ref idref="oc-412"/>
      </symbol>
      <symbol id="sm-5ab">
         <name>epd_spi_send_byte</name>
         <value>0x8cb6</value>
         <object_component_ref idref="oc-589"/>
      </symbol>
      <symbol id="sm-5ac">
         <name>USCI_B1_ISR</name>
         <value>0x874e</value>
         <object_component_ref idref="oc-320"/>
      </symbol>
      <symbol id="sm-5ad">
         <name>SPI_SlaveOff</name>
         <value>0x8f8a</value>
         <object_component_ref idref="oc-5e9"/>
      </symbol>
      <symbol id="sm-5ae">
         <name>I2C_config</name>
         <value>0x91f0</value>
         <object_component_ref idref="oc-406"/>
      </symbol>
      <symbol id="sm-5af">
         <name>SPI_transaction</name>
         <value>0x922a</value>
         <object_component_ref idref="oc-5cb"/>
      </symbol>
      <symbol id="sm-5b0">
         <name>SPI_SlaveOn</name>
         <value>0x92cc</value>
         <object_component_ref idref="oc-5e3"/>
      </symbol>
      <symbol id="sm-5b1">
         <name>SPI_initialize</name>
         <value>0x8e2a</value>
         <object_component_ref idref="oc-400"/>
      </symbol>
      <symbol id="sm-5f0">
         <name>timeout_halt</name>
         <value>0x9514</value>
         <object_component_ref idref="oc-53e"/>
      </symbol>
      <symbol id="sm-5f1">
         <name>timeout_init</name>
         <value>0x94f2</value>
         <object_component_ref idref="oc-538"/>
      </symbol>
      <symbol id="sm-5f2">
         <name>delay_us</name>
         <value>0x9394</value>
         <object_component_ref idref="oc-545"/>
      </symbol>
      <symbol id="sm-5f3">
         <name>__TI_int49</name>
         <value>0xffe2</value>
         <object_component_ref idref="oc-7d"/>
      </symbol>
      <symbol id="sm-5f4">
         <name>__TI_int44</name>
         <value>0xffd8</value>
         <object_component_ref idref="oc-78"/>
      </symbol>
      <symbol id="sm-5f5">
         <name>timeTrackingISR</name>
         <value>0x9134</value>
         <object_component_ref idref="oc-331"/>
      </symbol>
      <symbol id="sm-5f6">
         <name>__TI_int53</name>
         <value>0xffea</value>
         <object_component_ref idref="oc-81"/>
      </symbol>
      <symbol id="sm-5f7">
         <name>lowPowerSleep</name>
         <value>0x93d0</value>
         <object_component_ref idref="oc-4cc"/>
      </symbol>
      <symbol id="sm-5f8">
         <name>timeOutISR</name>
         <value>0x8d74</value>
         <object_component_ref idref="oc-32b"/>
      </symbol>
      <symbol id="sm-5f9">
         <name>LPM3_TimerISR</name>
         <value>0x946e</value>
         <object_component_ref idref="oc-31a"/>
      </symbol>
      <symbol id="sm-601">
         <name>_stack</name>
         <value>0x3390</value>
         <object_component_ref idref="oc-2f6"/>
      </symbol>
      <symbol id="sm-602">
         <name>_reset_vector</name>
         <value>0xfffe</value>
         <object_component_ref idref="oc-2f9"/>
      </symbol>
      <symbol id="sm-60c">
         <name>_c_int00_noargs_noexit</name>
         <value>0x9426</value>
         <object_component_ref idref="oc-a9"/>
      </symbol>
      <symbol id="sm-622">
         <name>__TI_decompress_none</name>
         <value>0x94bc</value>
         <object_component_ref idref="oc-69"/>
      </symbol>
      <symbol id="sm-644">
         <name>__TI_decompress_rle24</name>
         <value>0x9534</value>
         <object_component_ref idref="oc-6f"/>
      </symbol>
      <symbol id="sm-64f">
         <name>C$$EXIT</name>
         <value>0x952e</value>
         <object_component_ref idref="oc-36c"/>
      </symbol>
      <symbol id="sm-650">
         <name>abort</name>
         <value>0x952e</value>
         <object_component_ref idref="oc-36c"/>
      </symbol>
      <symbol id="sm-65f">
         <name>memcpy</name>
         <value>0x94e0</value>
         <object_component_ref idref="oc-2fa"/>
      </symbol>
      <symbol id="sm-66d">
         <name>memset</name>
         <value>0x9482</value>
         <object_component_ref idref="oc-4b5"/>
      </symbol>
      <symbol id="sm-678">
         <name>__mspabi_mpyi_f5hw</name>
         <value>0x9496</value>
         <object_component_ref idref="oc-472"/>
      </symbol>
      <symbol id="sm-69e">
         <name>_auto_init_hold_wdt</name>
         <value>0x8a8c</value>
         <object_component_ref idref="oc-34a"/>
      </symbol>
      <symbol id="sm-6b4">
         <name>copy_in</name>
         <value>0x8e84</value>
         <object_component_ref idref="oc-3d3"/>
      </symbol>
      <symbol id="sm-6bd">
         <name>_system_post_cinit</name>
         <value>0x953a</value>
         <object_component_ref idref="oc-3d9"/>
      </symbol>
      <symbol id="sm-6bf">
         <name>__TI_BINIT_Base</name>
         <value>0x0</value>
      </symbol>
      <symbol id="sm-6c0">
         <name>__TI_BINIT_Limit</name>
         <value>0x0</value>
      </symbol>
      <symbol id="sm-6c1">
         <name>__TI_INITARRAY_Base</name>
         <value>0x0</value>
      </symbol>
      <symbol id="sm-6c2">
         <name>__TI_INITARRAY_Limit</name>
         <value>0x0</value>
      </symbol>
   </symbol_table>
   <title>Link successful</title>
</link_info>
