******************************************************************************
                  MSP430 Linker Unix v15.12.1                  
******************************************************************************
>> Linked Sat Feb 18 12:42:47 2017

OUTPUT FILE NAME:   <nfc-eink-img-update-demo.out>
ENTRY POINT SYMBOL: "_c_int00_noargs_noexit"  address: 00009426


MEMORY CONFIGURATION

         name            origin    length      used     unused   attr    fill
----------------------  --------  ---------  --------  --------  ----  --------
  SFR                   00000000   00000010  00000000  00000010  RWIX
  PERIPHERALS_8BIT      00000010   000000f0  00000000  000000f0  RWIX
  PERIPHERALS_16BIT     00000100   00000100  00000000  00000100  RWIX
  INFOD                 00001800   00000080  00000000  00000080  RWIX
  INFOC                 00001880   00000080  00000000  00000080  RWIX
  INFOB                 00001900   00000080  00000000  00000080  RWIX
  INFOA                 00001980   00000080  00000000  00000080  RWIX
  RAM                   00001c00   00001800  00000c94  00000b6c  RWIX
  FLASH                 00008000   00007f80  00001570  00006a10  RWIX
  INT00                 0000ff80   00000002  00000000  00000002  RWIX
  INT01                 0000ff82   00000002  00000000  00000002  RWIX
  INT02                 0000ff84   00000002  00000000  00000002  RWIX
  INT03                 0000ff86   00000002  00000000  00000002  RWIX
  INT04                 0000ff88   00000002  00000000  00000002  RWIX
  INT05                 0000ff8a   00000002  00000000  00000002  RWIX
  INT06                 0000ff8c   00000002  00000000  00000002  RWIX
  INT07                 0000ff8e   00000002  00000000  00000002  RWIX
  INT08                 0000ff90   00000002  00000000  00000002  RWIX
  INT09                 0000ff92   00000002  00000000  00000002  RWIX
  INT10                 0000ff94   00000002  00000000  00000002  RWIX
  INT11                 0000ff96   00000002  00000000  00000002  RWIX
  INT12                 0000ff98   00000002  00000000  00000002  RWIX
  INT13                 0000ff9a   00000002  00000000  00000002  RWIX
  INT14                 0000ff9c   00000002  00000000  00000002  RWIX
  INT15                 0000ff9e   00000002  00000000  00000002  RWIX
  INT16                 0000ffa0   00000002  00000000  00000002  RWIX
  INT17                 0000ffa2   00000002  00000000  00000002  RWIX
  INT18                 0000ffa4   00000002  00000000  00000002  RWIX
  INT19                 0000ffa6   00000002  00000000  00000002  RWIX
  INT20                 0000ffa8   00000002  00000000  00000002  RWIX
  INT21                 0000ffaa   00000002  00000000  00000002  RWIX
  INT22                 0000ffac   00000002  00000000  00000002  RWIX
  INT23                 0000ffae   00000002  00000000  00000002  RWIX
  INT24                 0000ffb0   00000002  00000000  00000002  RWIX
  INT25                 0000ffb2   00000002  00000000  00000002  RWIX
  INT26                 0000ffb4   00000002  00000000  00000002  RWIX
  INT27                 0000ffb6   00000002  00000000  00000002  RWIX
  INT28                 0000ffb8   00000002  00000000  00000002  RWIX
  INT29                 0000ffba   00000002  00000000  00000002  RWIX
  INT30                 0000ffbc   00000002  00000000  00000002  RWIX
  INT31                 0000ffbe   00000002  00000000  00000002  RWIX
  INT32                 0000ffc0   00000002  00000000  00000002  RWIX
  INT33                 0000ffc2   00000002  00000000  00000002  RWIX
  INT34                 0000ffc4   00000002  00000000  00000002  RWIX
  INT35                 0000ffc6   00000002  00000000  00000002  RWIX
  INT36                 0000ffc8   00000002  00000000  00000002  RWIX
  INT37                 0000ffca   00000002  00000000  00000002  RWIX
  INT38                 0000ffcc   00000002  00000000  00000002  RWIX
  INT39                 0000ffce   00000002  00000000  00000002  RWIX
  INT40                 0000ffd0   00000002  00000000  00000002  RWIX
  INT41                 0000ffd2   00000002  00000002  00000000  RWIX
  INT42                 0000ffd4   00000002  00000002  00000000  RWIX
  INT43                 0000ffd6   00000002  00000002  00000000  RWIX
  INT44                 0000ffd8   00000002  00000002  00000000  RWIX
  INT45                 0000ffda   00000002  00000002  00000000  RWIX
  INT46                 0000ffdc   00000002  00000002  00000000  RWIX
  INT47                 0000ffde   00000002  00000002  00000000  RWIX
  INT48                 0000ffe0   00000002  00000002  00000000  RWIX
  INT49                 0000ffe2   00000002  00000002  00000000  RWIX
  INT50                 0000ffe4   00000002  00000002  00000000  RWIX
  INT51                 0000ffe6   00000002  00000002  00000000  RWIX
  INT52                 0000ffe8   00000002  00000002  00000000  RWIX
  INT53                 0000ffea   00000002  00000002  00000000  RWIX
  INT54                 0000ffec   00000002  00000002  00000000  RWIX
  INT55                 0000ffee   00000002  00000002  00000000  RWIX
  INT56                 0000fff0   00000002  00000002  00000000  RWIX
  INT57                 0000fff2   00000002  00000002  00000000  RWIX
  INT58                 0000fff4   00000002  00000002  00000000  RWIX
  INT59                 0000fff6   00000002  00000002  00000000  RWIX
  INT60                 0000fff8   00000002  00000002  00000000  RWIX
  INT61                 0000fffa   00000002  00000002  00000000  RWIX
  INT62                 0000fffc   00000002  00000002  00000000  RWIX
  RESET                 0000fffe   00000002  00000002  00000000  RWIX


SECTION ALLOCATION MAP

 output                                  attributes/
section   page    origin      length       input sections
--------  ----  ----------  ----------   ----------------
.bss       0    00001c00    00000c24     UNINITIALIZED
                  00001c00    00000960     (.common:imageBuffer)
                  00002560    000001f4     _14443_B_protocol.obj (.bss:tmp_buffer)
                  00002754    00000040     (.common:rx_buffer)
                  00002794    00000040     (.common:transmitCommand)
                  000027d4    00000012     (.common:gpRxBuf)
                  000027e6    0000000e     spi.obj (.bss:spiSM)
                  000027f4    00000006     _14443_B_protocol.obj (.bss)
                  000027fa    00000004     myNFC_Protocol.obj (.bss)
                  000027fe    00000004     (.common:RTC_ctr)
                  00002802    00000004     (.common:uid)
                  00002806    00000002     tempSense.obj (.bss)
                  00002808    00000002     (.common:MODE)
                  0000280a    00000002     (.common:PRxData)
                  0000280c    00000002     (.common:PTxData)
                  0000280e    00000002     (.common:bad_interrupts)
                  00002810    00000002     (.common:numberOfBitsTX)
                  00002812    00000002     (.common:pcd_max_frame_size)
                  00002814    00000002     (.common:timer)
                  00002816    00000001     (.common:CID)
                  00002817    00000001     (.common:RXByteCtr)
                  00002818    00000001     (.common:TXByteCtr)
                  00002819    00000001     (.common:TXData)
                  0000281a    00000001     (.common:accelState)
                  0000281b    00000001     (.common:bpsk_ct)
                  0000281c    00000001     (.common:bpsk_send_bit_count)
                  0000281d    00000001     (.common:debug_interrupt)
                  0000281e    00000001     (.common:doNFC_state)
                  0000281f    00000001     (.common:imageUpdateState)
                  00002820    00000001     (.common:lastTxIndex)
                  00002821    00000001     (.common:next_bit_value)
                  00002822    00000001     (.common:read_command_number)
                  00002823    00000001     (.common:senseState)

.data      0    00002824    00000002     UNINITIALIZED
                  00002824    00000001     _14443_B.obj (.data)
                  00002825    00000001     doNFC.obj (.data)

.stack     0    00003390    0000006e     UNINITIALIZED
                  00003390    00000002     rts430x_sc_sd_eabi.lib : boot.obj (.stack)
                  00003392    0000006c     --HOLE--

.text      0    00008000    0000153c     
                  00008000    000001de     _14443_B_protocol.obj (.text:_14443_B_protocol)
                  000081de    000001d6     e-paper.obj (.text:EPD_line)
                  000083b4    0000016e     send_bpsk.obj (.text:send_bpsk)
                  00008522    00000142     RX_ISR.obj (.text)
                  00008664    000000ea     e-paper.obj (.text:EPD_initialize_driver)
                  0000874e    000000e0     spi.obj (.text:USCI_B1_ISR)
                  0000882e    000000ae     e-paper.obj (.text:EPD_power_off)
                  000088dc    000000aa     _system_pre_init.obj (.text:_system_pre_init)
                  00008986    00000084     spi.obj (.text:epd_spi_send)
                  00008a0a    00000082     myNFC_Protocol.obj (.text:nfc_wisp_protocol)
                  00008a8c    0000007e     rts430x_sc_sd_eabi.lib : autoinit_wdt.obj (.text:_auto_init_hold_wdt)
                  00008b0a    00000076     doNFC.obj (.text:sleep_until_read)
                  00008b80    00000070     doNFC.obj (.text:doRFID_14443B)
                  00008bf0    00000064     e-paper.obj (.text:EPD_frame_newImg)
                  00008c54    00000062     rts430x_sc_sd_eabi.lib : copy_decompress_rle.obj (.text:__TI_decompress_rle_core)
                  00008cb6    00000060     spi.obj (.text:epd_spi_send_byte)
                  00008d16    0000005e     spi.obj (.text:SPI_READ)
                  00008d74    0000005c     timer.obj (.text:timeOutISR)
                  00008dd0    0000005a     spi.obj (.text:I2C_Rx)
                  00008e2a    0000005a     spi.obj (.text:SPI_initialize)
                  00008e84    00000058     rts430x_sc_sd_eabi.lib : cpy_tbl.obj (.text:copy_in)
                  00008edc    00000058     _14443_B.obj (.text:doNFC_Rx)
                  00008f34    00000056     fram_memory.obj (.text:SPI_FRAM_Write_Memory)
                  00008f8a    00000050     spi.obj (.text:SPI_SlaveOff)
                  00008fda    0000004c     crc_checker.obj (.text:hw_crc_validate)
                  00009026    00000048     send_bpsk.obj (.text:initialize_bpsk)
                  0000906e    00000044     main.obj (.text:main)
                  000090b2    00000042     doNFC.obj (.text:sleep_until_edges)
                  000090f4    00000040     crc_checker.obj (.text:hw_crc_ccitt)
                  00009134    00000040     timer.obj (.text:timeTrackingISR)
                  00009174    0000003e     e-paper.obj (.text:EPD_power_on)
                  000091b2    0000003e     spi.obj (.text:I2C_Tx)
                  000091f0    0000003a     spi.obj (.text:I2C_config)
                  0000922a    00000038     spi.obj (.text:SPI_transaction)
                  00009262    00000038     _14443_B_protocol.obj (.text:initialize_14443_B_protocol)
                  0000929a    00000032     myE-paperApp.obj (.text:updateDisplay2)
                  000092cc    00000030     spi.obj (.text:SPI_SlaveOn)
                  000092fc    0000002a     myApp.obj (.text:Demo2)
                  00009326    0000002a     e-paper.obj (.text:EPD_frame_fixed)
                  00009350    00000022     fram_memory.obj (.text:SPI_FRAM_Write_Enable_Latch)
                  00009372    00000022     spi.obj (.text:SPI_put_wait)
                  00009394    0000001e     timer.obj (.text:delay_us)
                  000093b2    0000001e     myNFC_Protocol.obj (.text:initialize_nfc_wisp_protocol)
                  000093d0    0000001e     timer.obj (.text:lowPowerSleep)
                  000093ee    0000001e     send_bpsk.obj (.text:next_bit)
                  0000940c    0000001a     tempSense.obj (.text:ADC10ISR)
                  00009426    0000001a     rts430x_sc_sd_eabi.lib : boot_special.obj (.text:_c_int00_noargs_noexit)
                  00009440    00000018     doNFC.obj (.text:doNFC)
                  00009458    00000016     spi.obj (.text:I2C_Tx_config)
                  0000946e    00000014     timer.obj (.text:LPM3_TimerISR)
                  00009482    00000014     rts430x_sc_sd_eabi.lib : memset.obj (.text:memset)
                  00009496    00000014                            : mult16_f5hw.obj (.text)
                  000094aa    00000012     _14443_B_protocol.obj (.text:add_pupi)
                  000094bc    00000012     rts430x_sc_sd_eabi.lib : copy_decompress_none.obj (.text:decompress:none:__TI_decompress_none)
                  000094ce    00000012     doNFC.obj (.text:initRFID)
                  000094e0    00000012     rts430x_sc_sd_eabi.lib : memcpy.obj (.text:memcpy)
                  000094f2    00000012     timer.obj (.text:timeout_init)
                  00009504    00000010     send_bpsk.obj (.text:shift_mask)
                  00009514    0000000a     timer.obj (.text:timeout_halt)
                  0000951e    00000008     _system_pre_init.obj (.text:CATCH_ALL)
                  00009526    00000008     e-paper.obj (.text:EPD_power_init)
                  0000952e    00000006     rts430x_sc_sd_eabi.lib : exit.obj (.text:abort)
                  00009534    00000006                            : copy_decompress_rle.obj (.text:decompress:rle24:__TI_decompress_rle24)
                  0000953a    00000002                            : startup.obj (.text:_system_post_cinit)

.const     0    0000953c    00000016     
                  0000953c    0000000d     e-paper.obj (.const:cog)
                  00009549    00000001     --HOLE-- [fill = 0]
                  0000954a    00000004     e-paper.obj (.const:.string:SCAN_TABLE)
                  0000954e    00000002     spi.obj (.const:.string:$P$T0$1)
                  00009550    00000002     e-paper.obj (.const:.string:$P$T1$2)

.cinit     0    00009552    0000001e     
                  00009552    0000000b     (.cinit..bss.load) [load image, compression = rle]
                  0000955d    00000001     --HOLE-- [fill = 0]
                  0000955e    00000006     (.cinit..data.load) [load image]
                  00009564    00000004     (__TI_handler_table)
                  00009568    00000008     (__TI_cinit_table)

.init_array 
*          0    00008000    00000000     UNINITIALIZED

RTC        0    0000ffd2    00000002     
                  0000ffd2    00000002     _system_pre_init.obj (.int41)

PORT2      0    0000ffd4    00000002     
                  0000ffd4    00000002     _system_pre_init.obj (.int42)

TIMER2_A1 
*          0    0000ffd6    00000002     
                  0000ffd6    00000002     _system_pre_init.obj (.int43)

TIMER2_A0 
*          0    0000ffd8    00000002     
                  0000ffd8    00000002     timer.obj (.int44)

USCI_B1    0    0000ffda    00000002     
                  0000ffda    00000002     spi.obj (.int45)

USCI_A1    0    0000ffdc    00000002     
                  0000ffdc    00000002     _system_pre_init.obj (.int46)

PORT1      0    0000ffde    00000002     
                  0000ffde    00000002     RX_ISR.obj (.int47)

TIMER1_A1 
*          0    0000ffe0    00000002     
                  0000ffe0    00000002     _system_pre_init.obj (.int48)

TIMER1_A0 
*          0    0000ffe2    00000002     
                  0000ffe2    00000002     timer.obj (.int49)

DMA        0    0000ffe4    00000002     
                  0000ffe4    00000002     _system_pre_init.obj (.int50)

LDO_PWR    0    0000ffe6    00000002     
                  0000ffe6    00000002     _system_pre_init.obj (.int51)

TIMER0_A1 
*          0    0000ffe8    00000002     
                  0000ffe8    00000002     _system_pre_init.obj (.int52)

TIMER0_A0 
*          0    0000ffea    00000002     
                  0000ffea    00000002     timer.obj (.int53)

ADC10      0    0000ffec    00000002     
                  0000ffec    00000002     tempSense.obj (.int54)

USCI_B0    0    0000ffee    00000002     
                  0000ffee    00000002     _system_pre_init.obj (.int55)

USCI_A0    0    0000fff0    00000002     
                  0000fff0    00000002     _system_pre_init.obj (.int56)

WDT        0    0000fff2    00000002     
                  0000fff2    00000002     _system_pre_init.obj (.int57)

TIMER0_B1 
*          0    0000fff4    00000002     
                  0000fff4    00000002     _system_pre_init.obj (.int58)

TIMER0_B0 
*          0    0000fff6    00000002     
                  0000fff6    00000002     _system_pre_init.obj (.int59)

COMP_B     0    0000fff8    00000002     
                  0000fff8    00000002     _system_pre_init.obj (.int60)

UNMI       0    0000fffa    00000002     
                  0000fffa    00000002     _system_pre_init.obj (.int61)

SYSNMI     0    0000fffc    00000002     
                  0000fffc    00000002     _system_pre_init.obj (.int62)

.reset     0    0000fffe    00000002     
                  0000fffe    00000002     rts430x_sc_sd_eabi.lib : boot.obj (.reset)

MODULE SUMMARY

       Module                     code   ro data   rw data
       ------                     ----   -------   -------
    ./
       main.obj                   68     0         9      
    +--+--------------------------+------+---------+---------+
       Total:                     68     0         9      
                                                          
    ./NFC_protocol/
       _14443_B_protocol.obj      552    0         511    
       send_bpsk.obj              484    0         7      
       doNFC.obj                  338    0         135    
       RX_ISR.obj                 322    2         0      
       crc_checker.obj            140    0         0      
       _14443_B.obj               88     0         1      
    +--+--------------------------+------+---------+---------+
       Total:                     1924   2         654    
                                                          
    ./UserApp/
       myNFC_Protocol.obj         160    0         4      
       myE-paperApp.obj           50     0         0      
       myApp.obj                  42     0         6      
       tempSense.obj              26     2         2      
    +--+--------------------------+------+---------+---------+
       Total:                     278    2         12     
                                                          
    ./common/
       e-paper.obj                1090   19        2401   
       spi.obj                    1086   4         32     
       timer.obj                  264    6         0      
       _system_pre_init.obj       178    32        2      
       fram_memory.obj            120    0         0      
    +--+--------------------------+------+---------+---------+
       Total:                     2738   61        2435   
                                                          
    /Applications/ti/ccsv6/tools/compiler/ti-cgt-msp430_15.12.1.LTS/lib/rts430x_sc_sd_eabi.lib
       autoinit_wdt.obj           126    0         0      
       copy_decompress_rle.obj    104    0         0      
       cpy_tbl.obj                88     0         0      
       boot_special.obj           26     0         0      
       memset.obj                 20     0         0      
       mult16_f5hw.obj            20     0         0      
       copy_decompress_none.obj   18     0         0      
       memcpy.obj                 18     0         0      
       exit.obj                   6      0         0      
       boot.obj                   0      2         0      
       startup.obj                2      0         0      
    +--+--------------------------+------+---------+---------+
       Total:                     428    2         0      
                                                          
       Stack:                     0      0         110    
       Linker Generated:          0      29        0      
    +--+--------------------------+------+---------+---------+
       Grand Total:               5436   96        3220   


LINKER GENERATED COPY TABLES

__TI_cinit_table @ 00009568 records: 2, size/record: 4, table size: 8
	.bss: load addr=00009552, load size=0000000b bytes, run addr=00001c00, run size=00000c24 bytes, compression=rle
	.data: load addr=0000955e, load size=00000006 bytes, run addr=00002824, run size=00000002 bytes, compression=copy


LINKER GENERATED HANDLER TABLE

__TI_handler_table @ 00009564 records: 2, size/record: 2, table size: 4
	index: 0, handler: __TI_decompress_rle24
	index: 1, handler: __TI_decompress_none


GLOBAL SYMBOLS: SORTED ALPHABETICALLY BY Name 

address   name                        
-------   ----                        
00000740  ADC10CTL0                   
00000741  ADC10CTL0_H                 
00000740  ADC10CTL0_L                 
00000742  ADC10CTL1                   
00000743  ADC10CTL1_H                 
00000742  ADC10CTL1_L                 
00000744  ADC10CTL2                   
00000745  ADC10CTL2_H                 
00000744  ADC10CTL2_L                 
00000748  ADC10HI                     
00000749  ADC10HI_H                   
00000748  ADC10HI_L                   
0000075a  ADC10IE                     
0000075b  ADC10IE_H                   
0000075a  ADC10IE_L                   
0000075c  ADC10IFG                    
0000075d  ADC10IFG_H                  
0000075c  ADC10IFG_L                  
0000940c  ADC10ISR                    
0000075e  ADC10IV                     
0000075f  ADC10IV_H                   
0000075e  ADC10IV_L                   
00000746  ADC10LO                     
00000747  ADC10LO_H                   
00000746  ADC10LO_L                   
0000074a  ADC10MCTL0                  
0000074b  ADC10MCTL0_H                
0000074a  ADC10MCTL0_L                
00000752  ADC10MEM0                   
00000753  ADC10MEM0_H                 
00000752  ADC10MEM0_L                 
0000952e  C$$EXIT                     
0000951e  CATCH_ALL                   
000008c0  CBCTL0                      
000008c1  CBCTL0_H                    
000008c0  CBCTL0_L                    
000008c2  CBCTL1                      
000008c3  CBCTL1_H                    
000008c2  CBCTL1_L                    
000008c4  CBCTL2                      
000008c5  CBCTL2_H                    
000008c4  CBCTL2_L                    
000008c6  CBCTL3                      
000008c7  CBCTL3_H                    
000008c6  CBCTL3_L                    
000008cc  CBINT                       
000008cd  CBINT_H                     
000008cc  CBINT_L                     
000008ce  CBIV                        
00002816  CID                         
00000150  CRCDI                       
00000152  CRCDIRB                     
00000153  CRCDIRB_H                   
00000152  CRCDIRB_L                   
00000151  CRCDI_H                     
00000150  CRCDI_L                     
00000154  CRCINIRES                   
00000155  CRCINIRES_H                 
00000154  CRCINIRES_L                 
00000156  CRCRESR                     
00000157  CRCRESR_H                   
00000156  CRCRESR_L                   
00000510  DMA0CTL                     
00000511  DMA0CTL_H                   
00000510  DMA0CTL_L                   
00000516  DMA0DA                      
00000518  DMA0DAH                     
00000516  DMA0DAL                     
00000512  DMA0SA                      
00000514  DMA0SAH                     
00000512  DMA0SAL                     
0000051a  DMA0SZ                      
00000520  DMA1CTL                     
00000521  DMA1CTL_H                   
00000520  DMA1CTL_L                   
00000526  DMA1DA                      
00000528  DMA1DAH                     
00000526  DMA1DAL                     
00000522  DMA1SA                      
00000524  DMA1SAH                     
00000522  DMA1SAL                     
0000052a  DMA1SZ                      
00000530  DMA2CTL                     
00000531  DMA2CTL_H                   
00000530  DMA2CTL_L                   
00000536  DMA2DA                      
00000538  DMA2DAH                     
00000536  DMA2DAL                     
00000532  DMA2SA                      
00000534  DMA2SAH                     
00000532  DMA2SAL                     
0000053a  DMA2SZ                      
00000500  DMACTL0                     
00000501  DMACTL0_H                   
00000500  DMACTL0_L                   
00000502  DMACTL1                     
00000503  DMACTL1_H                   
00000502  DMACTL1_L                   
00000504  DMACTL2                     
00000505  DMACTL2_H                   
00000504  DMACTL2_L                   
00000506  DMACTL3                     
00000507  DMACTL3_H                   
00000506  DMACTL3_L                   
00000508  DMACTL4                     
00000509  DMACTL4_H                   
00000508  DMACTL4_L                   
0000050e  DMAIV                       
0000050f  DMAIV_H                     
0000050e  DMAIV_L                     
000092fc  Demo2                       
00009326  EPD_frame_fixed             
00008bf0  EPD_frame_newImg            
00008664  EPD_initialize_driver       
000081de  EPD_line                    
00009526  EPD_power_init              
0000882e  EPD_power_off               
00009174  EPD_power_on                
00000140  FCTL1                       
00000141  FCTL1_H                     
00000140  FCTL1_L                     
00000144  FCTL3                       
00000145  FCTL3_H                     
00000144  FCTL3_L                     
00000146  FCTL4                       
00000147  FCTL4_H                     
00000146  FCTL4_L                     
00008dd0  I2C_Rx                      
000091b2  I2C_Tx                      
00009458  I2C_Tx_config               
000091f0  I2C_config                  
00000900  LDOKEYPID                   
00000901  LDOKEYPID_H                 
00000900  LDOKEYPID_L                 
00000908  LDOPWRCTL                   
00000909  LDOPWRCTL_H                 
00000908  LDOPWRCTL_L                 
0000946e  LPM3_TimerISR               
000004c4  MAC                         
000004da  MAC32H                      
000004db  MAC32H_H                    
000004da  MAC32H_L                    
000004d8  MAC32L                      
000004d9  MAC32L_H                    
000004d8  MAC32L_L                    
000004c6  MACS                        
000004de  MACS32H                     
000004df  MACS32H_H                   
000004de  MACS32H_L                   
000004dc  MACS32L                     
000004dd  MACS32L_H                   
000004dc  MACS32L_L                   
000004c7  MACS_H                      
000004c6  MACS_L                      
000004c5  MAC_H                       
000004c4  MAC_L                       
00002808  MODE                        
000004c0  MPY                         
000004ec  MPY32CTL0                   
000004ed  MPY32CTL0_H                 
000004ec  MPY32CTL0_L                 
000004d2  MPY32H                      
000004d3  MPY32H_H                    
000004d2  MPY32H_L                    
000004d0  MPY32L                      
000004d1  MPY32L_H                    
000004d0  MPY32L_L                    
000004c2  MPYS                        
000004d6  MPYS32H                     
000004d7  MPYS32H_H                   
000004d6  MPYS32H_L                   
000004d4  MPYS32L                     
000004d5  MPYS32L_H                   
000004d4  MPYS32L_L                   
000004c3  MPYS_H                      
000004c2  MPYS_L                      
000004c1  MPY_H                       
000004c0  MPY_L                       
000004c8  OP2                         
000004e2  OP2H                        
000004e3  OP2H_H                      
000004e2  OP2H_L                      
000004e0  OP2L                        
000004e1  OP2L_H                      
000004e0  OP2L_L                      
000004c9  OP2_H                       
000004c8  OP2_L                       
0000020e  P1IV                        
0000021e  P2IV                        
000001e0  P4MAP01                     
000001e1  P4MAP01_H                   
000001e0  P4MAP01_L                   
000001e2  P4MAP23                     
000001e3  P4MAP23_H                   
000001e2  P4MAP23_L                   
000001e4  P4MAP45                     
000001e5  P4MAP45_H                   
000001e4  P4MAP45_L                   
000001e6  P4MAP67                     
000001e7  P4MAP67_H                   
000001e6  P4MAP67_L                   
00000204  PADIR                       
00000205  PADIR_H                     
00000204  PADIR_L                     
00000208  PADS                        
00000209  PADS_H                      
00000208  PADS_L                      
0000021a  PAIE                        
00000218  PAIES                       
00000219  PAIES_H                     
00000218  PAIES_L                     
0000021b  PAIE_H                      
0000021a  PAIE_L                      
0000021c  PAIFG                       
0000021d  PAIFG_H                     
0000021c  PAIFG_L                     
00000200  PAIN                        
00000201  PAIN_H                      
00000200  PAIN_L                      
00000202  PAOUT                       
00000203  PAOUT_H                     
00000202  PAOUT_L                     
00000206  PAREN                       
00000207  PAREN_H                     
00000206  PAREN_L                     
0000020a  PASEL                       
0000020b  PASEL_H                     
0000020a  PASEL_L                     
00000224  PBDIR                       
00000225  PBDIR_H                     
00000224  PBDIR_L                     
00000228  PBDS                        
00000229  PBDS_H                      
00000228  PBDS_L                      
00000220  PBIN                        
00000221  PBIN_H                      
00000220  PBIN_L                      
00000222  PBOUT                       
00000223  PBOUT_H                     
00000222  PBOUT_L                     
00000226  PBREN                       
00000227  PBREN_H                     
00000226  PBREN_L                     
0000022a  PBSEL                       
0000022b  PBSEL_H                     
0000022a  PBSEL_L                     
00000244  PCDIR                       
00000245  PCDIR_H                     
00000244  PCDIR_L                     
00000248  PCDS                        
00000249  PCDS_H                      
00000248  PCDS_L                      
00000240  PCIN                        
00000241  PCIN_H                      
00000240  PCIN_L                      
00000242  PCOUT                       
00000243  PCOUT_H                     
00000242  PCOUT_L                     
00000246  PCREN                       
00000247  PCREN_H                     
00000246  PCREN_L                     
0000024a  PCSEL                       
0000024b  PCSEL_H                     
0000024a  PCSEL_L                     
00000324  PJDIR                       
00000325  PJDIR_H                     
00000324  PJDIR_L                     
00000328  PJDS                        
00000329  PJDS_H                      
00000328  PJDS_L                      
00000320  PJIN                        
00000321  PJIN_H                      
00000320  PJIN_L                      
00000322  PJOUT                       
00000323  PJOUT_H                     
00000322  PJOUT_L                     
00000326  PJREN                       
00000327  PJREN_H                     
00000326  PJREN_L                     
00000130  PM5CTL0                     
00000131  PM5CTL0_H                   
00000130  PM5CTL0_L                   
000001c2  PMAPCTL                     
000001c3  PMAPCTL_H                   
000001c2  PMAPCTL_L                   
000001c0  PMAPKEYID                   
000001c1  PMAPKEYID_H                 
000001c0  PMAPKEYID_L                 
00000120  PMMCTL0                     
00000121  PMMCTL0_H                   
00000120  PMMCTL0_L                   
00000122  PMMCTL1                     
00000123  PMMCTL1_H                   
00000122  PMMCTL1_L                   
0000012c  PMMIFG                      
0000012d  PMMIFG_H                    
0000012c  PMMIFG_L                    
0000012e  PMMRIE                      
0000012f  PMMRIE_H                    
0000012e  PMMRIE_L                    
0000280a  PRxData                     
0000280c  PTxData                     
00000904  PUCTL                       
00000905  PUCTL_H                     
00000904  PUCTL_L                     
00000158  RCCTL0                      
00000159  RCCTL0_H                    
00000158  RCCTL0_L                    
000001b0  REFCTL0                     
000001b1  REFCTL0_H                   
000001b0  REFCTL0_L                   
000004e4  RES0                        
000004e5  RES0_H                      
000004e4  RES0_L                      
000004e6  RES1                        
000004e7  RES1_H                      
000004e6  RES1_L                      
000004e8  RES2                        
000004e9  RES2_H                      
000004e8  RES2_L                      
000004ea  RES3                        
000004eb  RES3_H                      
000004ea  RES3_L                      
000004cc  RESHI                       
000004cd  RESHI_H                     
000004cc  RESHI_L                     
000004ca  RESLO                       
000004cb  RESLO_H                     
000004ca  RESLO_L                     
000004ba  RTCADOWDAY                  
000004bb  RTCADOWDAY_H                
000004ba  RTCADOWDAY_L                
000004b8  RTCAMINHR                   
000004b9  RTCAMINHR_H                 
000004b8  RTCAMINHR_L                 
000004a0  RTCCTL01                    
000004a1  RTCCTL01_H                  
000004a0  RTCCTL01_L                  
000004a2  RTCCTL23                    
000004a3  RTCCTL23_H                  
000004a2  RTCCTL23_L                  
000004b4  RTCDATE                     
000004b5  RTCDATE_H                   
000004b4  RTCDATE_L                   
000004ae  RTCIV                       
000004ac  RTCPS                       
000004a8  RTCPS0CTL                   
000004a9  RTCPS0CTL_H                 
000004a8  RTCPS0CTL_L                 
000004aa  RTCPS1CTL                   
000004ab  RTCPS1CTL_H                 
000004aa  RTCPS1CTL_L                 
000004ad  RTCPS_H                     
000004ac  RTCPS_L                     
000004b0  RTCTIM0                     
000004b1  RTCTIM0_H                   
000004b0  RTCTIM0_L                   
000004b2  RTCTIM1                     
000004b3  RTCTIM1_H                   
000004b2  RTCTIM1_L                   
000004b6  RTCYEAR                     
000004b7  RTCYEAR_H                   
000004b6  RTCYEAR_L                   
000027fe  RTC_ctr                     
00002817  RXByteCtr                   
00000100  SFRIE1                      
00000101  SFRIE1_H                    
00000100  SFRIE1_L                    
00000102  SFRIFG1                     
00000103  SFRIFG1_H                   
00000102  SFRIFG1_L                   
00000104  SFRRPCR                     
00000105  SFRRPCR_H                   
00000104  SFRRPCR_L                   
00009350  SPI_FRAM_Write_Enable_Latch 
00008f34  SPI_FRAM_Write_Memory       
00008d16  SPI_READ                    
00008f8a  SPI_SlaveOff                
000092cc  SPI_SlaveOn                 
00008e2a  SPI_initialize              
00009372  SPI_put_wait                
0000922a  SPI_transaction             
000004ce  SUMEXT                      
000004cf  SUMEXT_H                    
000004ce  SUMEXT_L                    
00000124  SVSMHCTL                    
00000125  SVSMHCTL_H                  
00000124  SVSMHCTL_L                  
00000128  SVSMIO                      
00000129  SVSMIO_H                    
00000128  SVSMIO_L                    
00000126  SVSMLCTL                    
00000127  SVSMLCTL_H                  
00000126  SVSMLCTL_L                  
00000198  SYSBERRIV                   
00000199  SYSBERRIV_H                 
00000198  SYSBERRIV_L                 
00000182  SYSBSLC                     
00000183  SYSBSLC_H                   
00000182  SYSBSLC_L                   
00000180  SYSCTL                      
00000181  SYSCTL_H                    
00000180  SYSCTL_L                    
00000186  SYSJMBC                     
00000187  SYSJMBC_H                   
00000186  SYSJMBC_L                   
00000188  SYSJMBI0                    
00000189  SYSJMBI0_H                  
00000188  SYSJMBI0_L                  
0000018a  SYSJMBI1                    
0000018b  SYSJMBI1_H                  
0000018a  SYSJMBI1_L                  
0000018c  SYSJMBO0                    
0000018d  SYSJMBO0_H                  
0000018c  SYSJMBO0_L                  
0000018e  SYSJMBO1                    
0000018f  SYSJMBO1_H                  
0000018e  SYSJMBO1_L                  
0000019e  SYSRSTIV                    
0000019f  SYSRSTIV_H                  
0000019e  SYSRSTIV_L                  
0000019c  SYSSNIV                     
0000019d  SYSSNIV_H                   
0000019c  SYSSNIV_L                   
0000019a  SYSUNIV                     
0000019b  SYSUNIV_H                   
0000019a  SYSUNIV_L                   
00000352  TA0CCR0                     
00000354  TA0CCR1                     
00000356  TA0CCR2                     
00000358  TA0CCR3                     
0000035a  TA0CCR4                     
00000342  TA0CCTL0                    
00000344  TA0CCTL1                    
00000346  TA0CCTL2                    
00000348  TA0CCTL3                    
0000034a  TA0CCTL4                    
00000340  TA0CTL                      
00000360  TA0EX0                      
0000036e  TA0IV                       
00000350  TA0R                        
00000392  TA1CCR0                     
00000394  TA1CCR1                     
00000396  TA1CCR2                     
00000382  TA1CCTL0                    
00000384  TA1CCTL1                    
00000386  TA1CCTL2                    
00000380  TA1CTL                      
000003a0  TA1EX0                      
000003ae  TA1IV                       
00000390  TA1R                        
00000412  TA2CCR0                     
00000414  TA2CCR1                     
00000416  TA2CCR2                     
00000402  TA2CCTL0                    
00000404  TA2CCTL1                    
00000406  TA2CCTL2                    
00000400  TA2CTL                      
00000420  TA2EX0                      
0000042e  TA2IV                       
00000410  TA2R                        
000003d2  TB0CCR0                     
000003d4  TB0CCR1                     
000003d6  TB0CCR2                     
000003d8  TB0CCR3                     
000003da  TB0CCR4                     
000003dc  TB0CCR5                     
000003de  TB0CCR6                     
000003c2  TB0CCTL0                    
000003c4  TB0CCTL1                    
000003c6  TB0CCTL2                    
000003c8  TB0CCTL3                    
000003ca  TB0CCTL4                    
000003cc  TB0CCTL5                    
000003ce  TB0CCTL6                    
000003c0  TB0CTL                      
000003e0  TB0EX0                      
000003ee  TB0IV                       
000003d0  TB0R                        
00002818  TXByteCtr                   
00002819  TXData                      
000005d0  UCA0ABCTL                   
000005c6  UCA0BRW                     
000005c7  UCA0BRW_H                   
000005c6  UCA0BRW_L                   
000005c0  UCA0CTLW0                   
000005c1  UCA0CTLW0_H                 
000005c0  UCA0CTLW0_L                 
000005dc  UCA0ICTL                    
000005dd  UCA0ICTL_H                  
000005dc  UCA0ICTL_L                  
000005d2  UCA0IRCTL                   
000005d3  UCA0IRCTL_H                 
000005d2  UCA0IRCTL_L                 
000005de  UCA0IV                      
000005c8  UCA0MCTL                    
000005cc  UCA0RXBUF                   
000005ca  UCA0STAT                    
000005ce  UCA0TXBUF                   
00000610  UCA1ABCTL                   
00000606  UCA1BRW                     
00000607  UCA1BRW_H                   
00000606  UCA1BRW_L                   
00000600  UCA1CTLW0                   
00000601  UCA1CTLW0_H                 
00000600  UCA1CTLW0_L                 
0000061c  UCA1ICTL                    
0000061d  UCA1ICTL_H                  
0000061c  UCA1ICTL_L                  
00000612  UCA1IRCTL                   
00000613  UCA1IRCTL_H                 
00000612  UCA1IRCTL_L                 
0000061e  UCA1IV                      
00000608  UCA1MCTL                    
0000060c  UCA1RXBUF                   
0000060a  UCA1STAT                    
0000060e  UCA1TXBUF                   
000005e6  UCB0BRW                     
000005e7  UCB0BRW_H                   
000005e6  UCB0BRW_L                   
000005e0  UCB0CTLW0                   
000005e1  UCB0CTLW0_H                 
000005e0  UCB0CTLW0_L                 
000005f0  UCB0I2COA                   
000005f1  UCB0I2COA_H                 
000005f0  UCB0I2COA_L                 
000005f2  UCB0I2CSA                   
000005f3  UCB0I2CSA_H                 
000005f2  UCB0I2CSA_L                 
000005fc  UCB0ICTL                    
000005fd  UCB0ICTL_H                  
000005fc  UCB0ICTL_L                  
000005fe  UCB0IV                      
000005ec  UCB0RXBUF                   
000005ea  UCB0STAT                    
000005ee  UCB0TXBUF                   
00000626  UCB1BRW                     
00000627  UCB1BRW_H                   
00000626  UCB1BRW_L                   
00000620  UCB1CTLW0                   
00000621  UCB1CTLW0_H                 
00000620  UCB1CTLW0_L                 
00000630  UCB1I2COA                   
00000631  UCB1I2COA_H                 
00000630  UCB1I2COA_L                 
00000632  UCB1I2CSA                   
00000633  UCB1I2CSA_H                 
00000632  UCB1I2CSA_L                 
0000063c  UCB1ICTL                    
0000063d  UCB1ICTL_H                  
0000063c  UCB1ICTL_L                  
0000063e  UCB1IV                      
0000062c  UCB1RXBUF                   
0000062a  UCB1STAT                    
0000062e  UCB1TXBUF                   
00000160  UCSCTL0                     
00000161  UCSCTL0_H                   
00000160  UCSCTL0_L                   
00000162  UCSCTL1                     
00000163  UCSCTL1_H                   
00000162  UCSCTL1_L                   
00000164  UCSCTL2                     
00000165  UCSCTL2_H                   
00000164  UCSCTL2_L                   
00000166  UCSCTL3                     
00000167  UCSCTL3_H                   
00000166  UCSCTL3_L                   
00000168  UCSCTL4                     
00000169  UCSCTL4_H                   
00000168  UCSCTL4_L                   
0000016a  UCSCTL5                     
0000016b  UCSCTL5_H                   
0000016a  UCSCTL5_L                   
0000016c  UCSCTL6                     
0000016d  UCSCTL6_H                   
0000016c  UCSCTL6_L                   
0000016e  UCSCTL7                     
0000016f  UCSCTL7_H                   
0000016e  UCSCTL7_L                   
00000170  UCSCTL8                     
00000171  UCSCTL8_H                   
00000170  UCSCTL8_L                   
0000874e  USCI_B1_ISR                 
0000015c  WDTCTL                      
0000015d  WDTCTL_H                    
0000015c  WDTCTL_L                    
00008000  _14443_B_protocol           
00002825  _14443_buf_ptr              
000033fe  __STACK_END                 
0000006e  __STACK_SIZE                
UNDEFED   __TI_BINIT_Base             
UNDEFED   __TI_BINIT_Limit            
00009568  __TI_CINIT_Base             
00009570  __TI_CINIT_Limit            
00009564  __TI_Handler_Table_Base     
00009568  __TI_Handler_Table_Limit    
UNDEFED   __TI_INITARRAY_Base         
UNDEFED   __TI_INITARRAY_Limit        
000094bc  __TI_decompress_none        
00009534  __TI_decompress_rle24       
0000ffd2  __TI_int41                  
0000ffd4  __TI_int42                  
0000ffd6  __TI_int43                  
0000ffd8  __TI_int44                  
0000ffda  __TI_int45                  
0000ffdc  __TI_int46                  
0000ffde  __TI_int47                  
0000ffe0  __TI_int48                  
0000ffe2  __TI_int49                  
0000ffe4  __TI_int50                  
0000ffe6  __TI_int51                  
0000ffe8  __TI_int52                  
0000ffea  __TI_int53                  
0000ffec  __TI_int54                  
0000ffee  __TI_int55                  
0000fff0  __TI_int56                  
0000fff2  __TI_int57                  
0000fff4  __TI_int58                  
0000fff6  __TI_int59                  
0000fff8  __TI_int60                  
0000fffa  __TI_int61                  
0000fffc  __TI_int62                  
ffffffff  __TI_pprof_out_hndl         
ffffffff  __TI_prof_data_size         
ffffffff  __TI_prof_data_start        
ffffffff  __c_args__                  
00009496  __mspabi_mpyi_f5hw          
00008a8c  _auto_init_hold_wdt         
00009426  _c_int00_noargs_noexit      
0000fffe  _reset_vector               
00003390  _stack                      
0000953a  _system_post_cinit          
000088dc  _system_pre_init            
0000952e  abort                       
0000281a  accelState                  
000094aa  add_pupi                    
0000280e  bad_interrupts              
0000281b  bpsk_ct                     
0000281c  bpsk_send_bit_count         
0000953c  cog                         
00008e84  copy_in                     
0000281d  debug_interrupt             
00009394  delay_us                    
00009440  doNFC                       
00008edc  doNFC_Rx                    
0000281e  doNFC_state                 
00008b80  doRFID_14443B               
00008986  epd_spi_send                
00008cb6  epd_spi_send_byte           
000027d4  gpRxBuf                     
000090f4  hw_crc_ccitt                
00008fda  hw_crc_validate             
00001c00  imageBuffer                 
0000281f  imageUpdateState            
000094ce  initRFID                    
00009262  initialize_14443_B_protocol 
00009026  initialize_bpsk             
000093b2  initialize_nfc_wisp_protocol
00002820  lastTxIndex                 
000093d0  lowPowerSleep               
0000906e  main                        
000094e0  memcpy                      
00009482  memset                      
000093ee  next_bit                    
00002821  next_bit_value              
00008a0a  nfc_wisp_protocol           
00002810  numberOfBitsTX              
00002812  pcd_max_frame_size          
00002822  read_command_number         
00002754  rx_buffer                   
000083b4  send_bpsk                   
00002823  senseState                  
00009504  shift_mask                  
000090b2  sleep_until_edges           
00008b0a  sleep_until_read            
00008d74  timeOutISR                  
00009134  timeTrackingISR             
00009514  timeout_halt                
000094f2  timeout_init                
00002814  timer                       
00002794  transmitCommand             
00002802  uid                         
0000929a  updateDisplay2              
00002824  validRx                     


GLOBAL SYMBOLS: SORTED BY Symbol Address 

address   name                        
-------   ----                        
0000006e  __STACK_SIZE                
00000100  SFRIE1                      
00000100  SFRIE1_L                    
00000101  SFRIE1_H                    
00000102  SFRIFG1                     
00000102  SFRIFG1_L                   
00000103  SFRIFG1_H                   
00000104  SFRRPCR                     
00000104  SFRRPCR_L                   
00000105  SFRRPCR_H                   
00000120  PMMCTL0                     
00000120  PMMCTL0_L                   
00000121  PMMCTL0_H                   
00000122  PMMCTL1                     
00000122  PMMCTL1_L                   
00000123  PMMCTL1_H                   
00000124  SVSMHCTL                    
00000124  SVSMHCTL_L                  
00000125  SVSMHCTL_H                  
00000126  SVSMLCTL                    
00000126  SVSMLCTL_L                  
00000127  SVSMLCTL_H                  
00000128  SVSMIO                      
00000128  SVSMIO_L                    
00000129  SVSMIO_H                    
0000012c  PMMIFG                      
0000012c  PMMIFG_L                    
0000012d  PMMIFG_H                    
0000012e  PMMRIE                      
0000012e  PMMRIE_L                    
0000012f  PMMRIE_H                    
00000130  PM5CTL0                     
00000130  PM5CTL0_L                   
00000131  PM5CTL0_H                   
00000140  FCTL1                       
00000140  FCTL1_L                     
00000141  FCTL1_H                     
00000144  FCTL3                       
00000144  FCTL3_L                     
00000145  FCTL3_H                     
00000146  FCTL4                       
00000146  FCTL4_L                     
00000147  FCTL4_H                     
00000150  CRCDI                       
00000150  CRCDI_L                     
00000151  CRCDI_H                     
00000152  CRCDIRB                     
00000152  CRCDIRB_L                   
00000153  CRCDIRB_H                   
00000154  CRCINIRES                   
00000154  CRCINIRES_L                 
00000155  CRCINIRES_H                 
00000156  CRCRESR                     
00000156  CRCRESR_L                   
00000157  CRCRESR_H                   
00000158  RCCTL0                      
00000158  RCCTL0_L                    
00000159  RCCTL0_H                    
0000015c  WDTCTL                      
0000015c  WDTCTL_L                    
0000015d  WDTCTL_H                    
00000160  UCSCTL0                     
00000160  UCSCTL0_L                   
00000161  UCSCTL0_H                   
00000162  UCSCTL1                     
00000162  UCSCTL1_L                   
00000163  UCSCTL1_H                   
00000164  UCSCTL2                     
00000164  UCSCTL2_L                   
00000165  UCSCTL2_H                   
00000166  UCSCTL3                     
00000166  UCSCTL3_L                   
00000167  UCSCTL3_H                   
00000168  UCSCTL4                     
00000168  UCSCTL4_L                   
00000169  UCSCTL4_H                   
0000016a  UCSCTL5                     
0000016a  UCSCTL5_L                   
0000016b  UCSCTL5_H                   
0000016c  UCSCTL6                     
0000016c  UCSCTL6_L                   
0000016d  UCSCTL6_H                   
0000016e  UCSCTL7                     
0000016e  UCSCTL7_L                   
0000016f  UCSCTL7_H                   
00000170  UCSCTL8                     
00000170  UCSCTL8_L                   
00000171  UCSCTL8_H                   
00000180  SYSCTL                      
00000180  SYSCTL_L                    
00000181  SYSCTL_H                    
00000182  SYSBSLC                     
00000182  SYSBSLC_L                   
00000183  SYSBSLC_H                   
00000186  SYSJMBC                     
00000186  SYSJMBC_L                   
00000187  SYSJMBC_H                   
00000188  SYSJMBI0                    
00000188  SYSJMBI0_L                  
00000189  SYSJMBI0_H                  
0000018a  SYSJMBI1                    
0000018a  SYSJMBI1_L                  
0000018b  SYSJMBI1_H                  
0000018c  SYSJMBO0                    
0000018c  SYSJMBO0_L                  
0000018d  SYSJMBO0_H                  
0000018e  SYSJMBO1                    
0000018e  SYSJMBO1_L                  
0000018f  SYSJMBO1_H                  
00000198  SYSBERRIV                   
00000198  SYSBERRIV_L                 
00000199  SYSBERRIV_H                 
0000019a  SYSUNIV                     
0000019a  SYSUNIV_L                   
0000019b  SYSUNIV_H                   
0000019c  SYSSNIV                     
0000019c  SYSSNIV_L                   
0000019d  SYSSNIV_H                   
0000019e  SYSRSTIV                    
0000019e  SYSRSTIV_L                  
0000019f  SYSRSTIV_H                  
000001b0  REFCTL0                     
000001b0  REFCTL0_L                   
000001b1  REFCTL0_H                   
000001c0  PMAPKEYID                   
000001c0  PMAPKEYID_L                 
000001c1  PMAPKEYID_H                 
000001c2  PMAPCTL                     
000001c2  PMAPCTL_L                   
000001c3  PMAPCTL_H                   
000001e0  P4MAP01                     
000001e0  P4MAP01_L                   
000001e1  P4MAP01_H                   
000001e2  P4MAP23                     
000001e2  P4MAP23_L                   
000001e3  P4MAP23_H                   
000001e4  P4MAP45                     
000001e4  P4MAP45_L                   
000001e5  P4MAP45_H                   
000001e6  P4MAP67                     
000001e6  P4MAP67_L                   
000001e7  P4MAP67_H                   
00000200  PAIN                        
00000200  PAIN_L                      
00000201  PAIN_H                      
00000202  PAOUT                       
00000202  PAOUT_L                     
00000203  PAOUT_H                     
00000204  PADIR                       
00000204  PADIR_L                     
00000205  PADIR_H                     
00000206  PAREN                       
00000206  PAREN_L                     
00000207  PAREN_H                     
00000208  PADS                        
00000208  PADS_L                      
00000209  PADS_H                      
0000020a  PASEL                       
0000020a  PASEL_L                     
0000020b  PASEL_H                     
0000020e  P1IV                        
00000218  PAIES                       
00000218  PAIES_L                     
00000219  PAIES_H                     
0000021a  PAIE                        
0000021a  PAIE_L                      
0000021b  PAIE_H                      
0000021c  PAIFG                       
0000021c  PAIFG_L                     
0000021d  PAIFG_H                     
0000021e  P2IV                        
00000220  PBIN                        
00000220  PBIN_L                      
00000221  PBIN_H                      
00000222  PBOUT                       
00000222  PBOUT_L                     
00000223  PBOUT_H                     
00000224  PBDIR                       
00000224  PBDIR_L                     
00000225  PBDIR_H                     
00000226  PBREN                       
00000226  PBREN_L                     
00000227  PBREN_H                     
00000228  PBDS                        
00000228  PBDS_L                      
00000229  PBDS_H                      
0000022a  PBSEL                       
0000022a  PBSEL_L                     
0000022b  PBSEL_H                     
00000240  PCIN                        
00000240  PCIN_L                      
00000241  PCIN_H                      
00000242  PCOUT                       
00000242  PCOUT_L                     
00000243  PCOUT_H                     
00000244  PCDIR                       
00000244  PCDIR_L                     
00000245  PCDIR_H                     
00000246  PCREN                       
00000246  PCREN_L                     
00000247  PCREN_H                     
00000248  PCDS                        
00000248  PCDS_L                      
00000249  PCDS_H                      
0000024a  PCSEL                       
0000024a  PCSEL_L                     
0000024b  PCSEL_H                     
00000320  PJIN                        
00000320  PJIN_L                      
00000321  PJIN_H                      
00000322  PJOUT                       
00000322  PJOUT_L                     
00000323  PJOUT_H                     
00000324  PJDIR                       
00000324  PJDIR_L                     
00000325  PJDIR_H                     
00000326  PJREN                       
00000326  PJREN_L                     
00000327  PJREN_H                     
00000328  PJDS                        
00000328  PJDS_L                      
00000329  PJDS_H                      
00000340  TA0CTL                      
00000342  TA0CCTL0                    
00000344  TA0CCTL1                    
00000346  TA0CCTL2                    
00000348  TA0CCTL3                    
0000034a  TA0CCTL4                    
00000350  TA0R                        
00000352  TA0CCR0                     
00000354  TA0CCR1                     
00000356  TA0CCR2                     
00000358  TA0CCR3                     
0000035a  TA0CCR4                     
00000360  TA0EX0                      
0000036e  TA0IV                       
00000380  TA1CTL                      
00000382  TA1CCTL0                    
00000384  TA1CCTL1                    
00000386  TA1CCTL2                    
00000390  TA1R                        
00000392  TA1CCR0                     
00000394  TA1CCR1                     
00000396  TA1CCR2                     
000003a0  TA1EX0                      
000003ae  TA1IV                       
000003c0  TB0CTL                      
000003c2  TB0CCTL0                    
000003c4  TB0CCTL1                    
000003c6  TB0CCTL2                    
000003c8  TB0CCTL3                    
000003ca  TB0CCTL4                    
000003cc  TB0CCTL5                    
000003ce  TB0CCTL6                    
000003d0  TB0R                        
000003d2  TB0CCR0                     
000003d4  TB0CCR1                     
000003d6  TB0CCR2                     
000003d8  TB0CCR3                     
000003da  TB0CCR4                     
000003dc  TB0CCR5                     
000003de  TB0CCR6                     
000003e0  TB0EX0                      
000003ee  TB0IV                       
00000400  TA2CTL                      
00000402  TA2CCTL0                    
00000404  TA2CCTL1                    
00000406  TA2CCTL2                    
00000410  TA2R                        
00000412  TA2CCR0                     
00000414  TA2CCR1                     
00000416  TA2CCR2                     
00000420  TA2EX0                      
0000042e  TA2IV                       
000004a0  RTCCTL01                    
000004a0  RTCCTL01_L                  
000004a1  RTCCTL01_H                  
000004a2  RTCCTL23                    
000004a2  RTCCTL23_L                  
000004a3  RTCCTL23_H                  
000004a8  RTCPS0CTL                   
000004a8  RTCPS0CTL_L                 
000004a9  RTCPS0CTL_H                 
000004aa  RTCPS1CTL                   
000004aa  RTCPS1CTL_L                 
000004ab  RTCPS1CTL_H                 
000004ac  RTCPS                       
000004ac  RTCPS_L                     
000004ad  RTCPS_H                     
000004ae  RTCIV                       
000004b0  RTCTIM0                     
000004b0  RTCTIM0_L                   
000004b1  RTCTIM0_H                   
000004b2  RTCTIM1                     
000004b2  RTCTIM1_L                   
000004b3  RTCTIM1_H                   
000004b4  RTCDATE                     
000004b4  RTCDATE_L                   
000004b5  RTCDATE_H                   
000004b6  RTCYEAR                     
000004b6  RTCYEAR_L                   
000004b7  RTCYEAR_H                   
000004b8  RTCAMINHR                   
000004b8  RTCAMINHR_L                 
000004b9  RTCAMINHR_H                 
000004ba  RTCADOWDAY                  
000004ba  RTCADOWDAY_L                
000004bb  RTCADOWDAY_H                
000004c0  MPY                         
000004c0  MPY_L                       
000004c1  MPY_H                       
000004c2  MPYS                        
000004c2  MPYS_L                      
000004c3  MPYS_H                      
000004c4  MAC                         
000004c4  MAC_L                       
000004c5  MAC_H                       
000004c6  MACS                        
000004c6  MACS_L                      
000004c7  MACS_H                      
000004c8  OP2                         
000004c8  OP2_L                       
000004c9  OP2_H                       
000004ca  RESLO                       
000004ca  RESLO_L                     
000004cb  RESLO_H                     
000004cc  RESHI                       
000004cc  RESHI_L                     
000004cd  RESHI_H                     
000004ce  SUMEXT                      
000004ce  SUMEXT_L                    
000004cf  SUMEXT_H                    
000004d0  MPY32L                      
000004d0  MPY32L_L                    
000004d1  MPY32L_H                    
000004d2  MPY32H                      
000004d2  MPY32H_L                    
000004d3  MPY32H_H                    
000004d4  MPYS32L                     
000004d4  MPYS32L_L                   
000004d5  MPYS32L_H                   
000004d6  MPYS32H                     
000004d6  MPYS32H_L                   
000004d7  MPYS32H_H                   
000004d8  MAC32L                      
000004d8  MAC32L_L                    
000004d9  MAC32L_H                    
000004da  MAC32H                      
000004da  MAC32H_L                    
000004db  MAC32H_H                    
000004dc  MACS32L                     
000004dc  MACS32L_L                   
000004dd  MACS32L_H                   
000004de  MACS32H                     
000004de  MACS32H_L                   
000004df  MACS32H_H                   
000004e0  OP2L                        
000004e0  OP2L_L                      
000004e1  OP2L_H                      
000004e2  OP2H                        
000004e2  OP2H_L                      
000004e3  OP2H_H                      
000004e4  RES0                        
000004e4  RES0_L                      
000004e5  RES0_H                      
000004e6  RES1                        
000004e6  RES1_L                      
000004e7  RES1_H                      
000004e8  RES2                        
000004e8  RES2_L                      
000004e9  RES2_H                      
000004ea  RES3                        
000004ea  RES3_L                      
000004eb  RES3_H                      
000004ec  MPY32CTL0                   
000004ec  MPY32CTL0_L                 
000004ed  MPY32CTL0_H                 
00000500  DMACTL0                     
00000500  DMACTL0_L                   
00000501  DMACTL0_H                   
00000502  DMACTL1                     
00000502  DMACTL1_L                   
00000503  DMACTL1_H                   
00000504  DMACTL2                     
00000504  DMACTL2_L                   
00000505  DMACTL2_H                   
00000506  DMACTL3                     
00000506  DMACTL3_L                   
00000507  DMACTL3_H                   
00000508  DMACTL4                     
00000508  DMACTL4_L                   
00000509  DMACTL4_H                   
0000050e  DMAIV                       
0000050e  DMAIV_L                     
0000050f  DMAIV_H                     
00000510  DMA0CTL                     
00000510  DMA0CTL_L                   
00000511  DMA0CTL_H                   
00000512  DMA0SA                      
00000512  DMA0SAL                     
00000514  DMA0SAH                     
00000516  DMA0DA                      
00000516  DMA0DAL                     
00000518  DMA0DAH                     
0000051a  DMA0SZ                      
00000520  DMA1CTL                     
00000520  DMA1CTL_L                   
00000521  DMA1CTL_H                   
00000522  DMA1SA                      
00000522  DMA1SAL                     
00000524  DMA1SAH                     
00000526  DMA1DA                      
00000526  DMA1DAL                     
00000528  DMA1DAH                     
0000052a  DMA1SZ                      
00000530  DMA2CTL                     
00000530  DMA2CTL_L                   
00000531  DMA2CTL_H                   
00000532  DMA2SA                      
00000532  DMA2SAL                     
00000534  DMA2SAH                     
00000536  DMA2DA                      
00000536  DMA2DAL                     
00000538  DMA2DAH                     
0000053a  DMA2SZ                      
000005c0  UCA0CTLW0                   
000005c0  UCA0CTLW0_L                 
000005c1  UCA0CTLW0_H                 
000005c6  UCA0BRW                     
000005c6  UCA0BRW_L                   
000005c7  UCA0BRW_H                   
000005c8  UCA0MCTL                    
000005ca  UCA0STAT                    
000005cc  UCA0RXBUF                   
000005ce  UCA0TXBUF                   
000005d0  UCA0ABCTL                   
000005d2  UCA0IRCTL                   
000005d2  UCA0IRCTL_L                 
000005d3  UCA0IRCTL_H                 
000005dc  UCA0ICTL                    
000005dc  UCA0ICTL_L                  
000005dd  UCA0ICTL_H                  
000005de  UCA0IV                      
000005e0  UCB0CTLW0                   
000005e0  UCB0CTLW0_L                 
000005e1  UCB0CTLW0_H                 
000005e6  UCB0BRW                     
000005e6  UCB0BRW_L                   
000005e7  UCB0BRW_H                   
000005ea  UCB0STAT                    
000005ec  UCB0RXBUF                   
000005ee  UCB0TXBUF                   
000005f0  UCB0I2COA                   
000005f0  UCB0I2COA_L                 
000005f1  UCB0I2COA_H                 
000005f2  UCB0I2CSA                   
000005f2  UCB0I2CSA_L                 
000005f3  UCB0I2CSA_H                 
000005fc  UCB0ICTL                    
000005fc  UCB0ICTL_L                  
000005fd  UCB0ICTL_H                  
000005fe  UCB0IV                      
00000600  UCA1CTLW0                   
00000600  UCA1CTLW0_L                 
00000601  UCA1CTLW0_H                 
00000606  UCA1BRW                     
00000606  UCA1BRW_L                   
00000607  UCA1BRW_H                   
00000608  UCA1MCTL                    
0000060a  UCA1STAT                    
0000060c  UCA1RXBUF                   
0000060e  UCA1TXBUF                   
00000610  UCA1ABCTL                   
00000612  UCA1IRCTL                   
00000612  UCA1IRCTL_L                 
00000613  UCA1IRCTL_H                 
0000061c  UCA1ICTL                    
0000061c  UCA1ICTL_L                  
0000061d  UCA1ICTL_H                  
0000061e  UCA1IV                      
00000620  UCB1CTLW0                   
00000620  UCB1CTLW0_L                 
00000621  UCB1CTLW0_H                 
00000626  UCB1BRW                     
00000626  UCB1BRW_L                   
00000627  UCB1BRW_H                   
0000062a  UCB1STAT                    
0000062c  UCB1RXBUF                   
0000062e  UCB1TXBUF                   
00000630  UCB1I2COA                   
00000630  UCB1I2COA_L                 
00000631  UCB1I2COA_H                 
00000632  UCB1I2CSA                   
00000632  UCB1I2CSA_L                 
00000633  UCB1I2CSA_H                 
0000063c  UCB1ICTL                    
0000063c  UCB1ICTL_L                  
0000063d  UCB1ICTL_H                  
0000063e  UCB1IV                      
00000740  ADC10CTL0                   
00000740  ADC10CTL0_L                 
00000741  ADC10CTL0_H                 
00000742  ADC10CTL1                   
00000742  ADC10CTL1_L                 
00000743  ADC10CTL1_H                 
00000744  ADC10CTL2                   
00000744  ADC10CTL2_L                 
00000745  ADC10CTL2_H                 
00000746  ADC10LO                     
00000746  ADC10LO_L                   
00000747  ADC10LO_H                   
00000748  ADC10HI                     
00000748  ADC10HI_L                   
00000749  ADC10HI_H                   
0000074a  ADC10MCTL0                  
0000074a  ADC10MCTL0_L                
0000074b  ADC10MCTL0_H                
00000752  ADC10MEM0                   
00000752  ADC10MEM0_L                 
00000753  ADC10MEM0_H                 
0000075a  ADC10IE                     
0000075a  ADC10IE_L                   
0000075b  ADC10IE_H                   
0000075c  ADC10IFG                    
0000075c  ADC10IFG_L                  
0000075d  ADC10IFG_H                  
0000075e  ADC10IV                     
0000075e  ADC10IV_L                   
0000075f  ADC10IV_H                   
000008c0  CBCTL0                      
000008c0  CBCTL0_L                    
000008c1  CBCTL0_H                    
000008c2  CBCTL1                      
000008c2  CBCTL1_L                    
000008c3  CBCTL1_H                    
000008c4  CBCTL2                      
000008c4  CBCTL2_L                    
000008c5  CBCTL2_H                    
000008c6  CBCTL3                      
000008c6  CBCTL3_L                    
000008c7  CBCTL3_H                    
000008cc  CBINT                       
000008cc  CBINT_L                     
000008cd  CBINT_H                     
000008ce  CBIV                        
00000900  LDOKEYPID                   
00000900  LDOKEYPID_L                 
00000901  LDOKEYPID_H                 
00000904  PUCTL                       
00000904  PUCTL_L                     
00000905  PUCTL_H                     
00000908  LDOPWRCTL                   
00000908  LDOPWRCTL_L                 
00000909  LDOPWRCTL_H                 
00001c00  imageBuffer                 
00002754  rx_buffer                   
00002794  transmitCommand             
000027d4  gpRxBuf                     
000027fe  RTC_ctr                     
00002802  uid                         
00002808  MODE                        
0000280a  PRxData                     
0000280c  PTxData                     
0000280e  bad_interrupts              
00002810  numberOfBitsTX              
00002812  pcd_max_frame_size          
00002814  timer                       
00002816  CID                         
00002817  RXByteCtr                   
00002818  TXByteCtr                   
00002819  TXData                      
0000281a  accelState                  
0000281b  bpsk_ct                     
0000281c  bpsk_send_bit_count         
0000281d  debug_interrupt             
0000281e  doNFC_state                 
0000281f  imageUpdateState            
00002820  lastTxIndex                 
00002821  next_bit_value              
00002822  read_command_number         
00002823  senseState                  
00002824  validRx                     
00002825  _14443_buf_ptr              
00003390  _stack                      
000033fe  __STACK_END                 
00008000  _14443_B_protocol           
000081de  EPD_line                    
000083b4  send_bpsk                   
00008664  EPD_initialize_driver       
0000874e  USCI_B1_ISR                 
0000882e  EPD_power_off               
000088dc  _system_pre_init            
00008986  epd_spi_send                
00008a0a  nfc_wisp_protocol           
00008a8c  _auto_init_hold_wdt         
00008b0a  sleep_until_read            
00008b80  doRFID_14443B               
00008bf0  EPD_frame_newImg            
00008cb6  epd_spi_send_byte           
00008d16  SPI_READ                    
00008d74  timeOutISR                  
00008dd0  I2C_Rx                      
00008e2a  SPI_initialize              
00008e84  copy_in                     
00008edc  doNFC_Rx                    
00008f34  SPI_FRAM_Write_Memory       
00008f8a  SPI_SlaveOff                
00008fda  hw_crc_validate             
00009026  initialize_bpsk             
0000906e  main                        
000090b2  sleep_until_edges           
000090f4  hw_crc_ccitt                
00009134  timeTrackingISR             
00009174  EPD_power_on                
000091b2  I2C_Tx                      
000091f0  I2C_config                  
0000922a  SPI_transaction             
00009262  initialize_14443_B_protocol 
0000929a  updateDisplay2              
000092cc  SPI_SlaveOn                 
000092fc  Demo2                       
00009326  EPD_frame_fixed             
00009350  SPI_FRAM_Write_Enable_Latch 
00009372  SPI_put_wait                
00009394  delay_us                    
000093b2  initialize_nfc_wisp_protocol
000093d0  lowPowerSleep               
000093ee  next_bit                    
0000940c  ADC10ISR                    
00009426  _c_int00_noargs_noexit      
00009440  doNFC                       
00009458  I2C_Tx_config               
0000946e  LPM3_TimerISR               
00009482  memset                      
00009496  __mspabi_mpyi_f5hw          
000094aa  add_pupi                    
000094bc  __TI_decompress_none        
000094ce  initRFID                    
000094e0  memcpy                      
000094f2  timeout_init                
00009504  shift_mask                  
00009514  timeout_halt                
0000951e  CATCH_ALL                   
00009526  EPD_power_init              
0000952e  C$$EXIT                     
0000952e  abort                       
00009534  __TI_decompress_rle24       
0000953a  _system_post_cinit          
0000953c  cog                         
00009564  __TI_Handler_Table_Base     
00009568  __TI_CINIT_Base             
00009568  __TI_Handler_Table_Limit    
00009570  __TI_CINIT_Limit            
0000ffd2  __TI_int41                  
0000ffd4  __TI_int42                  
0000ffd6  __TI_int43                  
0000ffd8  __TI_int44                  
0000ffda  __TI_int45                  
0000ffdc  __TI_int46                  
0000ffde  __TI_int47                  
0000ffe0  __TI_int48                  
0000ffe2  __TI_int49                  
0000ffe4  __TI_int50                  
0000ffe6  __TI_int51                  
0000ffe8  __TI_int52                  
0000ffea  __TI_int53                  
0000ffec  __TI_int54                  
0000ffee  __TI_int55                  
0000fff0  __TI_int56                  
0000fff2  __TI_int57                  
0000fff4  __TI_int58                  
0000fff6  __TI_int59                  
0000fff8  __TI_int60                  
0000fffa  __TI_int61                  
0000fffc  __TI_int62                  
0000fffe  _reset_vector               
ffffffff  __TI_pprof_out_hndl         
ffffffff  __TI_prof_data_size         
ffffffff  __TI_prof_data_start        
ffffffff  __c_args__                  
UNDEFED   __TI_BINIT_Base             
UNDEFED   __TI_BINIT_Limit            
UNDEFED   __TI_INITARRAY_Base         
UNDEFED   __TI_INITARRAY_Limit        

[684 symbols]
