<?xml version="1.0"?>
<link_info>
   <banner>MSP430 Linker Unix v15.12.1.LTS</banner>
   <copyright>Copyright (c) 2003-2015 Texas Instruments Incorporated</copyright>
   <link_time>0x589919d6</link_time>
   <link_errors>0x1</link_errors>
   <output_file>nfc-eink-img-update-demo.out</output_file>
   <entry_point>
      <name>_c_int00_noargs_noexit</name>
      <address>0x923c</address>
   </entry_point>
   <input_file_list>
      <input_file id="fl-2">
         <path>./</path>
         <kind>object</kind>
         <file>main.obj</file>
         <name>main.obj</name>
      </input_file>
      <input_file id="fl-3">
         <path>./NFC_protocol/</path>
         <kind>object</kind>
         <file>RX_ISR.obj</file>
         <name>RX_ISR.obj</name>
      </input_file>
      <input_file id="fl-4">
         <path>./NFC_protocol/</path>
         <kind>object</kind>
         <file>_14443_B.obj</file>
         <name>_14443_B.obj</name>
      </input_file>
      <input_file id="fl-5">
         <path>./NFC_protocol/</path>
         <kind>object</kind>
         <file>_14443_B_protocol.obj</file>
         <name>_14443_B_protocol.obj</name>
      </input_file>
      <input_file id="fl-6">
         <path>./NFC_protocol/</path>
         <kind>object</kind>
         <file>crc_checker.obj</file>
         <name>crc_checker.obj</name>
      </input_file>
      <input_file id="fl-7">
         <path>./NFC_protocol/</path>
         <kind>object</kind>
         <file>doNFC.obj</file>
         <name>doNFC.obj</name>
      </input_file>
      <input_file id="fl-8">
         <path>./NFC_protocol/</path>
         <kind>object</kind>
         <file>send_bpsk.obj</file>
         <name>send_bpsk.obj</name>
      </input_file>
      <input_file id="fl-9">
         <path>./UserApp/</path>
         <kind>object</kind>
         <file>myApp.obj</file>
         <name>myApp.obj</name>
      </input_file>
      <input_file id="fl-a">
         <path>./UserApp/</path>
         <kind>object</kind>
         <file>myE-paperApp.obj</file>
         <name>myE-paperApp.obj</name>
      </input_file>
      <input_file id="fl-b">
         <path>./UserApp/</path>
         <kind>object</kind>
         <file>myNFC_Protocol.obj</file>
         <name>myNFC_Protocol.obj</name>
      </input_file>
      <input_file id="fl-c">
         <path>./UserApp/</path>
         <kind>object</kind>
         <file>tempSense.obj</file>
         <name>tempSense.obj</name>
      </input_file>
      <input_file id="fl-d">
         <path>./common/</path>
         <kind>object</kind>
         <file>_system_pre_init.obj</file>
         <name>_system_pre_init.obj</name>
      </input_file>
      <input_file id="fl-e">
         <path>./common/</path>
         <kind>object</kind>
         <file>accel.obj</file>
         <name>accel.obj</name>
      </input_file>
      <input_file id="fl-f">
         <path>./common/</path>
         <kind>object</kind>
         <file>e-paper.obj</file>
         <name>e-paper.obj</name>
      </input_file>
      <input_file id="fl-10">
         <path>./common/</path>
         <kind>object</kind>
         <file>fram_memory.obj</file>
         <name>fram_memory.obj</name>
      </input_file>
      <input_file id="fl-11">
         <path>./common/</path>
         <kind>object</kind>
         <file>globals.obj</file>
         <name>globals.obj</name>
      </input_file>
      <input_file id="fl-12">
         <path>./common/</path>
         <kind>object</kind>
         <file>spi.obj</file>
         <name>spi.obj</name>
      </input_file>
      <input_file id="fl-13">
         <path>./common/</path>
         <kind>object</kind>
         <file>timer.obj</file>
         <name>timer.obj</name>
      </input_file>
      <input_file id="fl-2f">
         <path>/Applications/ti/ccsv6/tools/compiler/ti-cgt-msp430_15.12.1.LTS/lib/</path>
         <kind>archive</kind>
         <file>rts430x_sc_sd_eabi.lib</file>
         <name>boot.obj</name>
      </input_file>
      <input_file id="fl-30">
         <path>/Applications/ti/ccsv6/tools/compiler/ti-cgt-msp430_15.12.1.LTS/lib/</path>
         <kind>archive</kind>
         <file>rts430x_sc_sd_eabi.lib</file>
         <name>boot_special.obj</name>
      </input_file>
      <input_file id="fl-31">
         <path>/Applications/ti/ccsv6/tools/compiler/ti-cgt-msp430_15.12.1.LTS/lib/</path>
         <kind>archive</kind>
         <file>rts430x_sc_sd_eabi.lib</file>
         <name>copy_decompress_none.obj</name>
      </input_file>
      <input_file id="fl-32">
         <path>/Applications/ti/ccsv6/tools/compiler/ti-cgt-msp430_15.12.1.LTS/lib/</path>
         <kind>archive</kind>
         <file>rts430x_sc_sd_eabi.lib</file>
         <name>copy_decompress_rle.obj</name>
      </input_file>
      <input_file id="fl-33">
         <path>/Applications/ti/ccsv6/tools/compiler/ti-cgt-msp430_15.12.1.LTS/lib/</path>
         <kind>archive</kind>
         <file>rts430x_sc_sd_eabi.lib</file>
         <name>copy_zero_init.obj</name>
      </input_file>
      <input_file id="fl-34">
         <path>/Applications/ti/ccsv6/tools/compiler/ti-cgt-msp430_15.12.1.LTS/lib/</path>
         <kind>archive</kind>
         <file>rts430x_sc_sd_eabi.lib</file>
         <name>exit.obj</name>
      </input_file>
      <input_file id="fl-35">
         <path>/Applications/ti/ccsv6/tools/compiler/ti-cgt-msp430_15.12.1.LTS/lib/</path>
         <kind>archive</kind>
         <file>rts430x_sc_sd_eabi.lib</file>
         <name>exit_gvars.obj</name>
      </input_file>
      <input_file id="fl-36">
         <path>/Applications/ti/ccsv6/tools/compiler/ti-cgt-msp430_15.12.1.LTS/lib/</path>
         <kind>archive</kind>
         <file>rts430x_sc_sd_eabi.lib</file>
         <name>memcpy.obj</name>
      </input_file>
      <input_file id="fl-37">
         <path>/Applications/ti/ccsv6/tools/compiler/ti-cgt-msp430_15.12.1.LTS/lib/</path>
         <kind>archive</kind>
         <file>rts430x_sc_sd_eabi.lib</file>
         <name>memset.obj</name>
      </input_file>
      <input_file id="fl-38">
         <path>/Applications/ti/ccsv6/tools/compiler/ti-cgt-msp430_15.12.1.LTS/lib/</path>
         <kind>archive</kind>
         <file>rts430x_sc_sd_eabi.lib</file>
         <name>mpu_init.obj</name>
      </input_file>
      <input_file id="fl-39">
         <path>/Applications/ti/ccsv6/tools/compiler/ti-cgt-msp430_15.12.1.LTS/lib/</path>
         <kind>archive</kind>
         <file>rts430x_sc_sd_eabi.lib</file>
         <name>mult16.obj</name>
      </input_file>
      <input_file id="fl-3a">
         <path>/Applications/ti/ccsv6/tools/compiler/ti-cgt-msp430_15.12.1.LTS/lib/</path>
         <kind>archive</kind>
         <file>rts430x_sc_sd_eabi.lib</file>
         <name>mult1632_f5hw.obj</name>
      </input_file>
      <input_file id="fl-3b">
         <path>/Applications/ti/ccsv6/tools/compiler/ti-cgt-msp430_15.12.1.LTS/lib/</path>
         <kind>archive</kind>
         <file>rts430x_sc_sd_eabi.lib</file>
         <name>mult16_f5hw.obj</name>
      </input_file>
      <input_file id="fl-3c">
         <path>/Applications/ti/ccsv6/tools/compiler/ti-cgt-msp430_15.12.1.LTS/lib/</path>
         <kind>archive</kind>
         <file>rts430x_sc_sd_eabi.lib</file>
         <name>mult3264_f5hw.obj</name>
      </input_file>
      <input_file id="fl-3d">
         <path>/Applications/ti/ccsv6/tools/compiler/ti-cgt-msp430_15.12.1.LTS/lib/</path>
         <kind>archive</kind>
         <file>rts430x_sc_sd_eabi.lib</file>
         <name>mult32_f5hw.obj</name>
      </input_file>
      <input_file id="fl-3e">
         <path>/Applications/ti/ccsv6/tools/compiler/ti-cgt-msp430_15.12.1.LTS/lib/</path>
         <kind>archive</kind>
         <file>rts430x_sc_sd_eabi.lib</file>
         <name>mult64_f5hw.obj</name>
      </input_file>
      <input_file id="fl-3f">
         <path>/Applications/ti/ccsv6/tools/compiler/ti-cgt-msp430_15.12.1.LTS/lib/</path>
         <kind>archive</kind>
         <file>rts430x_sc_sd_eabi.lib</file>
         <name>_lock.obj</name>
      </input_file>
      <input_file id="fl-40">
         <path>/Applications/ti/ccsv6/tools/compiler/ti-cgt-msp430_15.12.1.LTS/lib/</path>
         <kind>archive</kind>
         <file>rts430x_sc_sd_eabi.lib</file>
         <name>args_main.obj</name>
      </input_file>
      <input_file id="fl-41">
         <path>/Applications/ti/ccsv6/tools/compiler/ti-cgt-msp430_15.12.1.LTS/lib/</path>
         <kind>archive</kind>
         <file>rts430x_sc_sd_eabi.lib</file>
         <name>autoinit_wdt.obj</name>
      </input_file>
      <input_file id="fl-42">
         <path>/Applications/ti/ccsv6/tools/compiler/ti-cgt-msp430_15.12.1.LTS/lib/</path>
         <kind>archive</kind>
         <file>rts430x_sc_sd_eabi.lib</file>
         <name>cpy_tbl.obj</name>
      </input_file>
      <input_file id="fl-43">
         <path>/Applications/ti/ccsv6/tools/compiler/ti-cgt-msp430_15.12.1.LTS/lib/</path>
         <kind>archive</kind>
         <file>rts430x_sc_sd_eabi.lib</file>
         <name>startup.obj</name>
      </input_file>
   </input_file_list>
   <object_component_list>
      <object_component id="oc-4cb">
         <name>.bss</name>
         <uninitialized>true</uninitialized>
         <run_address>0x1944</run_address>
         <size>0x6</size>
         <input_file_ref idref="fl-5"/>
      </object_component>
      <object_component id="oc-55b">
         <name>.bss:tmp_buffer</name>
         <uninitialized>true</uninitialized>
         <run_address>0x16b0</run_address>
         <size>0x1f4</size>
         <input_file_ref idref="fl-5"/>
      </object_component>
      <object_component id="oc-4d0">
         <name>.bss</name>
         <uninitialized>true</uninitialized>
         <run_address>0x194a</run_address>
         <size>0x4</size>
         <input_file_ref idref="fl-b"/>
      </object_component>
      <object_component id="oc-3af">
         <name>.bss</name>
         <uninitialized>true</uninitialized>
         <run_address>0x1956</run_address>
         <size>0x2</size>
         <input_file_ref idref="fl-c"/>
      </object_component>
      <object_component id="oc-398">
         <name>.bss:spiSM</name>
         <uninitialized>true</uninitialized>
         <run_address>0x1936</run_address>
         <size>0xe</size>
         <input_file_ref idref="fl-12"/>
      </object_component>
      <object_component id="oc-4c9">
         <name>.common:read_command_number</name>
         <uninitialized>true</uninitialized>
         <run_address>0x1969</run_address>
         <size>0x1</size>
      </object_component>
      <object_component id="oc-4c6">
         <name>.common:CID</name>
         <uninitialized>true</uninitialized>
         <run_address>0x1960</run_address>
         <size>0x1</size>
      </object_component>
      <object_component id="oc-4ca">
         <name>.common:pcd_max_frame_size</name>
         <uninitialized>true</uninitialized>
         <run_address>0x195c</run_address>
         <size>0x2</size>
      </object_component>
      <object_component id="oc-4ce">
         <name>.common:lastTxIndex</name>
         <uninitialized>true</uninitialized>
         <run_address>0x1967</run_address>
         <size>0x1</size>
      </object_component>
      <object_component id="oc-39c">
         <name>.common:doNFC_state</name>
         <uninitialized>true</uninitialized>
         <run_address>0x1965</run_address>
         <size>0x1</size>
      </object_component>
      <object_component id="oc-394">
         <name>.common:debug_interrupt</name>
         <uninitialized>true</uninitialized>
         <run_address>0x1964</run_address>
         <size>0x1</size>
      </object_component>
      <object_component id="oc-3a3">
         <name>.common:rx_buffer</name>
         <uninitialized>true</uninitialized>
         <run_address>0x18a4</run_address>
         <size>0x40</size>
      </object_component>
      <object_component id="oc-4d4">
         <name>.common:transmitCommand</name>
         <uninitialized>true</uninitialized>
         <run_address>0x18e4</run_address>
         <size>0x40</size>
      </object_component>
      <object_component id="oc-4c5">
         <name>.common:uid</name>
         <uninitialized>true</uninitialized>
         <run_address>0x1952</run_address>
         <size>0x4</size>
      </object_component>
      <object_component id="oc-4d5">
         <name>.common:bpsk_ct</name>
         <uninitialized>true</uninitialized>
         <run_address>0x1962</run_address>
         <size>0x1</size>
      </object_component>
      <object_component id="oc-4d8">
         <name>.common:next_bit_value</name>
         <uninitialized>true</uninitialized>
         <run_address>0x1968</run_address>
         <size>0x1</size>
      </object_component>
      <object_component id="oc-4d9">
         <name>.common:bpsk_send_bit_count</name>
         <uninitialized>true</uninitialized>
         <run_address>0x1963</run_address>
         <size>0x1</size>
      </object_component>
      <object_component id="oc-55a">
         <name>.common:numberOfBitsTX</name>
         <uninitialized>true</uninitialized>
         <run_address>0x195a</run_address>
         <size>0x2</size>
      </object_component>
      <object_component id="oc-571">
         <name>.common:timer</name>
         <uninitialized>true</uninitialized>
         <run_address>0x195e</run_address>
         <size>0x2</size>
      </object_component>
      <object_component id="oc-3a8">
         <name>.common:RTC_ctr</name>
         <uninitialized>true</uninitialized>
         <run_address>0x194e</run_address>
         <size>0x4</size>
      </object_component>
      <object_component id="oc-3a9">
         <name>.common:senseState</name>
         <uninitialized>true</uninitialized>
         <run_address>0x196a</run_address>
         <size>0x1</size>
      </object_component>
      <object_component id="oc-3a4">
         <name>.common:accelState</name>
         <uninitialized>true</uninitialized>
         <run_address>0x1961</run_address>
         <size>0x1</size>
      </object_component>
      <object_component id="oc-390">
         <name>.common:bad_interrupts</name>
         <uninitialized>true</uninitialized>
         <run_address>0x1958</run_address>
         <size>0x2</size>
      </object_component>
      <object_component id="oc-4a8">
         <name>.common:imageBuffer</name>
         <uninitialized>true</uninitialized>
         <run_address>0x0</run_address>
         <size>0x16b0</size>
      </object_component>
      <object_component id="oc-3aa">
         <name>.common:imageUpdateState</name>
         <uninitialized>true</uninitialized>
         <run_address>0x1966</run_address>
         <size>0x1</size>
      </object_component>
      <object_component id="oc-476">
         <name>.common:gpRxBuf</name>
         <uninitialized>true</uninitialized>
         <run_address>0x1924</run_address>
         <size>0x12</size>
      </object_component>
      <object_component id="oc-3a0">
         <name>.data</name>
         <load_address>0x1c00</load_address>
         <run_address>0x1c00</run_address>
         <size>0x1</size>
         <input_file_ref idref="fl-4"/>
      </object_component>
      <object_component id="oc-39d">
         <name>.data</name>
         <load_address>0x1c01</load_address>
         <run_address>0x1c01</run_address>
         <size>0x1</size>
         <input_file_ref idref="fl-7"/>
      </object_component>
      <object_component id="oc-2f6">
         <name>.stack</name>
         <uninitialized>true</uninitialized>
         <run_address>0x3390</run_address>
         <size>0x2</size>
         <input_file_ref idref="fl-2f"/>
      </object_component>
      <object_component id="oc-64a">
         <name>.stack</name>
         <uninitialized>true</uninitialized>
         <run_address>0x3390</run_address>
         <size>0x0</size>
      </object_component>
      <object_component id="oc-50a">
         <name>.text:_14443_B_protocol</name>
         <load_address>0x8000</load_address>
         <run_address>0x8000</run_address>
         <size>0x1de</size>
         <input_file_ref idref="fl-5"/>
      </object_component>
      <object_component id="oc-58e">
         <name>.text:EPD_line</name>
         <load_address>0x81de</load_address>
         <run_address>0x81de</run_address>
         <size>0x1d6</size>
         <input_file_ref idref="fl-f"/>
      </object_component>
      <object_component id="oc-510">
         <name>.text:send_bpsk</name>
         <load_address>0x83b4</load_address>
         <run_address>0x83b4</run_address>
         <size>0x16e</size>
         <input_file_ref idref="fl-8"/>
      </object_component>
      <object_component id="oc-326">
         <name>.text</name>
         <load_address>0x8522</load_address>
         <run_address>0x8522</run_address>
         <size>0x142</size>
         <input_file_ref idref="fl-3"/>
      </object_component>
      <object_component id="oc-57f">
         <name>.text:EPD_initialize_driver</name>
         <load_address>0x8664</load_address>
         <run_address>0x8664</run_address>
         <size>0xea</size>
         <input_file_ref idref="fl-f"/>
      </object_component>
      <object_component id="oc-526">
         <name>.text:EPD_power_off</name>
         <load_address>0x874e</load_address>
         <run_address>0x874e</run_address>
         <size>0xae</size>
         <input_file_ref idref="fl-f"/>
      </object_component>
      <object_component id="oc-344">
         <name>.text:_system_pre_init</name>
         <load_address>0x87fc</load_address>
         <run_address>0x87fc</run_address>
         <size>0xaa</size>
         <input_file_ref idref="fl-d"/>
      </object_component>
      <object_component id="oc-5bf">
         <name>.text:epd_spi_send</name>
         <load_address>0x88a6</load_address>
         <run_address>0x88a6</run_address>
         <size>0x84</size>
         <input_file_ref idref="fl-12"/>
      </object_component>
      <object_component id="oc-34a">
         <name>.text:_auto_init_hold_wdt</name>
         <load_address>0x892a</load_address>
         <run_address>0x892a</run_address>
         <size>0x7e</size>
         <input_file_ref idref="fl-41"/>
      </object_component>
      <object_component id="oc-49b">
         <name>.text:sleep_until_read</name>
         <load_address>0x89a8</load_address>
         <run_address>0x89a8</run_address>
         <size>0x76</size>
         <input_file_ref idref="fl-7"/>
      </object_component>
      <object_component id="oc-4a1">
         <name>.text:doRFID_14443B</name>
         <load_address>0x8a1e</load_address>
         <run_address>0x8a1e</run_address>
         <size>0x70</size>
         <input_file_ref idref="fl-7"/>
      </object_component>
      <object_component id="oc-55e">
         <name>.text:nfc_wisp_protocol</name>
         <load_address>0x8a8e</load_address>
         <run_address>0x8a8e</run_address>
         <size>0x70</size>
         <input_file_ref idref="fl-b"/>
      </object_component>
      <object_component id="oc-307">
         <name>.text:__TI_decompress_rle_core</name>
         <load_address>0x8afe</load_address>
         <run_address>0x8afe</run_address>
         <size>0x62</size>
         <input_file_ref idref="fl-32"/>
      </object_component>
      <object_component id="oc-595">
         <name>.text:epd_spi_send_byte</name>
         <load_address>0x8b60</load_address>
         <run_address>0x8b60</run_address>
         <size>0x60</size>
         <input_file_ref idref="fl-12"/>
      </object_component>
      <object_component id="oc-5b9">
         <name>.text:SPI_READ</name>
         <load_address>0x8bc0</load_address>
         <run_address>0x8bc0</run_address>
         <size>0x5e</size>
         <input_file_ref idref="fl-12"/>
      </object_component>
      <object_component id="oc-32b">
         <name>.text:timeOutISR</name>
         <load_address>0x8c1e</load_address>
         <run_address>0x8c1e</run_address>
         <size>0x5c</size>
         <input_file_ref idref="fl-13"/>
      </object_component>
      <object_component id="oc-3b6">
         <name>.text:copy_in</name>
         <load_address>0x8c7a</load_address>
         <run_address>0x8c7a</run_address>
         <size>0x58</size>
         <input_file_ref idref="fl-42"/>
      </object_component>
      <object_component id="oc-4fe">
         <name>.text:doNFC_Rx</name>
         <load_address>0x8cd2</load_address>
         <run_address>0x8cd2</run_address>
         <size>0x58</size>
         <input_file_ref idref="fl-4"/>
      </object_component>
      <object_component id="oc-320">
         <name>.text:SPI_ISR</name>
         <load_address>0x8d2a</load_address>
         <run_address>0x8d2a</run_address>
         <size>0x54</size>
         <input_file_ref idref="fl-12"/>
      </object_component>
      <object_component id="oc-4ee">
         <name>.text:SPI_SlaveOff</name>
         <load_address>0x8d7e</load_address>
         <run_address>0x8d7e</run_address>
         <size>0x50</size>
         <input_file_ref idref="fl-12"/>
      </object_component>
      <object_component id="oc-520">
         <name>.text:EPD_frame_newImg</name>
         <load_address>0x8dce</load_address>
         <run_address>0x8dce</run_address>
         <size>0x4c</size>
         <input_file_ref idref="fl-f"/>
      </object_component>
      <object_component id="oc-504">
         <name>.text:hw_crc_validate</name>
         <load_address>0x8e1a</load_address>
         <run_address>0x8e1a</run_address>
         <size>0x4c</size>
         <input_file_ref idref="fl-6"/>
      </object_component>
      <object_component id="oc-3e3">
         <name>.text:SPI_initialize</name>
         <load_address>0x8e66</load_address>
         <run_address>0x8e66</run_address>
         <size>0x4a</size>
         <input_file_ref idref="fl-12"/>
      </object_component>
      <object_component id="oc-46f">
         <name>.text:initialize_bpsk</name>
         <load_address>0x8eb0</load_address>
         <run_address>0x8eb0</run_address>
         <size>0x48</size>
         <input_file_ref idref="fl-8"/>
      </object_component>
      <object_component id="oc-4f8">
         <name>.text:sleep_until_edges</name>
         <load_address>0x8ef8</load_address>
         <run_address>0x8ef8</run_address>
         <size>0x42</size>
         <input_file_ref idref="fl-7"/>
      </object_component>
      <object_component id="oc-56a">
         <name>.text:hw_crc_ccitt</name>
         <load_address>0x8f3a</load_address>
         <run_address>0x8f3a</run_address>
         <size>0x40</size>
         <input_file_ref idref="fl-6"/>
      </object_component>
      <object_component id="oc-331">
         <name>.text:timeTrackingISR</name>
         <load_address>0x8f7a</load_address>
         <run_address>0x8f7a</run_address>
         <size>0x40</size>
         <input_file_ref idref="fl-13"/>
      </object_component>
      <object_component id="oc-579">
         <name>.text:EPD_power_on</name>
         <load_address>0x8fba</load_address>
         <run_address>0x8fba</run_address>
         <size>0x3e</size>
         <input_file_ref idref="fl-f"/>
      </object_component>
      <object_component id="oc-364">
         <name>.text:main</name>
         <load_address>0x8ff8</load_address>
         <run_address>0x8ff8</run_address>
         <size>0x3e</size>
         <input_file_ref idref="fl-2"/>
      </object_component>
      <object_component id="oc-490">
         <name>.text:SPI_transaction</name>
         <load_address>0x9036</load_address>
         <run_address>0x9036</run_address>
         <size>0x38</size>
         <input_file_ref idref="fl-12"/>
      </object_component>
      <object_component id="oc-463">
         <name>.text:initialize_14443_B_protocol</name>
         <load_address>0x906e</load_address>
         <run_address>0x906e</run_address>
         <size>0x38</size>
         <input_file_ref idref="fl-5"/>
      </object_component>
      <object_component id="oc-3ef">
         <name>.text:initACCEL</name>
         <load_address>0x90a6</load_address>
         <run_address>0x90a6</run_address>
         <size>0x34</size>
         <input_file_ref idref="fl-e"/>
      </object_component>
      <object_component id="oc-4a9">
         <name>.text:updateDisplay2</name>
         <load_address>0x90da</load_address>
         <run_address>0x90da</run_address>
         <size>0x32</size>
         <input_file_ref idref="fl-a"/>
      </object_component>
      <object_component id="oc-4e8">
         <name>.text:SPI_SlaveOn</name>
         <load_address>0x910c</load_address>
         <run_address>0x910c</run_address>
         <size>0x30</size>
         <input_file_ref idref="fl-12"/>
      </object_component>
      <object_component id="oc-588">
         <name>.text:EPD_frame_fixed</name>
         <load_address>0x913c</load_address>
         <run_address>0x913c</run_address>
         <size>0x2a</size>
         <input_file_ref idref="fl-f"/>
      </object_component>
      <object_component id="oc-401">
         <name>.text:Demo2</name>
         <load_address>0x9166</load_address>
         <run_address>0x9166</run_address>
         <size>0x22</size>
         <input_file_ref idref="fl-9"/>
      </object_component>
      <object_component id="oc-5ca">
         <name>.text:SPI_put_wait</name>
         <load_address>0x9188</load_address>
         <run_address>0x9188</run_address>
         <size>0x22</size>
         <input_file_ref idref="fl-12"/>
      </object_component>
      <object_component id="oc-551">
         <name>.text:delay_us</name>
         <load_address>0x91aa</load_address>
         <run_address>0x91aa</run_address>
         <size>0x1e</size>
         <input_file_ref idref="fl-13"/>
      </object_component>
      <object_component id="oc-469">
         <name>.text:initialize_nfc_wisp_protocol</name>
         <load_address>0x91c8</load_address>
         <run_address>0x91c8</run_address>
         <size>0x1e</size>
         <input_file_ref idref="fl-b"/>
      </object_component>
      <object_component id="oc-480">
         <name>.text:lowPowerSleep</name>
         <load_address>0x91e6</load_address>
         <run_address>0x91e6</run_address>
         <size>0x1e</size>
         <input_file_ref idref="fl-13"/>
      </object_component>
      <object_component id="oc-572">
         <name>.text:next_bit</name>
         <load_address>0x9204</load_address>
         <run_address>0x9204</run_address>
         <size>0x1e</size>
         <input_file_ref idref="fl-8"/>
      </object_component>
      <object_component id="oc-337">
         <name>.text:ADC10ISR</name>
         <load_address>0x9222</load_address>
         <run_address>0x9222</run_address>
         <size>0x1a</size>
         <input_file_ref idref="fl-c"/>
      </object_component>
      <object_component id="oc-a9">
         <name>.text:_c_int00_noargs_noexit</name>
         <load_address>0x923c</load_address>
         <run_address>0x923c</run_address>
         <size>0x1a</size>
         <input_file_ref idref="fl-30"/>
      </object_component>
      <object_component id="oc-3fb">
         <name>.text:doNFC</name>
         <load_address>0x9256</load_address>
         <run_address>0x9256</run_address>
         <size>0x18</size>
         <input_file_ref idref="fl-7"/>
      </object_component>
      <object_component id="oc-31a">
         <name>.text:LPM3_TimerISR</name>
         <load_address>0x926e</load_address>
         <run_address>0x926e</run_address>
         <size>0x14</size>
         <input_file_ref idref="fl-13"/>
      </object_component>
      <object_component id="oc-479">
         <name>.text:memset</name>
         <load_address>0x9282</load_address>
         <run_address>0x9282</run_address>
         <size>0x14</size>
         <input_file_ref idref="fl-37"/>
      </object_component>
      <object_component id="oc-434">
         <name>.text</name>
         <load_address>0x9296</load_address>
         <run_address>0x9296</run_address>
         <size>0x14</size>
         <input_file_ref idref="fl-3b"/>
      </object_component>
      <object_component id="oc-564">
         <name>.text:add_pupi</name>
         <load_address>0x92aa</load_address>
         <run_address>0x92aa</run_address>
         <size>0x12</size>
         <input_file_ref idref="fl-5"/>
      </object_component>
      <object_component id="oc-69">
         <name>.text:decompress:none:__TI_decompress_none</name>
         <load_address>0x92bc</load_address>
         <run_address>0x92bc</run_address>
         <size>0x12</size>
         <input_file_ref idref="fl-31"/>
      </object_component>
      <object_component id="oc-3dd">
         <name>.text:initRFID</name>
         <load_address>0x92ce</load_address>
         <run_address>0x92ce</run_address>
         <size>0x12</size>
         <input_file_ref idref="fl-7"/>
      </object_component>
      <object_component id="oc-2fa">
         <name>.text:memcpy</name>
         <load_address>0x92e0</load_address>
         <run_address>0x92e0</run_address>
         <size>0x12</size>
         <input_file_ref idref="fl-36"/>
      </object_component>
      <object_component id="oc-544">
         <name>.text:timeout_init</name>
         <load_address>0x92f2</load_address>
         <run_address>0x92f2</run_address>
         <size>0x12</size>
         <input_file_ref idref="fl-13"/>
      </object_component>
      <object_component id="oc-486">
         <name>.text:SPI_FRAM_Enter_Sleep</name>
         <load_address>0x9304</load_address>
         <run_address>0x9304</run_address>
         <size>0x10</size>
         <input_file_ref idref="fl-10"/>
      </object_component>
      <object_component id="oc-5b1">
         <name>.text:shift_mask</name>
         <load_address>0x9314</load_address>
         <run_address>0x9314</run_address>
         <size>0x10</size>
         <input_file_ref idref="fl-8"/>
      </object_component>
      <object_component id="oc-3e9">
         <name>.text:initFRAM</name>
         <load_address>0x9324</load_address>
         <run_address>0x9324</run_address>
         <size>0xc</size>
         <input_file_ref idref="fl-10"/>
      </object_component>
      <object_component id="oc-54a">
         <name>.text:timeout_halt</name>
         <load_address>0x9330</load_address>
         <run_address>0x9330</run_address>
         <size>0xa</size>
         <input_file_ref idref="fl-13"/>
      </object_component>
      <object_component id="oc-314">
         <name>.text:CATCH_ALL</name>
         <load_address>0x933a</load_address>
         <run_address>0x933a</run_address>
         <size>0x8</size>
         <input_file_ref idref="fl-d"/>
      </object_component>
      <object_component id="oc-517">
         <name>.text:EPD_power_init</name>
         <load_address>0x9342</load_address>
         <run_address>0x9342</run_address>
         <size>0x8</size>
         <input_file_ref idref="fl-f"/>
      </object_component>
      <object_component id="oc-36c">
         <name>.text:abort</name>
         <load_address>0x934a</load_address>
         <run_address>0x934a</run_address>
         <size>0x6</size>
         <input_file_ref idref="fl-34"/>
      </object_component>
      <object_component id="oc-6f">
         <name>.text:decompress:rle24:__TI_decompress_rle24</name>
         <load_address>0x9350</load_address>
         <run_address>0x9350</run_address>
         <size>0x6</size>
         <input_file_ref idref="fl-32"/>
      </object_component>
      <object_component id="oc-3f5">
         <name>.text:initMyDemo2</name>
         <load_address>0x9356</load_address>
         <run_address>0x9356</run_address>
         <size>0x6</size>
         <input_file_ref idref="fl-9"/>
      </object_component>
      <object_component id="oc-3bc">
         <name>.text:_system_post_cinit</name>
         <load_address>0x935c</load_address>
         <run_address>0x935c</run_address>
         <size>0x2</size>
         <input_file_ref idref="fl-43"/>
      </object_component>
      <object_component id="oc-648">
         <name>.cinit..bss.load</name>
         <load_address>0x938a</load_address>
         <run_address>0x938a</run_address>
         <size>0xb</size>
      </object_component>
      <object_component id="oc-649">
         <name>.cinit..data.load</name>
         <load_address>0x9396</load_address>
         <run_address>0x9396</run_address>
         <size>0x6</size>
      </object_component>
      <object_component id="oc-646">
         <name>__TI_handler_table</name>
         <load_address>0x939c</load_address>
         <run_address>0x939c</run_address>
         <size>0x4</size>
      </object_component>
      <object_component id="oc-647">
         <name>__TI_cinit_table</name>
         <load_address>0x93a0</load_address>
         <run_address>0x93a0</run_address>
         <size>0x8</size>
      </object_component>
      <object_component id="oc-496">
         <name>.const:.string:ADXL_CONFIG_DETECT</name>
         <load_address>0x935e</load_address>
         <run_address>0x935e</run_address>
         <size>0x10</size>
         <input_file_ref idref="fl-e"/>
      </object_component>
      <object_component id="oc-51d">
         <name>.const:cog</name>
         <load_address>0x936e</load_address>
         <run_address>0x936e</run_address>
         <size>0xd</size>
         <input_file_ref idref="fl-f"/>
      </object_component>
      <object_component id="oc-5d0">
         <name>.const:.string:SCAN_TABLE</name>
         <load_address>0x937c</load_address>
         <run_address>0x937c</run_address>
         <size>0x4</size>
         <input_file_ref idref="fl-f"/>
      </object_component>
      <object_component id="oc-48d">
         <name>.const:.string:ADXL_RESET</name>
         <load_address>0x9380</load_address>
         <run_address>0x9380</run_address>
         <size>0x3</size>
         <input_file_ref idref="fl-e"/>
      </object_component>
      <object_component id="oc-5d6">
         <name>.const:.string:$P$T0$1</name>
         <load_address>0x9384</load_address>
         <run_address>0x9384</run_address>
         <size>0x2</size>
         <input_file_ref idref="fl-12"/>
      </object_component>
      <object_component id="oc-5c7">
         <name>.const:.string:$P$T1$2</name>
         <load_address>0x9386</load_address>
         <run_address>0x9386</run_address>
         <size>0x2</size>
         <input_file_ref idref="fl-f"/>
      </object_component>
      <object_component id="oc-4e1">
         <name>.const:.string:FRAM_Sleep</name>
         <load_address>0x9388</load_address>
         <run_address>0x9388</run_address>
         <size>0x1</size>
         <input_file_ref idref="fl-10"/>
      </object_component>
      <object_component id="oc-75">
         <name>.int41</name>
         <load_address>0xffd2</load_address>
         <run_address>0xffd2</run_address>
         <size>0x2</size>
         <input_file_ref idref="fl-d"/>
      </object_component>
      <object_component id="oc-76">
         <name>.int42</name>
         <load_address>0xffd4</load_address>
         <run_address>0xffd4</run_address>
         <size>0x2</size>
         <input_file_ref idref="fl-d"/>
      </object_component>
      <object_component id="oc-77">
         <name>.int43</name>
         <load_address>0xffd6</load_address>
         <run_address>0xffd6</run_address>
         <size>0x2</size>
         <input_file_ref idref="fl-d"/>
      </object_component>
      <object_component id="oc-78">
         <name>.int44</name>
         <load_address>0xffd8</load_address>
         <run_address>0xffd8</run_address>
         <size>0x2</size>
         <input_file_ref idref="fl-13"/>
      </object_component>
      <object_component id="oc-79">
         <name>.int45</name>
         <load_address>0xffda</load_address>
         <run_address>0xffda</run_address>
         <size>0x2</size>
         <input_file_ref idref="fl-12"/>
      </object_component>
      <object_component id="oc-7a">
         <name>.int46</name>
         <load_address>0xffdc</load_address>
         <run_address>0xffdc</run_address>
         <size>0x2</size>
         <input_file_ref idref="fl-d"/>
      </object_component>
      <object_component id="oc-7b">
         <name>.int47</name>
         <load_address>0xffde</load_address>
         <run_address>0xffde</run_address>
         <size>0x2</size>
         <input_file_ref idref="fl-3"/>
      </object_component>
      <object_component id="oc-7c">
         <name>.int48</name>
         <load_address>0xffe0</load_address>
         <run_address>0xffe0</run_address>
         <size>0x2</size>
         <input_file_ref idref="fl-d"/>
      </object_component>
      <object_component id="oc-7d">
         <name>.int49</name>
         <load_address>0xffe2</load_address>
         <run_address>0xffe2</run_address>
         <size>0x2</size>
         <input_file_ref idref="fl-13"/>
      </object_component>
      <object_component id="oc-7e">
         <name>.int50</name>
         <load_address>0xffe4</load_address>
         <run_address>0xffe4</run_address>
         <size>0x2</size>
         <input_file_ref idref="fl-d"/>
      </object_component>
      <object_component id="oc-7f">
         <name>.int51</name>
         <load_address>0xffe6</load_address>
         <run_address>0xffe6</run_address>
         <size>0x2</size>
         <input_file_ref idref="fl-d"/>
      </object_component>
      <object_component id="oc-80">
         <name>.int52</name>
         <load_address>0xffe8</load_address>
         <run_address>0xffe8</run_address>
         <size>0x2</size>
         <input_file_ref idref="fl-d"/>
      </object_component>
      <object_component id="oc-81">
         <name>.int53</name>
         <load_address>0xffea</load_address>
         <run_address>0xffea</run_address>
         <size>0x2</size>
         <input_file_ref idref="fl-13"/>
      </object_component>
      <object_component id="oc-82">
         <name>.int54</name>
         <load_address>0xffec</load_address>
         <run_address>0xffec</run_address>
         <size>0x2</size>
         <input_file_ref idref="fl-c"/>
      </object_component>
      <object_component id="oc-83">
         <name>.int55</name>
         <load_address>0xffee</load_address>
         <run_address>0xffee</run_address>
         <size>0x2</size>
         <input_file_ref idref="fl-d"/>
      </object_component>
      <object_component id="oc-84">
         <name>.int56</name>
         <load_address>0xfff0</load_address>
         <run_address>0xfff0</run_address>
         <size>0x2</size>
         <input_file_ref idref="fl-d"/>
      </object_component>
      <object_component id="oc-85">
         <name>.int57</name>
         <load_address>0xfff2</load_address>
         <run_address>0xfff2</run_address>
         <size>0x2</size>
         <input_file_ref idref="fl-d"/>
      </object_component>
      <object_component id="oc-86">
         <name>.int58</name>
         <load_address>0xfff4</load_address>
         <run_address>0xfff4</run_address>
         <size>0x2</size>
         <input_file_ref idref="fl-d"/>
      </object_component>
      <object_component id="oc-87">
         <name>.int59</name>
         <load_address>0xfff6</load_address>
         <run_address>0xfff6</run_address>
         <size>0x2</size>
         <input_file_ref idref="fl-d"/>
      </object_component>
      <object_component id="oc-88">
         <name>.int60</name>
         <load_address>0xfff8</load_address>
         <run_address>0xfff8</run_address>
         <size>0x2</size>
         <input_file_ref idref="fl-d"/>
      </object_component>
      <object_component id="oc-89">
         <name>.int61</name>
         <load_address>0xfffa</load_address>
         <run_address>0xfffa</run_address>
         <size>0x2</size>
         <input_file_ref idref="fl-d"/>
      </object_component>
      <object_component id="oc-8a">
         <name>.int62</name>
         <load_address>0xfffc</load_address>
         <run_address>0xfffc</run_address>
         <size>0x2</size>
         <input_file_ref idref="fl-d"/>
      </object_component>
      <object_component id="oc-2f9">
         <name>.reset</name>
         <load_address>0xfffe</load_address>
         <run_address>0xfffe</run_address>
         <size>0x2</size>
         <input_file_ref idref="fl-2f"/>
      </object_component>
      <object_component id="oc-4b0">
         <name>.debug_info</name>
         <load_address>0x0</load_address>
         <run_address>0x0</run_address>
         <size>0x2b1</size>
         <input_file_ref idref="fl-2"/>
      </object_component>
      <object_component id="oc-365">
         <name>.debug_info</name>
         <load_address>0x2b1</load_address>
         <run_address>0x2b1</run_address>
         <size>0x1b1</size>
         <input_file_ref idref="fl-2"/>
      </object_component>
      <object_component id="oc-42c">
         <name>.debug_info</name>
         <load_address>0x462</load_address>
         <run_address>0x462</run_address>
         <size>0xa5</size>
         <input_file_ref idref="fl-2"/>
      </object_component>
      <object_component id="oc-37a">
         <name>.debug_info</name>
         <load_address>0x507</load_address>
         <run_address>0x507</run_address>
         <size>0x84</size>
         <input_file_ref idref="fl-2"/>
      </object_component>
      <object_component id="oc-408">
         <name>.debug_info</name>
         <load_address>0x58b</load_address>
         <run_address>0x58b</run_address>
         <size>0x18b</size>
         <input_file_ref idref="fl-2"/>
      </object_component>
      <object_component id="oc-420">
         <name>.debug_info</name>
         <load_address>0x716</load_address>
         <run_address>0x716</run_address>
         <size>0x2c</size>
         <input_file_ref idref="fl-2"/>
      </object_component>
      <object_component id="oc-327">
         <name>.debug_info</name>
         <load_address>0x742</load_address>
         <run_address>0x742</run_address>
         <size>0x141</size>
         <input_file_ref idref="fl-3"/>
      </object_component>
      <object_component id="oc-3a1">
         <name>.debug_info</name>
         <load_address>0x883</load_address>
         <run_address>0x883</run_address>
         <size>0x133</size>
         <input_file_ref idref="fl-4"/>
      </object_component>
      <object_component id="oc-4ff">
         <name>.debug_info</name>
         <load_address>0x9b6</load_address>
         <run_address>0x9b6</run_address>
         <size>0x194</size>
         <input_file_ref idref="fl-4"/>
      </object_component>
      <object_component id="oc-4c7">
         <name>.debug_info</name>
         <load_address>0xb4a</load_address>
         <run_address>0xb4a</run_address>
         <size>0x392</size>
         <input_file_ref idref="fl-5"/>
      </object_component>
      <object_component id="oc-4cc">
         <name>.debug_info</name>
         <load_address>0xedc</load_address>
         <run_address>0xedc</run_address>
         <size>0x17b</size>
         <input_file_ref idref="fl-5"/>
      </object_component>
      <object_component id="oc-55c">
         <name>.debug_info</name>
         <load_address>0x1057</load_address>
         <run_address>0x1057</run_address>
         <size>0x141</size>
         <input_file_ref idref="fl-5"/>
      </object_component>
      <object_component id="oc-464">
         <name>.debug_info</name>
         <load_address>0x1198</load_address>
         <run_address>0x1198</run_address>
         <size>0x1c2</size>
         <input_file_ref idref="fl-5"/>
      </object_component>
      <object_component id="oc-50b">
         <name>.debug_info</name>
         <load_address>0x135a</load_address>
         <run_address>0x135a</run_address>
         <size>0x226</size>
         <input_file_ref idref="fl-5"/>
      </object_component>
      <object_component id="oc-565">
         <name>.debug_info</name>
         <load_address>0x1580</load_address>
         <run_address>0x1580</run_address>
         <size>0x1d4</size>
         <input_file_ref idref="fl-5"/>
      </object_component>
      <object_component id="oc-559">
         <name>.debug_info</name>
         <load_address>0x1754</load_address>
         <run_address>0x1754</run_address>
         <size>0x200</size>
         <input_file_ref idref="fl-6"/>
      </object_component>
      <object_component id="oc-56b">
         <name>.debug_info</name>
         <load_address>0x1954</load_address>
         <run_address>0x1954</run_address>
         <size>0x245</size>
         <input_file_ref idref="fl-6"/>
      </object_component>
      <object_component id="oc-505">
         <name>.debug_info</name>
         <load_address>0x1b99</load_address>
         <run_address>0x1b99</run_address>
         <size>0x247</size>
         <input_file_ref idref="fl-6"/>
      </object_component>
      <object_component id="oc-395">
         <name>.debug_info</name>
         <load_address>0x1de0</load_address>
         <run_address>0x1de0</run_address>
         <size>0x69f</size>
         <input_file_ref idref="fl-7"/>
      </object_component>
      <object_component id="oc-39e">
         <name>.debug_info</name>
         <load_address>0x247f</load_address>
         <run_address>0x247f</run_address>
         <size>0x13e</size>
         <input_file_ref idref="fl-7"/>
      </object_component>
      <object_component id="oc-3de">
         <name>.debug_info</name>
         <load_address>0x25bd</load_address>
         <run_address>0x25bd</run_address>
         <size>0x1d3</size>
         <input_file_ref idref="fl-7"/>
      </object_component>
      <object_component id="oc-4f9">
         <name>.debug_info</name>
         <load_address>0x2790</load_address>
         <run_address>0x2790</run_address>
         <size>0x1bf</size>
         <input_file_ref idref="fl-7"/>
      </object_component>
      <object_component id="oc-4a2">
         <name>.debug_info</name>
         <load_address>0x294f</load_address>
         <run_address>0x294f</run_address>
         <size>0x200</size>
         <input_file_ref idref="fl-7"/>
      </object_component>
      <object_component id="oc-49c">
         <name>.debug_info</name>
         <load_address>0x2b4f</load_address>
         <run_address>0x2b4f</run_address>
         <size>0x19d</size>
         <input_file_ref idref="fl-7"/>
      </object_component>
      <object_component id="oc-3fc">
         <name>.debug_info</name>
         <load_address>0x2cec</load_address>
         <run_address>0x2cec</run_address>
         <size>0x1a2</size>
         <input_file_ref idref="fl-7"/>
      </object_component>
      <object_component id="oc-381">
         <name>.debug_info</name>
         <load_address>0x2e8e</load_address>
         <run_address>0x2e8e</run_address>
         <size>0x2c</size>
         <input_file_ref idref="fl-7"/>
      </object_component>
      <object_component id="oc-4d6">
         <name>.debug_info</name>
         <load_address>0x2eba</load_address>
         <run_address>0x2eba</run_address>
         <size>0x423</size>
         <input_file_ref idref="fl-8"/>
      </object_component>
      <object_component id="oc-470">
         <name>.debug_info</name>
         <load_address>0x32dd</load_address>
         <run_address>0x32dd</run_address>
         <size>0x192</size>
         <input_file_ref idref="fl-8"/>
      </object_component>
      <object_component id="oc-511">
         <name>.debug_info</name>
         <load_address>0x346f</load_address>
         <run_address>0x346f</run_address>
         <size>0x1ef</size>
         <input_file_ref idref="fl-8"/>
      </object_component>
      <object_component id="oc-5b2">
         <name>.debug_info</name>
         <load_address>0x365e</load_address>
         <run_address>0x365e</run_address>
         <size>0x188</size>
         <input_file_ref idref="fl-8"/>
      </object_component>
      <object_component id="oc-573">
         <name>.debug_info</name>
         <load_address>0x37e6</load_address>
         <run_address>0x37e6</run_address>
         <size>0x1aa</size>
         <input_file_ref idref="fl-8"/>
      </object_component>
      <object_component id="oc-3a5">
         <name>.debug_info</name>
         <load_address>0x3990</load_address>
         <run_address>0x3990</run_address>
         <size>0x463</size>
         <input_file_ref idref="fl-9"/>
      </object_component>
      <object_component id="oc-3f6">
         <name>.debug_info</name>
         <load_address>0x3df3</load_address>
         <run_address>0x3df3</run_address>
         <size>0x16f</size>
         <input_file_ref idref="fl-9"/>
      </object_component>
      <object_component id="oc-402">
         <name>.debug_info</name>
         <load_address>0x3f62</load_address>
         <run_address>0x3f62</run_address>
         <size>0x178</size>
         <input_file_ref idref="fl-9"/>
      </object_component>
      <object_component id="oc-4b3">
         <name>.debug_info</name>
         <load_address>0x40da</load_address>
         <run_address>0x40da</run_address>
         <size>0x72</size>
         <input_file_ref idref="fl-9"/>
      </object_component>
      <object_component id="oc-52d">
         <name>.debug_info</name>
         <load_address>0x414c</load_address>
         <run_address>0x414c</run_address>
         <size>0x367</size>
         <input_file_ref idref="fl-a"/>
      </object_component>
      <object_component id="oc-4aa">
         <name>.debug_info</name>
         <load_address>0x44b3</load_address>
         <run_address>0x44b3</run_address>
         <size>0x214</size>
         <input_file_ref idref="fl-a"/>
      </object_component>
      <object_component id="oc-536">
         <name>.debug_info</name>
         <load_address>0x46c7</load_address>
         <run_address>0x46c7</run_address>
         <size>0x299</size>
         <input_file_ref idref="fl-b"/>
      </object_component>
      <object_component id="oc-4d1">
         <name>.debug_info</name>
         <load_address>0x4960</load_address>
         <run_address>0x4960</run_address>
         <size>0x1a3</size>
         <input_file_ref idref="fl-b"/>
      </object_component>
      <object_component id="oc-46a">
         <name>.debug_info</name>
         <load_address>0x4b03</load_address>
         <run_address>0x4b03</run_address>
         <size>0x1ac</size>
         <input_file_ref idref="fl-b"/>
      </object_component>
      <object_component id="oc-55f">
         <name>.debug_info</name>
         <load_address>0x4caf</load_address>
         <run_address>0x4caf</run_address>
         <size>0x282</size>
         <input_file_ref idref="fl-b"/>
      </object_component>
      <object_component id="oc-5a0">
         <name>.debug_info</name>
         <load_address>0x4f31</load_address>
         <run_address>0x4f31</run_address>
         <size>0x4a</size>
         <input_file_ref idref="fl-b"/>
      </object_component>
      <object_component id="oc-433">
         <name>.debug_info</name>
         <load_address>0x4f7b</load_address>
         <run_address>0x4f7b</run_address>
         <size>0x38f</size>
         <input_file_ref idref="fl-c"/>
      </object_component>
      <object_component id="oc-3b0">
         <name>.debug_info</name>
         <load_address>0x530a</load_address>
         <run_address>0x530a</run_address>
         <size>0x128</size>
         <input_file_ref idref="fl-c"/>
      </object_component>
      <object_component id="oc-338">
         <name>.debug_info</name>
         <load_address>0x5432</load_address>
         <run_address>0x5432</run_address>
         <size>0x176</size>
         <input_file_ref idref="fl-c"/>
      </object_component>
      <object_component id="oc-391">
         <name>.debug_info</name>
         <load_address>0x55a8</load_address>
         <run_address>0x55a8</run_address>
         <size>0x4a8</size>
         <input_file_ref idref="fl-d"/>
      </object_component>
      <object_component id="oc-345">
         <name>.debug_info</name>
         <load_address>0x5a50</load_address>
         <run_address>0x5a50</run_address>
         <size>0x19b</size>
         <input_file_ref idref="fl-d"/>
      </object_component>
      <object_component id="oc-315">
         <name>.debug_info</name>
         <load_address>0x5beb</load_address>
         <run_address>0x5beb</run_address>
         <size>0x18a</size>
         <input_file_ref idref="fl-d"/>
      </object_component>
      <object_component id="oc-4e7">
         <name>.debug_info</name>
         <load_address>0x5d75</load_address>
         <run_address>0x5d75</run_address>
         <size>0x260</size>
         <input_file_ref idref="fl-e"/>
      </object_component>
      <object_component id="oc-497">
         <name>.debug_info</name>
         <load_address>0x5fd5</load_address>
         <run_address>0x5fd5</run_address>
         <size>0x140</size>
         <input_file_ref idref="fl-e"/>
      </object_component>
      <object_component id="oc-48e">
         <name>.debug_info</name>
         <load_address>0x6115</load_address>
         <run_address>0x6115</run_address>
         <size>0x130</size>
         <input_file_ref idref="fl-e"/>
      </object_component>
      <object_component id="oc-3f0">
         <name>.debug_info</name>
         <load_address>0x6245</load_address>
         <run_address>0x6245</run_address>
         <size>0x1b7</size>
         <input_file_ref idref="fl-e"/>
      </object_component>
      <object_component id="oc-3ab">
         <name>.debug_info</name>
         <load_address>0x63fc</load_address>
         <run_address>0x63fc</run_address>
         <size>0x42e</size>
         <input_file_ref idref="fl-f"/>
      </object_component>
      <object_component id="oc-51e">
         <name>.debug_info</name>
         <load_address>0x682a</load_address>
         <run_address>0x682a</run_address>
         <size>0x124</size>
         <input_file_ref idref="fl-f"/>
      </object_component>
      <object_component id="oc-5d1">
         <name>.debug_info</name>
         <load_address>0x694e</load_address>
         <run_address>0x694e</run_address>
         <size>0x131</size>
         <input_file_ref idref="fl-f"/>
      </object_component>
      <object_component id="oc-5c8">
         <name>.debug_info</name>
         <load_address>0x6a7f</load_address>
         <run_address>0x6a7f</run_address>
         <size>0x12c</size>
         <input_file_ref idref="fl-f"/>
      </object_component>
      <object_component id="oc-57a">
         <name>.debug_info</name>
         <load_address>0x6bab</load_address>
         <run_address>0x6bab</run_address>
         <size>0x1ab</size>
         <input_file_ref idref="fl-f"/>
      </object_component>
      <object_component id="oc-527">
         <name>.debug_info</name>
         <load_address>0x6d56</load_address>
         <run_address>0x6d56</run_address>
         <size>0x2a9</size>
         <input_file_ref idref="fl-f"/>
      </object_component>
      <object_component id="oc-580">
         <name>.debug_info</name>
         <load_address>0x6fff</load_address>
         <run_address>0x6fff</run_address>
         <size>0x34a</size>
         <input_file_ref idref="fl-f"/>
      </object_component>
      <object_component id="oc-518">
         <name>.debug_info</name>
         <load_address>0x7349</load_address>
         <run_address>0x7349</run_address>
         <size>0x1a6</size>
         <input_file_ref idref="fl-f"/>
      </object_component>
      <object_component id="oc-58f">
         <name>.debug_info</name>
         <load_address>0x74ef</load_address>
         <run_address>0x74ef</run_address>
         <size>0x3ab</size>
         <input_file_ref idref="fl-f"/>
      </object_component>
      <object_component id="oc-589">
         <name>.debug_info</name>
         <load_address>0x789a</load_address>
         <run_address>0x789a</run_address>
         <size>0x20c</size>
         <input_file_ref idref="fl-f"/>
      </object_component>
      <object_component id="oc-521">
         <name>.debug_info</name>
         <load_address>0x7aa6</load_address>
         <run_address>0x7aa6</run_address>
         <size>0x255</size>
         <input_file_ref idref="fl-f"/>
      </object_component>
      <object_component id="oc-427">
         <name>.debug_info</name>
         <load_address>0x7cfb</load_address>
         <run_address>0x7cfb</run_address>
         <size>0x5a</size>
         <input_file_ref idref="fl-f"/>
      </object_component>
      <object_component id="oc-53f">
         <name>.debug_info</name>
         <load_address>0x7d55</load_address>
         <run_address>0x7d55</run_address>
         <size>0x35c</size>
         <input_file_ref idref="fl-10"/>
      </object_component>
      <object_component id="oc-4e2">
         <name>.debug_info</name>
         <load_address>0x80b1</load_address>
         <run_address>0x80b1</run_address>
         <size>0x136</size>
         <input_file_ref idref="fl-10"/>
      </object_component>
      <object_component id="oc-487">
         <name>.debug_info</name>
         <load_address>0x81e7</load_address>
         <run_address>0x81e7</run_address>
         <size>0x1a1</size>
         <input_file_ref idref="fl-10"/>
      </object_component>
      <object_component id="oc-3ea">
         <name>.debug_info</name>
         <load_address>0x8388</load_address>
         <run_address>0x8388</run_address>
         <size>0x1a2</size>
         <input_file_ref idref="fl-10"/>
      </object_component>
      <object_component id="oc-477">
         <name>.debug_info</name>
         <load_address>0x852a</load_address>
         <run_address>0x852a</run_address>
         <size>0x48f</size>
         <input_file_ref idref="fl-12"/>
      </object_component>
      <object_component id="oc-399">
         <name>.debug_info</name>
         <load_address>0x89b9</load_address>
         <run_address>0x89b9</run_address>
         <size>0x123</size>
         <input_file_ref idref="fl-12"/>
      </object_component>
      <object_component id="oc-5d7">
         <name>.debug_info</name>
         <load_address>0x8adc</load_address>
         <run_address>0x8adc</run_address>
         <size>0x127</size>
         <input_file_ref idref="fl-12"/>
      </object_component>
      <object_component id="oc-3e4">
         <name>.debug_info</name>
         <load_address>0x8c03</load_address>
         <run_address>0x8c03</run_address>
         <size>0x17d</size>
         <input_file_ref idref="fl-12"/>
      </object_component>
      <object_component id="oc-4e9">
         <name>.debug_info</name>
         <load_address>0x8d80</load_address>
         <run_address>0x8d80</run_address>
         <size>0x166</size>
         <input_file_ref idref="fl-12"/>
      </object_component>
      <object_component id="oc-4ef">
         <name>.debug_info</name>
         <load_address>0x8ee6</load_address>
         <run_address>0x8ee6</run_address>
         <size>0x168</size>
         <input_file_ref idref="fl-12"/>
      </object_component>
      <object_component id="oc-491">
         <name>.debug_info</name>
         <load_address>0x904e</load_address>
         <run_address>0x904e</run_address>
         <size>0x242</size>
         <input_file_ref idref="fl-12"/>
      </object_component>
      <object_component id="oc-5cb">
         <name>.debug_info</name>
         <load_address>0x9290</load_address>
         <run_address>0x9290</run_address>
         <size>0x18d</size>
         <input_file_ref idref="fl-12"/>
      </object_component>
      <object_component id="oc-596">
         <name>.debug_info</name>
         <load_address>0x941d</load_address>
         <run_address>0x941d</run_address>
         <size>0x295</size>
         <input_file_ref idref="fl-12"/>
      </object_component>
      <object_component id="oc-5ba">
         <name>.debug_info</name>
         <load_address>0x96b2</load_address>
         <run_address>0x96b2</run_address>
         <size>0x229</size>
         <input_file_ref idref="fl-12"/>
      </object_component>
      <object_component id="oc-5c0">
         <name>.debug_info</name>
         <load_address>0x98db</load_address>
         <run_address>0x98db</run_address>
         <size>0x258</size>
         <input_file_ref idref="fl-12"/>
      </object_component>
      <object_component id="oc-321">
         <name>.debug_info</name>
         <load_address>0x9b33</load_address>
         <run_address>0x9b33</run_address>
         <size>0x15f</size>
         <input_file_ref idref="fl-12"/>
      </object_component>
      <object_component id="oc-416">
         <name>.debug_info</name>
         <load_address>0x9c92</load_address>
         <run_address>0x9c92</run_address>
         <size>0xb5</size>
         <input_file_ref idref="fl-12"/>
      </object_component>
      <object_component id="oc-4e0">
         <name>.debug_info</name>
         <load_address>0x9d47</load_address>
         <run_address>0x9d47</run_address>
         <size>0x435</size>
         <input_file_ref idref="fl-13"/>
      </object_component>
      <object_component id="oc-545">
         <name>.debug_info</name>
         <load_address>0xa17c</load_address>
         <run_address>0xa17c</run_address>
         <size>0x190</size>
         <input_file_ref idref="fl-13"/>
      </object_component>
      <object_component id="oc-54b">
         <name>.debug_info</name>
         <load_address>0xa30c</load_address>
         <run_address>0xa30c</run_address>
         <size>0x16e</size>
         <input_file_ref idref="fl-13"/>
      </object_component>
      <object_component id="oc-552">
         <name>.debug_info</name>
         <load_address>0xa47a</load_address>
         <run_address>0xa47a</run_address>
         <size>0x18c</size>
         <input_file_ref idref="fl-13"/>
      </object_component>
      <object_component id="oc-481">
         <name>.debug_info</name>
         <load_address>0xa606</load_address>
         <run_address>0xa606</run_address>
         <size>0x1a2</size>
         <input_file_ref idref="fl-13"/>
      </object_component>
      <object_component id="oc-332">
         <name>.debug_info</name>
         <load_address>0xa7a8</load_address>
         <run_address>0xa7a8</run_address>
         <size>0x175</size>
         <input_file_ref idref="fl-13"/>
      </object_component>
      <object_component id="oc-32c">
         <name>.debug_info</name>
         <load_address>0xa91d</load_address>
         <run_address>0xa91d</run_address>
         <size>0x16b</size>
         <input_file_ref idref="fl-13"/>
      </object_component>
      <object_component id="oc-31b">
         <name>.debug_info</name>
         <load_address>0xaa88</load_address>
         <run_address>0xaa88</run_address>
         <size>0x171</size>
         <input_file_ref idref="fl-13"/>
      </object_component>
      <object_component id="oc-2f7">
         <name>.debug_info</name>
         <load_address>0xabf9</load_address>
         <run_address>0xabf9</run_address>
         <size>0xe0</size>
         <input_file_ref idref="fl-2f"/>
      </object_component>
      <object_component id="oc-ac">
         <name>.debug_info</name>
         <load_address>0xacd9</load_address>
         <run_address>0xacd9</run_address>
         <size>0x181</size>
         <input_file_ref idref="fl-30"/>
      </object_component>
      <object_component id="oc-306">
         <name>.debug_info</name>
         <load_address>0xae5a</load_address>
         <run_address>0xae5a</run_address>
         <size>0x19d</size>
         <input_file_ref idref="fl-31"/>
      </object_component>
      <object_component id="oc-6c">
         <name>.debug_info</name>
         <load_address>0xaff7</load_address>
         <run_address>0xaff7</run_address>
         <size>0x1ca</size>
         <input_file_ref idref="fl-31"/>
      </object_component>
      <object_component id="oc-301">
         <name>.debug_info</name>
         <load_address>0xb1c1</load_address>
         <run_address>0xb1c1</run_address>
         <size>0x46</size>
         <input_file_ref idref="fl-31"/>
      </object_component>
      <object_component id="oc-386">
         <name>.debug_info</name>
         <load_address>0xb207</load_address>
         <run_address>0xb207</run_address>
         <size>0x2c</size>
         <input_file_ref idref="fl-31"/>
      </object_component>
      <object_component id="oc-30e">
         <name>.debug_info</name>
         <load_address>0xb233</load_address>
         <run_address>0xb233</run_address>
         <size>0x15f</size>
         <input_file_ref idref="fl-32"/>
      </object_component>
      <object_component id="oc-308">
         <name>.debug_info</name>
         <load_address>0xb392</load_address>
         <run_address>0xb392</run_address>
         <size>0x225</size>
         <input_file_ref idref="fl-32"/>
      </object_component>
      <object_component id="oc-70">
         <name>.debug_info</name>
         <load_address>0xb5b7</load_address>
         <run_address>0xb5b7</run_address>
         <size>0x19c</size>
         <input_file_ref idref="fl-32"/>
      </object_component>
      <object_component id="oc-30f">
         <name>.debug_info</name>
         <load_address>0xb753</load_address>
         <run_address>0xb753</run_address>
         <size>0x39</size>
         <input_file_ref idref="fl-32"/>
      </object_component>
      <object_component id="oc-36d">
         <name>.debug_info</name>
         <load_address>0xb78c</load_address>
         <run_address>0xb78c</run_address>
         <size>0x102</size>
         <input_file_ref idref="fl-34"/>
      </object_component>
      <object_component id="oc-380">
         <name>.debug_info</name>
         <load_address>0xb88e</load_address>
         <run_address>0xb88e</run_address>
         <size>0x158</size>
         <input_file_ref idref="fl-36"/>
      </object_component>
      <object_component id="oc-2fb">
         <name>.debug_info</name>
         <load_address>0xb9e6</load_address>
         <run_address>0xb9e6</run_address>
         <size>0x17c</size>
         <input_file_ref idref="fl-36"/>
      </object_component>
      <object_component id="oc-4de">
         <name>.debug_info</name>
         <load_address>0xbb62</load_address>
         <run_address>0xbb62</run_address>
         <size>0x14d</size>
         <input_file_ref idref="fl-37"/>
      </object_component>
      <object_component id="oc-47a">
         <name>.debug_info</name>
         <load_address>0xbcaf</load_address>
         <run_address>0xbcaf</run_address>
         <size>0x219</size>
         <input_file_ref idref="fl-37"/>
      </object_component>
      <object_component id="oc-435">
         <name>.debug_info</name>
         <load_address>0xbec8</load_address>
         <run_address>0xbec8</run_address>
         <size>0x108</size>
         <input_file_ref idref="fl-3b"/>
      </object_component>
      <object_component id="oc-3c3">
         <name>.debug_info</name>
         <load_address>0xbfd0</load_address>
         <run_address>0xbfd0</run_address>
         <size>0x3c2</size>
         <input_file_ref idref="fl-41"/>
      </object_component>
      <object_component id="oc-34b">
         <name>.debug_info</name>
         <load_address>0xc392</load_address>
         <run_address>0xc392</run_address>
         <size>0x1ea</size>
         <input_file_ref idref="fl-41"/>
      </object_component>
      <object_component id="oc-43e">
         <name>.debug_info</name>
         <load_address>0xc57c</load_address>
         <run_address>0xc57c</run_address>
         <size>0x39</size>
         <input_file_ref idref="fl-41"/>
      </object_component>
      <object_component id="oc-3c4">
         <name>.debug_info</name>
         <load_address>0xc5b5</load_address>
         <run_address>0xc5b5</run_address>
         <size>0x2c</size>
         <input_file_ref idref="fl-41"/>
      </object_component>
      <object_component id="oc-443">
         <name>.debug_info</name>
         <load_address>0xc5e1</load_address>
         <run_address>0xc5e1</run_address>
         <size>0xcd</size>
         <input_file_ref idref="fl-41"/>
      </object_component>
      <object_component id="oc-43a">
         <name>.debug_info</name>
         <load_address>0xc6ae</load_address>
         <run_address>0xc6ae</run_address>
         <size>0x23d</size>
         <input_file_ref idref="fl-42"/>
      </object_component>
      <object_component id="oc-3b7">
         <name>.debug_info</name>
         <load_address>0xc8eb</load_address>
         <run_address>0xc8eb</run_address>
         <size>0x19b</size>
         <input_file_ref idref="fl-42"/>
      </object_component>
      <object_component id="oc-4bb">
         <name>.debug_info</name>
         <load_address>0xca86</load_address>
         <run_address>0xca86</run_address>
         <size>0x2c</size>
         <input_file_ref idref="fl-42"/>
      </object_component>
      <object_component id="oc-3be">
         <name>.debug_info</name>
         <load_address>0xcab2</load_address>
         <run_address>0xcab2</run_address>
         <size>0x130</size>
         <input_file_ref idref="fl-43"/>
      </object_component>
      <object_component id="oc-64b">
         <name>.debug_info</name>
         <load_address>0xcbe2</load_address>
         <run_address>0xcbe2</run_address>
         <size>0xf6</size>
      </object_component>
      <object_component id="oc-52f">
         <name>.debug_line</name>
         <load_address>0x0</load_address>
         <run_address>0x0</run_address>
         <size>0xe4</size>
         <input_file_ref idref="fl-2"/>
      </object_component>
      <object_component id="oc-368">
         <name>.debug_line</name>
         <load_address>0xe4</load_address>
         <run_address>0xe4</run_address>
         <size>0x51</size>
         <input_file_ref idref="fl-2"/>
      </object_component>
      <object_component id="oc-42f">
         <name>.debug_line</name>
         <load_address>0x135</load_address>
         <run_address>0x135</run_address>
         <size>0x37</size>
         <input_file_ref idref="fl-2"/>
      </object_component>
      <object_component id="oc-37d">
         <name>.debug_line</name>
         <load_address>0x16c</load_address>
         <run_address>0x16c</run_address>
         <size>0x20</size>
         <input_file_ref idref="fl-2"/>
      </object_component>
      <object_component id="oc-40b">
         <name>.debug_line</name>
         <load_address>0x18c</load_address>
         <run_address>0x18c</run_address>
         <size>0x74</size>
         <input_file_ref idref="fl-2"/>
      </object_component>
      <object_component id="oc-423">
         <name>.debug_line</name>
         <load_address>0x200</load_address>
         <run_address>0x200</run_address>
         <size>0x33</size>
         <input_file_ref idref="fl-2"/>
      </object_component>
      <object_component id="oc-32a">
         <name>.debug_line</name>
         <load_address>0x233</load_address>
         <run_address>0x233</run_address>
         <size>0xb1</size>
         <input_file_ref idref="fl-3"/>
      </object_component>
      <object_component id="oc-41d">
         <name>.debug_line</name>
         <load_address>0x2e4</load_address>
         <run_address>0x2e4</run_address>
         <size>0x3e</size>
         <input_file_ref idref="fl-4"/>
      </object_component>
      <object_component id="oc-502">
         <name>.debug_line</name>
         <load_address>0x322</load_address>
         <run_address>0x322</run_address>
         <size>0x5b</size>
         <input_file_ref idref="fl-4"/>
      </object_component>
      <object_component id="oc-531">
         <name>.debug_line</name>
         <load_address>0x37d</load_address>
         <run_address>0x37d</run_address>
         <size>0xdc</size>
         <input_file_ref idref="fl-5"/>
      </object_component>
      <object_component id="oc-533">
         <name>.debug_line</name>
         <load_address>0x459</load_address>
         <run_address>0x459</run_address>
         <size>0x47</size>
         <input_file_ref idref="fl-5"/>
      </object_component>
      <object_component id="oc-5ad">
         <name>.debug_line</name>
         <load_address>0x4a0</load_address>
         <run_address>0x4a0</run_address>
         <size>0x47</size>
         <input_file_ref idref="fl-5"/>
      </object_component>
      <object_component id="oc-467">
         <name>.debug_line</name>
         <load_address>0x4e7</load_address>
         <run_address>0x4e7</run_address>
         <size>0x61</size>
         <input_file_ref idref="fl-5"/>
      </object_component>
      <object_component id="oc-50e">
         <name>.debug_line</name>
         <load_address>0x548</load_address>
         <run_address>0x548</run_address>
         <size>0x11d</size>
         <input_file_ref idref="fl-5"/>
      </object_component>
      <object_component id="oc-568">
         <name>.debug_line</name>
         <load_address>0x665</load_address>
         <run_address>0x665</run_address>
         <size>0x60</size>
         <input_file_ref idref="fl-5"/>
      </object_component>
      <object_component id="oc-5ab">
         <name>.debug_line</name>
         <load_address>0x6c5</load_address>
         <run_address>0x6c5</run_address>
         <size>0x60</size>
         <input_file_ref idref="fl-6"/>
      </object_component>
      <object_component id="oc-56e">
         <name>.debug_line</name>
         <load_address>0x725</load_address>
         <run_address>0x725</run_address>
         <size>0x66</size>
         <input_file_ref idref="fl-6"/>
      </object_component>
      <object_component id="oc-508">
         <name>.debug_line</name>
         <load_address>0x78b</load_address>
         <run_address>0x78b</run_address>
         <size>0x69</size>
         <input_file_ref idref="fl-6"/>
      </object_component>
      <object_component id="oc-413">
         <name>.debug_line</name>
         <load_address>0x7f4</load_address>
         <run_address>0x7f4</run_address>
         <size>0x1ac</size>
         <input_file_ref idref="fl-7"/>
      </object_component>
      <object_component id="oc-41b">
         <name>.debug_line</name>
         <load_address>0x9a0</load_address>
         <run_address>0x9a0</run_address>
         <size>0x3b</size>
         <input_file_ref idref="fl-7"/>
      </object_component>
      <object_component id="oc-3e1">
         <name>.debug_line</name>
         <load_address>0x9db</load_address>
         <run_address>0x9db</run_address>
         <size>0x51</size>
         <input_file_ref idref="fl-7"/>
      </object_component>
      <object_component id="oc-4fc">
         <name>.debug_line</name>
         <load_address>0xa2c</load_address>
         <run_address>0xa2c</run_address>
         <size>0x53</size>
         <input_file_ref idref="fl-7"/>
      </object_component>
      <object_component id="oc-4a5">
         <name>.debug_line</name>
         <load_address>0xa7f</load_address>
         <run_address>0xa7f</run_address>
         <size>0x72</size>
         <input_file_ref idref="fl-7"/>
      </object_component>
      <object_component id="oc-49f">
         <name>.debug_line</name>
         <load_address>0xaf1</load_address>
         <run_address>0xaf1</run_address>
         <size>0x62</size>
         <input_file_ref idref="fl-7"/>
      </object_component>
      <object_component id="oc-3ff">
         <name>.debug_line</name>
         <load_address>0xb53</load_address>
         <run_address>0xb53</run_address>
         <size>0x55</size>
         <input_file_ref idref="fl-7"/>
      </object_component>
      <object_component id="oc-384">
         <name>.debug_line</name>
         <load_address>0xba8</load_address>
         <run_address>0xba8</run_address>
         <size>0x74</size>
         <input_file_ref idref="fl-7"/>
      </object_component>
      <object_component id="oc-538">
         <name>.debug_line</name>
         <load_address>0xc1c</load_address>
         <run_address>0xc1c</run_address>
         <size>0xcb</size>
         <input_file_ref idref="fl-8"/>
      </object_component>
      <object_component id="oc-473">
         <name>.debug_line</name>
         <load_address>0xce7</load_address>
         <run_address>0xce7</run_address>
         <size>0x5c</size>
         <input_file_ref idref="fl-8"/>
      </object_component>
      <object_component id="oc-514">
         <name>.debug_line</name>
         <load_address>0xd43</load_address>
         <run_address>0xd43</run_address>
         <size>0xfc</size>
         <input_file_ref idref="fl-8"/>
      </object_component>
      <object_component id="oc-5b5">
         <name>.debug_line</name>
         <load_address>0xe3f</load_address>
         <run_address>0xe3f</run_address>
         <size>0x4f</size>
         <input_file_ref idref="fl-8"/>
      </object_component>
      <object_component id="oc-576">
         <name>.debug_line</name>
         <load_address>0xe8e</load_address>
         <run_address>0xe8e</run_address>
         <size>0x56</size>
         <input_file_ref idref="fl-8"/>
      </object_component>
      <object_component id="oc-41f">
         <name>.debug_line</name>
         <load_address>0xee4</load_address>
         <run_address>0xee4</run_address>
         <size>0x11e</size>
         <input_file_ref idref="fl-9"/>
      </object_component>
      <object_component id="oc-3f9">
         <name>.debug_line</name>
         <load_address>0x1002</load_address>
         <run_address>0x1002</run_address>
         <size>0x46</size>
         <input_file_ref idref="fl-9"/>
      </object_component>
      <object_component id="oc-405">
         <name>.debug_line</name>
         <load_address>0x1048</load_address>
         <run_address>0x1048</run_address>
         <size>0x4d</size>
         <input_file_ref idref="fl-9"/>
      </object_component>
      <object_component id="oc-4b6">
         <name>.debug_line</name>
         <load_address>0x1095</load_address>
         <run_address>0x1095</run_address>
         <size>0x3a</size>
         <input_file_ref idref="fl-9"/>
      </object_component>
      <object_component id="oc-59d">
         <name>.debug_line</name>
         <load_address>0x10cf</load_address>
         <run_address>0x10cf</run_address>
         <size>0xbe</size>
         <input_file_ref idref="fl-a"/>
      </object_component>
      <object_component id="oc-4ad">
         <name>.debug_line</name>
         <load_address>0x118d</load_address>
         <run_address>0x118d</run_address>
         <size>0x5f</size>
         <input_file_ref idref="fl-a"/>
      </object_component>
      <object_component id="oc-59f">
         <name>.debug_line</name>
         <load_address>0x11ec</load_address>
         <run_address>0x11ec</run_address>
         <size>0xb6</size>
         <input_file_ref idref="fl-b"/>
      </object_component>
      <object_component id="oc-535">
         <name>.debug_line</name>
         <load_address>0x12a2</load_address>
         <run_address>0x12a2</run_address>
         <size>0x3f</size>
         <input_file_ref idref="fl-b"/>
      </object_component>
      <object_component id="oc-46d">
         <name>.debug_line</name>
         <load_address>0x12e1</load_address>
         <run_address>0x12e1</run_address>
         <size>0x56</size>
         <input_file_ref idref="fl-b"/>
      </object_component>
      <object_component id="oc-562">
         <name>.debug_line</name>
         <load_address>0x1337</load_address>
         <run_address>0x1337</run_address>
         <size>0x72</size>
         <input_file_ref idref="fl-b"/>
      </object_component>
      <object_component id="oc-5a3">
         <name>.debug_line</name>
         <load_address>0x13a9</load_address>
         <run_address>0x13a9</run_address>
         <size>0x3f</size>
         <input_file_ref idref="fl-b"/>
      </object_component>
      <object_component id="oc-4b2">
[...]
         <value>0x627</value>
      </symbol>
      <symbol id="sm-21a">
         <name>UCB1STAT</name>
         <value>0x62a</value>
      </symbol>
      <symbol id="sm-21b">
         <name>UCB1RXBUF</name>
         <value>0x62c</value>
      </symbol>
      <symbol id="sm-21c">
         <name>UCB1TXBUF</name>
         <value>0x62e</value>
      </symbol>
      <symbol id="sm-21d">
         <name>UCB1I2COA</name>
         <value>0x630</value>
      </symbol>
      <symbol id="sm-21e">
         <name>UCB1I2COA_L</name>
         <value>0x630</value>
      </symbol>
      <symbol id="sm-21f">
         <name>UCB1I2COA_H</name>
         <value>0x631</value>
      </symbol>
      <symbol id="sm-220">
         <name>UCB1I2CSA</name>
         <value>0x632</value>
      </symbol>
      <symbol id="sm-221">
         <name>UCB1I2CSA_L</name>
         <value>0x632</value>
      </symbol>
      <symbol id="sm-222">
         <name>UCB1I2CSA_H</name>
         <value>0x633</value>
      </symbol>
      <symbol id="sm-223">
         <name>UCB1ICTL</name>
         <value>0x63c</value>
      </symbol>
      <symbol id="sm-224">
         <name>UCB1ICTL_L</name>
         <value>0x63c</value>
      </symbol>
      <symbol id="sm-225">
         <name>UCB1ICTL_H</name>
         <value>0x63d</value>
      </symbol>
      <symbol id="sm-226">
         <name>UCB1IV</name>
         <value>0x63e</value>
      </symbol>
      <symbol id="sm-227">
         <name>WDTCTL</name>
         <value>0x15c</value>
      </symbol>
      <symbol id="sm-228">
         <name>WDTCTL_L</name>
         <value>0x15c</value>
      </symbol>
      <symbol id="sm-229">
         <name>WDTCTL_H</name>
         <value>0x15d</value>
      </symbol>
      <symbol id="sm-22a">
         <name>__TI_CINIT_Base</name>
         <value>0x93a0</value>
      </symbol>
      <symbol id="sm-22b">
         <name>__TI_CINIT_Limit</name>
         <value>0x93a8</value>
      </symbol>
      <symbol id="sm-22c">
         <name>__TI_Handler_Table_Base</name>
         <value>0x939c</value>
      </symbol>
      <symbol id="sm-22d">
         <name>__TI_Handler_Table_Limit</name>
         <value>0x93a0</value>
      </symbol>
      <symbol id="sm-22e">
         <name>__STACK_SIZE</name>
         <value>0x6e</value>
      </symbol>
      <symbol id="sm-22f">
         <name>__STACK_END</name>
         <value>0x33fe</value>
      </symbol>
      <symbol id="sm-230">
         <name>__c_args__</name>
         <value>0xffffffff</value>
      </symbol>
      <symbol id="sm-231">
         <name>__TI_pprof_out_hndl</name>
         <value>0xffffffff</value>
      </symbol>
      <symbol id="sm-232">
         <name>__TI_prof_data_start</name>
         <value>0xffffffff</value>
      </symbol>
      <symbol id="sm-233">
         <name>__TI_prof_data_size</name>
         <value>0xffffffff</value>
      </symbol>
      <symbol id="sm-2ae">
         <name>main</name>
         <value>0x8ff8</value>
         <object_component_ref idref="oc-364"/>
      </symbol>
      <symbol id="sm-2ce">
         <name>__TI_int47</name>
         <value>0xffde</value>
         <object_component_ref idref="oc-7b"/>
      </symbol>
      <symbol id="sm-2dc">
         <name>validRx</name>
         <value>0x1c00</value>
         <object_component_ref idref="oc-3a0"/>
      </symbol>
      <symbol id="sm-2dd">
         <name>doNFC_Rx</name>
         <value>0x8cd2</value>
         <object_component_ref idref="oc-4fe"/>
      </symbol>
      <symbol id="sm-317">
         <name>read_command_number</name>
         <value>0x1969</value>
      </symbol>
      <symbol id="sm-318">
         <name>CID</name>
         <value>0x1960</value>
      </symbol>
      <symbol id="sm-319">
         <name>pcd_max_frame_size</name>
         <value>0x195c</value>
      </symbol>
      <symbol id="sm-31a">
         <name>lastTxIndex</name>
         <value>0x1967</value>
      </symbol>
      <symbol id="sm-31b">
         <name>initialize_14443_B_protocol</name>
         <value>0x906e</value>
         <object_component_ref idref="oc-463"/>
      </symbol>
      <symbol id="sm-31c">
         <name>add_pupi</name>
         <value>0x92aa</value>
         <object_component_ref idref="oc-564"/>
      </symbol>
      <symbol id="sm-31d">
         <name>_14443_B_protocol</name>
         <value>0x8000</value>
         <object_component_ref idref="oc-50a"/>
      </symbol>
      <symbol id="sm-336">
         <name>hw_crc_validate</name>
         <value>0x8e1a</value>
         <object_component_ref idref="oc-504"/>
      </symbol>
      <symbol id="sm-337">
         <name>hw_crc_ccitt</name>
         <value>0x8f3a</value>
         <object_component_ref idref="oc-56a"/>
      </symbol>
      <symbol id="sm-371">
         <name>doNFC_state</name>
         <value>0x1965</value>
      </symbol>
      <symbol id="sm-372">
         <name>debug_interrupt</name>
         <value>0x1964</value>
      </symbol>
      <symbol id="sm-373">
         <name>rx_buffer</name>
         <value>0x18a4</value>
      </symbol>
      <symbol id="sm-374">
         <name>transmitCommand</name>
         <value>0x18e4</value>
      </symbol>
      <symbol id="sm-375">
         <name>uid</name>
         <value>0x1952</value>
      </symbol>
      <symbol id="sm-376">
         <name>sleep_until_edges</name>
         <value>0x8ef8</value>
         <object_component_ref idref="oc-4f8"/>
      </symbol>
      <symbol id="sm-377">
         <name>_14443_buf_ptr</name>
         <value>0x1c01</value>
         <object_component_ref idref="oc-39d"/>
      </symbol>
      <symbol id="sm-378">
         <name>doNFC</name>
         <value>0x9256</value>
         <object_component_ref idref="oc-3fb"/>
      </symbol>
      <symbol id="sm-379">
         <name>doRFID_14443B</name>
         <value>0x8a1e</value>
         <object_component_ref idref="oc-4a1"/>
      </symbol>
      <symbol id="sm-37a">
         <name>initRFID</name>
         <value>0x92ce</value>
         <object_component_ref idref="oc-3dd"/>
      </symbol>
      <symbol id="sm-37b">
         <name>sleep_until_read</name>
         <value>0x89a8</value>
         <object_component_ref idref="oc-49b"/>
      </symbol>
      <symbol id="sm-3b3">
         <name>bpsk_ct</name>
         <value>0x1962</value>
      </symbol>
      <symbol id="sm-3b4">
         <name>next_bit_value</name>
         <value>0x1968</value>
      </symbol>
      <symbol id="sm-3b5">
         <name>bpsk_send_bit_count</name>
         <value>0x1963</value>
      </symbol>
      <symbol id="sm-3b6">
         <name>numberOfBitsTX</name>
         <value>0x195a</value>
      </symbol>
      <symbol id="sm-3b7">
         <name>timer</name>
         <value>0x195e</value>
      </symbol>
      <symbol id="sm-3b8">
         <name>send_bpsk</name>
         <value>0x83b4</value>
         <object_component_ref idref="oc-510"/>
      </symbol>
      <symbol id="sm-3b9">
         <name>shift_mask</name>
         <value>0x9314</value>
         <object_component_ref idref="oc-5b1"/>
      </symbol>
      <symbol id="sm-3ba">
         <name>next_bit</name>
         <value>0x9204</value>
         <object_component_ref idref="oc-572"/>
      </symbol>
      <symbol id="sm-3bb">
         <name>initialize_bpsk</name>
         <value>0x8eb0</value>
         <object_component_ref idref="oc-46f"/>
      </symbol>
      <symbol id="sm-3d7">
         <name>RTC_ctr</name>
         <value>0x194e</value>
      </symbol>
      <symbol id="sm-3d8">
         <name>senseState</name>
         <value>0x196a</value>
      </symbol>
      <symbol id="sm-3d9">
         <name>accelState</name>
         <value>0x1961</value>
      </symbol>
      <symbol id="sm-3da">
         <name>initMyDemo2</name>
         <value>0x9356</value>
         <object_component_ref idref="oc-3f5"/>
      </symbol>
      <symbol id="sm-3db">
         <name>Demo2</name>
         <value>0x9166</value>
         <object_component_ref idref="oc-401"/>
      </symbol>
      <symbol id="sm-3ea">
         <name>updateDisplay2</name>
         <value>0x90da</value>
         <object_component_ref idref="oc-4a9"/>
      </symbol>
      <symbol id="sm-40d">
         <name>initialize_nfc_wisp_protocol</name>
         <value>0x91c8</value>
         <object_component_ref idref="oc-469"/>
      </symbol>
      <symbol id="sm-40e">
         <name>nfc_wisp_protocol</name>
         <value>0x8a8e</value>
         <object_component_ref idref="oc-55e"/>
      </symbol>
      <symbol id="sm-422">
         <name>ADC10ISR</name>
         <value>0x9222</value>
         <object_component_ref idref="oc-337"/>
      </symbol>
      <symbol id="sm-423">
         <name>__TI_int54</name>
         <value>0xffec</value>
         <object_component_ref idref="oc-82"/>
      </symbol>
      <symbol id="sm-448">
         <name>bad_interrupts</name>
         <value>0x1958</value>
      </symbol>
      <symbol id="sm-449">
         <name>CATCH_ALL</name>
         <value>0x933a</value>
         <object_component_ref idref="oc-314"/>
      </symbol>
      <symbol id="sm-44a">
         <name>__TI_int62</name>
         <value>0xfffc</value>
         <object_component_ref idref="oc-8a"/>
      </symbol>
      <symbol id="sm-44b">
         <name>__TI_int60</name>
         <value>0xfff8</value>
         <object_component_ref idref="oc-88"/>
      </symbol>
      <symbol id="sm-44c">
         <name>__TI_int61</name>
         <value>0xfffa</value>
         <object_component_ref idref="oc-89"/>
      </symbol>
      <symbol id="sm-44d">
         <name>__TI_int48</name>
         <value>0xffe0</value>
         <object_component_ref idref="oc-7c"/>
      </symbol>
      <symbol id="sm-44e">
         <name>__TI_int46</name>
         <value>0xffdc</value>
         <object_component_ref idref="oc-7a"/>
      </symbol>
      <symbol id="sm-44f">
         <name>__TI_int42</name>
         <value>0xffd4</value>
         <object_component_ref idref="oc-76"/>
      </symbol>
      <symbol id="sm-450">
         <name>__TI_int43</name>
         <value>0xffd6</value>
         <object_component_ref idref="oc-77"/>
      </symbol>
      <symbol id="sm-451">
         <name>__TI_int41</name>
         <value>0xffd2</value>
         <object_component_ref idref="oc-75"/>
      </symbol>
      <symbol id="sm-452">
         <name>__TI_int58</name>
         <value>0xfff4</value>
         <object_component_ref idref="oc-86"/>
      </symbol>
      <symbol id="sm-453">
         <name>__TI_int59</name>
         <value>0xfff6</value>
         <object_component_ref idref="oc-87"/>
      </symbol>
      <symbol id="sm-454">
         <name>__TI_int56</name>
         <value>0xfff0</value>
         <object_component_ref idref="oc-84"/>
      </symbol>
      <symbol id="sm-455">
         <name>__TI_int57</name>
         <value>0xfff2</value>
         <object_component_ref idref="oc-85"/>
      </symbol>
      <symbol id="sm-456">
         <name>__TI_int55</name>
         <value>0xffee</value>
         <object_component_ref idref="oc-83"/>
      </symbol>
      <symbol id="sm-457">
         <name>__TI_int52</name>
         <value>0xffe8</value>
         <object_component_ref idref="oc-80"/>
      </symbol>
      <symbol id="sm-458">
         <name>__TI_int50</name>
         <value>0xffe4</value>
         <object_component_ref idref="oc-7e"/>
      </symbol>
      <symbol id="sm-459">
         <name>__TI_int51</name>
         <value>0xffe6</value>
         <object_component_ref idref="oc-7f"/>
      </symbol>
      <symbol id="sm-45a">
         <name>_system_pre_init</name>
         <value>0x87fc</value>
         <object_component_ref idref="oc-344"/>
      </symbol>
      <symbol id="sm-470">
         <name>ADXL_RESET</name>
         <value>0x9380</value>
         <object_component_ref idref="oc-48d"/>
      </symbol>
      <symbol id="sm-471">
         <name>ADXL_CONFIG_DETECT</name>
         <value>0x935e</value>
         <object_component_ref idref="oc-496"/>
      </symbol>
      <symbol id="sm-472">
         <name>initACCEL</name>
         <value>0x90a6</value>
         <object_component_ref idref="oc-3ef"/>
      </symbol>
      <symbol id="sm-4fb">
         <name>imageBuffer</name>
         <value>0x0</value>
      </symbol>
      <symbol id="sm-4fc">
         <name>imageUpdateState</name>
         <value>0x1966</value>
      </symbol>
      <symbol id="sm-4fd">
         <name>EPD_power_on</name>
         <value>0x8fba</value>
         <object_component_ref idref="oc-579"/>
      </symbol>
      <symbol id="sm-4fe">
         <name>EPD_frame_newImg</name>
         <value>0x8dce</value>
         <object_component_ref idref="oc-520"/>
      </symbol>
      <symbol id="sm-4ff">
         <name>cog</name>
         <value>0x936e</value>
         <object_component_ref idref="oc-51d"/>
      </symbol>
      <symbol id="sm-500">
         <name>EPD_power_off</name>
         <value>0x874e</value>
         <object_component_ref idref="oc-526"/>
      </symbol>
      <symbol id="sm-501">
         <name>EPD_initialize_driver</name>
         <value>0x8664</value>
         <object_component_ref idref="oc-57f"/>
      </symbol>
      <symbol id="sm-502">
         <name>EPD_frame_fixed</name>
         <value>0x913c</value>
         <object_component_ref idref="oc-588"/>
      </symbol>
      <symbol id="sm-503">
         <name>EPD_line</name>
         <value>0x81de</value>
         <object_component_ref idref="oc-58e"/>
      </symbol>
      <symbol id="sm-504">
         <name>EPD_power_init</name>
         <value>0x9342</value>
         <object_component_ref idref="oc-517"/>
      </symbol>
      <symbol id="sm-51c">
         <name>initFRAM</name>
         <value>0x9324</value>
         <object_component_ref idref="oc-3e9"/>
      </symbol>
      <symbol id="sm-51d">
         <name>FRAM_Sleep</name>
         <value>0x9388</value>
         <object_component_ref idref="oc-4e1"/>
      </symbol>
      <symbol id="sm-51e">
         <name>SPI_FRAM_Enter_Sleep</name>
         <value>0x9304</value>
         <object_component_ref idref="oc-486"/>
      </symbol>
      <symbol id="sm-581">
         <name>gpRxBuf</name>
         <value>0x1924</value>
      </symbol>
      <symbol id="sm-582">
         <name>epd_spi_send</name>
         <value>0x88a6</value>
         <object_component_ref idref="oc-5bf"/>
      </symbol>
      <symbol id="sm-583">
         <name>SPI_put_wait</name>
         <value>0x9188</value>
         <object_component_ref idref="oc-5ca"/>
      </symbol>
      <symbol id="sm-584">
         <name>__TI_int45</name>
         <value>0xffda</value>
         <object_component_ref idref="oc-79"/>
      </symbol>
      <symbol id="sm-585">
         <name>SPI_READ</name>
         <value>0x8bc0</value>
         <object_component_ref idref="oc-5b9"/>
      </symbol>
      <symbol id="sm-586">
         <name>SPI_ISR</name>
         <value>0x8d2a</value>
         <object_component_ref idref="oc-320"/>
      </symbol>
      <symbol id="sm-587">
         <name>epd_spi_send_byte</name>
         <value>0x8b60</value>
         <object_component_ref idref="oc-595"/>
      </symbol>
      <symbol id="sm-588">
         <name>SPI_SlaveOff</name>
         <value>0x8d7e</value>
         <object_component_ref idref="oc-4ee"/>
      </symbol>
      <symbol id="sm-589">
         <name>SPI_transaction</name>
         <value>0x9036</value>
         <object_component_ref idref="oc-490"/>
      </symbol>
      <symbol id="sm-58a">
         <name>SPI_SlaveOn</name>
         <value>0x910c</value>
         <object_component_ref idref="oc-4e8"/>
      </symbol>
      <symbol id="sm-58b">
         <name>SPI_initialize</name>
         <value>0x8e66</value>
         <object_component_ref idref="oc-3e3"/>
      </symbol>
      <symbol id="sm-5c9">
         <name>timeout_halt</name>
         <value>0x9330</value>
         <object_component_ref idref="oc-54a"/>
      </symbol>
      <symbol id="sm-5ca">
         <name>timeout_init</name>
         <value>0x92f2</value>
         <object_component_ref idref="oc-544"/>
      </symbol>
      <symbol id="sm-5cb">
         <name>delay_us</name>
         <value>0x91aa</value>
         <object_component_ref idref="oc-551"/>
      </symbol>
      <symbol id="sm-5cc">
         <name>__TI_int49</name>
         <value>0xffe2</value>
         <object_component_ref idref="oc-7d"/>
      </symbol>
      <symbol id="sm-5cd">
         <name>__TI_int44</name>
         <value>0xffd8</value>
         <object_component_ref idref="oc-78"/>
      </symbol>
      <symbol id="sm-5ce">
         <name>timeTrackingISR</name>
         <value>0x8f7a</value>
         <object_component_ref idref="oc-331"/>
      </symbol>
      <symbol id="sm-5cf">
         <name>__TI_int53</name>
         <value>0xffea</value>
         <object_component_ref idref="oc-81"/>
      </symbol>
      <symbol id="sm-5d0">
         <name>lowPowerSleep</name>
         <value>0x91e6</value>
         <object_component_ref idref="oc-480"/>
      </symbol>
      <symbol id="sm-5d1">
         <name>timeOutISR</name>
         <value>0x8c1e</value>
         <object_component_ref idref="oc-32b"/>
      </symbol>
      <symbol id="sm-5d2">
         <name>LPM3_TimerISR</name>
         <value>0x926e</value>
         <object_component_ref idref="oc-31a"/>
      </symbol>
      <symbol id="sm-5da">
         <name>_stack</name>
         <value>0x3390</value>
         <object_component_ref idref="oc-2f6"/>
      </symbol>
      <symbol id="sm-5db">
         <name>_reset_vector</name>
         <value>0xfffe</value>
         <object_component_ref idref="oc-2f9"/>
      </symbol>
      <symbol id="sm-5e5">
         <name>_c_int00_noargs_noexit</name>
         <value>0x923c</value>
         <object_component_ref idref="oc-a9"/>
      </symbol>
      <symbol id="sm-5fb">
         <name>__TI_decompress_none</name>
         <value>0x92bc</value>
         <object_component_ref idref="oc-69"/>
      </symbol>
      <symbol id="sm-61d">
         <name>__TI_decompress_rle24</name>
         <value>0x9350</value>
         <object_component_ref idref="oc-6f"/>
      </symbol>
      <symbol id="sm-628">
         <name>C$$EXIT</name>
         <value>0x934a</value>
         <object_component_ref idref="oc-36c"/>
      </symbol>
      <symbol id="sm-629">
         <name>abort</name>
         <value>0x934a</value>
         <object_component_ref idref="oc-36c"/>
      </symbol>
      <symbol id="sm-638">
         <name>memcpy</name>
         <value>0x92e0</value>
         <object_component_ref idref="oc-2fa"/>
      </symbol>
      <symbol id="sm-646">
         <name>memset</name>
         <value>0x9282</value>
         <object_component_ref idref="oc-479"/>
      </symbol>
      <symbol id="sm-651">
         <name>__mspabi_mpyi_f5hw</name>
         <value>0x9296</value>
         <object_component_ref idref="oc-434"/>
      </symbol>
      <symbol id="sm-677">
         <name>_auto_init_hold_wdt</name>
         <value>0x892a</value>
         <object_component_ref idref="oc-34a"/>
      </symbol>
      <symbol id="sm-68d">
         <name>copy_in</name>
         <value>0x8c7a</value>
         <object_component_ref idref="oc-3b6"/>
      </symbol>
      <symbol id="sm-696">
         <name>_system_post_cinit</name>
         <value>0x935c</value>
         <object_component_ref idref="oc-3bc"/>
      </symbol>
      <symbol id="sm-698">
         <name>__TI_BINIT_Base</name>
         <value>0x0</value>
      </symbol>
      <symbol id="sm-699">
         <name>__TI_BINIT_Limit</name>
         <value>0x0</value>
      </symbol>
      <symbol id="sm-69a">
         <name>__TI_INITARRAY_Base</name>
         <value>0x0</value>
      </symbol>
      <symbol id="sm-69b">
         <name>__TI_INITARRAY_Limit</name>
         <value>0x0</value>
      </symbol>
   </symbol_table>
   <title>Link errors: red sections failed placement,available memory ranges in purple</title>
</link_info>
